#! /usr/bin/vvp
:ivl_version "12.0 (stable)";
:ivl_delay_selection "TYPICAL";
:vpi_time_precision + 0;
:vpi_module "/usr/lib/x86_64-linux-gnu/ivl/system.vpi";
:vpi_module "/usr/lib/x86_64-linux-gnu/ivl/vhdl_sys.vpi";
:vpi_module "/usr/lib/x86_64-linux-gnu/ivl/vhdl_textio.vpi";
:vpi_module "/usr/lib/x86_64-linux-gnu/ivl/v2005_math.vpi";
:vpi_module "/usr/lib/x86_64-linux-gnu/ivl/va_math.vpi";
:vpi_module "/usr/lib/x86_64-linux-gnu/ivl/v2009.vpi";
S_0x61a52c60da40 .scope package, "$unit" "$unit" 2 1;
 .timescale 0 0;
S_0x61a52c60f010 .scope module, "counter" "counter" 3 1;
 .timescale 0 0;
    .port_info 0 /INPUT 1 "clk";
    .port_info 1 /INPUT 1 "reset";
    .port_info 2 /OUTPUT 32 "count";
P_0x61a52c60f3b0 .param/l "STEP" 0 3 1, +C4<00000000000000000000000000000001>;
P_0x61a52c60f3f0 .param/l "WIDTH" 0 3 1, +C4<00000000000000000000000000100000>;
o0x73151b523018 .functor BUFZ 1, C4<z>; HiZ drive
v0x61a52c58cd20_0 .net "clk", 0 0, o0x73151b523018;  0 drivers
v0x61a52c5b3270_0 .var "count", 31 0;
o0x73151b523078 .functor BUFZ 1, C4<z>; HiZ drive
v0x61a52c663fc0_0 .net "reset", 0 0, o0x73151b523078;  0 drivers
E_0x61a52c5a0340 .event posedge, v0x61a52c58cd20_0;
S_0x61a52c5495e0 .scope module, "register" "register" 4 1;
 .timescale 0 0;
    .port_info 0 /INPUT 1 "clk";
    .port_info 1 /INPUT 1 "reset";
    .port_info 2 /INPUT 32 "d";
    .port_info 3 /OUTPUT 32 "q";
P_0x61a52c549770 .param/l "WIDTH" 0 4 1, +C4<00000000000000000000000000100000>;
o0x73151b523138 .functor BUFZ 1, C4<z>; HiZ drive
v0x61a52c664130_0 .net "clk", 0 0, o0x73151b523138;  0 drivers
o0x73151b523168 .functor BUFZ 32, C4<zzzzzzzzzzzzzzzzzzzzzzzzzzzzzzzz>; HiZ drive
v0x61a52c664210_0 .net "d", 31 0, o0x73151b523168;  0 drivers
v0x61a52c6642f0_0 .var "q", 31 0;
o0x73151b5231c8 .functor BUFZ 1, C4<z>; HiZ drive
v0x61a52c6643e0_0 .net "reset", 0 0, o0x73151b5231c8;  0 drivers
E_0x61a52c5a04c0 .event posedge, v0x61a52c664130_0;
S_0x61a52c5498a0 .scope module, "tb" "tb" 5 4;
 .timescale 0 0;
v0x61a52c66c490_0 .var "clk", 0 0;
v0x61a52c66c580_0 .net "current_instr", 31 0, L_0x61a52c5927e0;  1 drivers
v0x61a52c66c640_0 .var/i "cycles", 31 0;
v0x61a52c66c700_0 .net "halted", 0 0, v0x61a52c66b0a0_0;  1 drivers
v0x61a52c66c7a0_0 .net/s "last_result", 31 0, L_0x61a52c67e1f0;  1 drivers
v0x61a52c66c890_0 .net "pc", 31 0, v0x61a52c66b480_0;  1 drivers
v0x61a52c66c9a0_0 .var "reset", 0 0;
S_0x61a52c664550 .scope module, "dut" "cpu" 5 10, 6 1 0, S_0x61a52c5498a0;
 .timescale 0 0;
    .port_info 0 /INPUT 1 "clk";
    .port_info 1 /INPUT 1 "reset";
    .port_info 2 /OUTPUT 32 "pc";
    .port_info 3 /OUTPUT 32 "current_instr";
    .port_info 4 /OUTPUT 32 "last_result";
    .port_info 5 /OUTPUT 1 "halted";
L_0x61a52c67dfb0 .functor AND 1, v0x61a52c666800_0, L_0x61a52c67e3c0, C4<1>, C4<1>;
L_0x61a52c67e5e0 .functor AND 1, v0x61a52c6668a0_0, L_0x61a52c67e500, C4<1>, C4<1>;
L_0x61a52c67e6f0 .functor OR 1, L_0x61a52c67dfb0, L_0x61a52c67e5e0, C4<0>, C4<0>;
L_0x61a52c67e8f0 .functor AND 1, v0x61a52c6671d0_0, L_0x61a52c67e800, C4<1>, C4<1>;
L_0x61a52c67eb40 .functor AND 1, L_0x61a52c67e8f0, L_0x61a52c67ea00, C4<1>, C4<1>;
L_0x61a52c67ed40 .functor AND 1, L_0x61a52c67eb40, L_0x61a52c67ec50, C4<1>, C4<1>;
v0x61a52c669e40_0 .net *"_ivl_12", 0 0, L_0x61a52c67e3c0;  1 drivers
v0x61a52c669f20_0 .net *"_ivl_15", 0 0, L_0x61a52c67dfb0;  1 drivers
v0x61a52c669fe0_0 .net *"_ivl_16", 0 0, L_0x61a52c67e500;  1 drivers
v0x61a52c66a0b0_0 .net *"_ivl_19", 0 0, L_0x61a52c67e5e0;  1 drivers
v0x61a52c66a170_0 .net *"_ivl_23", 0 0, L_0x61a52c67e800;  1 drivers
v0x61a52c66a230_0 .net *"_ivl_25", 0 0, L_0x61a52c67e8f0;  1 drivers
v0x61a52c66a2f0_0 .net *"_ivl_27", 0 0, L_0x61a52c67ea00;  1 drivers
v0x61a52c66a3b0_0 .net *"_ivl_29", 0 0, L_0x61a52c67eb40;  1 drivers
v0x61a52c66a470_0 .net *"_ivl_31", 0 0, L_0x61a52c67ec50;  1 drivers
L_0x73151b4da330 .functor BUFT 1, C4<00000000000000000000000000000100>, C4<0>, C4<0>, C4<0>;
v0x61a52c66a530_0 .net/2u *"_ivl_4", 31 0, L_0x73151b4da330;  1 drivers
v0x61a52c66a610_0 .net *"_ivl_6", 31 0, L_0x61a52c67df10;  1 drivers
v0x61a52c66a6f0_0 .net *"_ivl_8", 31 0, L_0x61a52c67e0b0;  1 drivers
v0x61a52c66a7d0_0 .net/s "alu_b", 31 0, L_0x61a52c67dbf0;  1 drivers
v0x61a52c66a890_0 .net "alu_op", 3 0, v0x61a52c6666f0_0;  1 drivers
v0x61a52c66a930_0 .net/s "alu_result", 31 0, v0x61a52c6660c0_0;  1 drivers
v0x61a52c66a9f0_0 .net "branch_eq", 0 0, v0x61a52c666800_0;  1 drivers
v0x61a52c66aac0_0 .net "branch_ne", 0 0, v0x61a52c6668a0_0;  1 drivers
v0x61a52c66aca0_0 .net "clk", 0 0, v0x61a52c66c490_0;  1 drivers
v0x61a52c66ad70_0 .net "current_instr", 31 0, L_0x61a52c5927e0;  alias, 1 drivers
v0x61a52c66ae60_0 .net "dot_pred", 0 0, v0x61a52c664e90_0;  1 drivers
v0x61a52c66af00_0 .net/s "dot_result", 31 0, v0x61a52c664be0_0;  1 drivers
v0x61a52c66afd0_0 .net "halt_dec", 0 0, v0x61a52c666b80_0;  1 drivers
v0x61a52c66b0a0_0 .var "halted", 0 0;
v0x61a52c66b140_0 .net/s "imm", 31 0, v0x61a52c666c40_0;  1 drivers
v0x61a52c66b210_0 .net "is_dot", 0 0, v0x61a52c666e00_0;  1 drivers
v0x61a52c66b2e0_0 .net "jump", 0 0, v0x61a52c666f50_0;  1 drivers
v0x61a52c66b3b0_0 .net/s "last_result", 31 0, L_0x61a52c67e1f0;  alias, 1 drivers
v0x61a52c66b480_0 .var "pc", 31 0;
v0x61a52c66b550_0 .net "rd", 4 0, v0x61a52c6670f0_0;  1 drivers
v0x61a52c66b640_0 .net "reg_write", 0 0, v0x61a52c6671d0_0;  1 drivers
v0x61a52c66b6e0_0 .net "reset", 0 0, v0x61a52c66c9a0_0;  1 drivers
v0x61a52c66b780_0 .net "rf_we", 0 0, L_0x61a52c67ed40;  1 drivers
v0x61a52c66b850_0 .net "rs1", 4 0, v0x61a52c667290_0;  1 drivers
v0x61a52c66bb50_0 .net "rs2", 4 0, v0x61a52c667370_0;  1 drivers
v0x61a52c66bc40_0 .net/s "rv1", 31 0, L_0x61a52c67d360;  1 drivers
v0x61a52c66bce0_0 .net "rv1_u", 31 0, L_0x61a52c67d360;  alias, 1 drivers
v0x61a52c66bd80_0 .net/s "rv2", 31 0, L_0x61a52c67da60;  1 drivers
v0x61a52c66be20_0 .net "rv2_u", 31 0, L_0x61a52c67da60;  alias, 1 drivers
v0x61a52c66bec0_0 .net "take_branch", 0 0, L_0x61a52c67e6f0;  1 drivers
v0x61a52c66bf80_0 .net "use_imm", 0 0, v0x61a52c667450_0;  1 drivers
v0x61a52c66c020_0 .net "write_data", 31 0, L_0x61a52c67e1f0;  alias, 1 drivers
v0x61a52c66c110_0 .net "zero", 0 0, L_0x61a52c67dd80;  1 drivers
L_0x61a52c67dbf0 .functor MUXZ 32, L_0x61a52c67da60, v0x61a52c666c40_0, v0x61a52c667450_0, C4<>;
L_0x61a52c67df10 .arith/sum 32, v0x61a52c66b480_0, L_0x73151b4da330;
L_0x61a52c67e0b0 .functor MUXZ 32, v0x61a52c6660c0_0, v0x61a52c664be0_0, v0x61a52c666e00_0, C4<>;
L_0x61a52c67e1f0 .functor MUXZ 32, L_0x61a52c67e0b0, L_0x61a52c67df10, v0x61a52c666f50_0, C4<>;
L_0x61a52c67e3c0 .cmp/eq 32, L_0x61a52c67d360, L_0x61a52c67da60;
L_0x61a52c67e500 .cmp/ne 32, L_0x61a52c67d360, L_0x61a52c67da60;
L_0x61a52c67e800 .reduce/nor v0x61a52c66c9a0_0;
L_0x61a52c67ea00 .reduce/nor v0x61a52c66b0a0_0;
L_0x61a52c67ec50 .reduce/nor v0x61a52c666b80_0;
S_0x61a52c6647f0 .scope module, "acc" "ai_accelerator" 6 40, 7 1 0, S_0x61a52c664550;
 .timescale 0 0;
    .port_info 0 /INPUT 32 "packed_x";
    .port_info 1 /INPUT 32 "packed_w";
    .port_info 2 /INPUT 32 "bias";
    .port_info 3 /OUTPUT 32 "dot";
    .port_info 4 /OUTPUT 1 "prediction";
L_0x73151b4da2e8 .functor BUFT 1, C4<00000000000000000000000000000000>, C4<0>, C4<0>, C4<0>;
v0x61a52c664ae0_0 .net/s "bias", 31 0, L_0x73151b4da2e8;  1 drivers
v0x61a52c664be0_0 .var/s "dot", 31 0;
v0x61a52c664cc0_0 .net "packed_w", 31 0, L_0x61a52c67da60;  alias, 1 drivers
v0x61a52c664db0_0 .net "packed_x", 31 0, L_0x61a52c67d360;  alias, 1 drivers
v0x61a52c664e90_0 .var "prediction", 0 0;
v0x61a52c664fa0_0 .var/s "w0", 7 0;
v0x61a52c665080_0 .var/s "w1", 7 0;
v0x61a52c665160_0 .var/s "w2", 7 0;
v0x61a52c665240_0 .var/s "w3", 7 0;
v0x61a52c665320_0 .var/s "x0", 7 0;
v0x61a52c665400_0 .var/s "x1", 7 0;
v0x61a52c6654e0_0 .var/s "x2", 7 0;
v0x61a52c6655c0_0 .var/s "x3", 7 0;
E_0x61a52c5ec170/0 .event anyedge, v0x61a52c664db0_0, v0x61a52c664db0_0, v0x61a52c664db0_0, v0x61a52c664db0_0;
E_0x61a52c5ec170/1 .event anyedge, v0x61a52c664cc0_0, v0x61a52c664cc0_0, v0x61a52c664cc0_0, v0x61a52c664cc0_0;
E_0x61a52c5ec170/2 .event anyedge, v0x61a52c664ae0_0;
E_0x61a52c5ec170 .event/or E_0x61a52c5ec170/0, E_0x61a52c5ec170/1, E_0x61a52c5ec170/2;
S_0x61a52c665740 .scope module, "alu0" "alu" 6 39, 8 1 0, S_0x61a52c664550;
 .timescale 0 0;
    .port_info 0 /INPUT 32 "a";
    .port_info 1 /INPUT 32 "b";
    .port_info 2 /INPUT 4 "op";
    .port_info 3 /OUTPUT 32 "result";
    .port_info 4 /OUTPUT 1 "zero";
P_0x61a52c5bbc60 .param/l "ALU_ADD" 1 8 8, C4<0000>;
P_0x61a52c5bbca0 .param/l "ALU_AND" 1 8 10, C4<0010>;
P_0x61a52c5bbce0 .param/l "ALU_MUL" 1 8 13, C4<0101>;
P_0x61a52c5bbd20 .param/l "ALU_OR" 1 8 11, C4<0011>;
P_0x61a52c5bbd60 .param/l "ALU_SLT" 1 8 14, C4<0110>;
P_0x61a52c5bbda0 .param/l "ALU_SRA" 1 8 15, C4<0111>;
P_0x61a52c5bbde0 .param/l "ALU_SUB" 1 8 9, C4<0001>;
P_0x61a52c5bbe20 .param/l "ALU_XOR" 1 8 12, C4<0100>;
L_0x73151b4da2a0 .functor BUFT 1, C4<00000000000000000000000000000000>, C4<0>, C4<0>, C4<0>;
v0x61a52c665d20_0 .net/2s *"_ivl_0", 31 0, L_0x73151b4da2a0;  1 drivers
v0x61a52c665e20_0 .net/s "a", 31 0, L_0x61a52c67d360;  alias, 1 drivers
v0x61a52c665f10_0 .net/s "b", 31 0, L_0x61a52c67dbf0;  alias, 1 drivers
v0x61a52c665fe0_0 .net "op", 3 0, v0x61a52c6666f0_0;  alias, 1 drivers
v0x61a52c6660c0_0 .var/s "result", 31 0;
v0x61a52c6661f0_0 .net "zero", 0 0, L_0x61a52c67dd80;  alias, 1 drivers
E_0x61a52c5ec030 .event anyedge, v0x61a52c665fe0_0, v0x61a52c664db0_0, v0x61a52c665f10_0, v0x61a52c665f10_0;
L_0x61a52c67dd80 .cmp/eq 32, v0x61a52c6660c0_0, L_0x73151b4da2a0;
S_0x61a52c666350 .scope module, "dec" "decoder" 6 22, 9 1 0, S_0x61a52c664550;
 .timescale 0 0;
    .port_info 0 /INPUT 32 "instr";
    .port_info 1 /OUTPUT 5 "rs1";
    .port_info 2 /OUTPUT 5 "rs2";
    .port_info 3 /OUTPUT 5 "rd";
    .port_info 4 /OUTPUT 4 "alu_op";
    .port_info 5 /OUTPUT 1 "use_imm";
    .port_info 6 /OUTPUT 1 "reg_write";
    .port_info 7 /OUTPUT 1 "is_dot";
    .port_info 8 /OUTPUT 1 "branch_eq";
    .port_info 9 /OUTPUT 1 "branch_ne";
    .port_info 10 /OUTPUT 1 "jump";
    .port_info 11 /OUTPUT 1 "halt";
    .port_info 12 /OUTPUT 32 "imm";
v0x61a52c6666f0_0 .var "alu_op", 3 0;
v0x61a52c666800_0 .var "branch_eq", 0 0;
v0x61a52c6668a0_0 .var "branch_ne", 0 0;
v0x61a52c666970_0 .var "funct3", 2 0;
v0x61a52c666a50_0 .var "funct7", 6 0;
v0x61a52c666b80_0 .var "halt", 0 0;
v0x61a52c666c40_0 .var/s "imm", 31 0;
v0x61a52c666d20_0 .net "instr", 31 0, L_0x61a52c5927e0;  alias, 1 drivers
v0x61a52c666e00_0 .var "is_dot", 0 0;
v0x61a52c666f50_0 .var "jump", 0 0;
v0x61a52c667010_0 .var "opcode", 6 0;
v0x61a52c6670f0_0 .var "rd", 4 0;
v0x61a52c6671d0_0 .var "reg_write", 0 0;
v0x61a52c667290_0 .var "rs1", 4 0;
v0x61a52c667370_0 .var "rs2", 4 0;
v0x61a52c667450_0 .var "use_imm", 0 0;
E_0x61a52c649130/0 .event anyedge, v0x61a52c666d20_0, v0x61a52c666d20_0, v0x61a52c666d20_0, v0x61a52c666d20_0;
E_0x61a52c649130/1 .event anyedge, v0x61a52c666d20_0, v0x61a52c666d20_0, v0x61a52c666d20_0, v0x61a52c666d20_0;
E_0x61a52c649130/2 .event anyedge, v0x61a52c666d20_0, v0x61a52c666d20_0, v0x61a52c666d20_0, v0x61a52c666d20_0;
E_0x61a52c649130/3 .event anyedge, v0x61a52c666d20_0, v0x61a52c666d20_0, v0x61a52c666d20_0;
E_0x61a52c649130 .event/or E_0x61a52c649130/0, E_0x61a52c649130/1, E_0x61a52c649130/2, E_0x61a52c649130/3;
S_0x61a52c667720 .scope module, "imem" "instruction_memory" 6 20, 10 1 0, S_0x61a52c664550;
 .timescale 0 0;
    .port_info 0 /INPUT 32 "addr";
    .port_info 1 /OUTPUT 32 "instr";
P_0x61a52c6678b0 .param/l "DEPTH" 0 10 2, +C4<00000000000000000000010000000000>;
P_0x61a52c6678f0 .param/l "INDEX_BITS" 1 10 7, +C4<00000000000000000000000000001010>;
L_0x61a52c5927e0 .functor BUFZ 32, L_0x61a52c66ca40, C4<00000000000000000000000000000000>, C4<00000000000000000000000000000000>, C4<00000000000000000000000000000000>;
v0x61a52c667b00_0 .net *"_ivl_0", 31 0, L_0x61a52c66ca40;  1 drivers
v0x61a52c667c00_0 .net *"_ivl_3", 9 0, L_0x61a52c66cae0;  1 drivers
v0x61a52c667ce0_0 .net *"_ivl_4", 11 0, L_0x61a52c66cbb0;  1 drivers
L_0x73151b4da018 .functor BUFT 1, C4<00>, C4<0>, C4<0>, C4<0>;
v0x61a52c667dd0_0 .net *"_ivl_7", 1 0, L_0x73151b4da018;  1 drivers
v0x61a52c667eb0_0 .net "addr", 31 0, v0x61a52c66b480_0;  alias, 1 drivers
v0x61a52c667fe0_0 .var/i "i", 31 0;
v0x61a52c6680c0_0 .net "instr", 31 0, L_0x61a52c5927e0;  alias, 1 drivers
v0x61a52c668180 .array "mem", 1023 0, 31 0;
L_0x61a52c66ca40 .array/port v0x61a52c668180, L_0x61a52c66cbb0;
L_0x61a52c66cae0 .part v0x61a52c66b480_0, 2, 10;
L_0x61a52c66cbb0 .concat [ 10 2 0 0], L_0x61a52c66cae0, L_0x73151b4da018;
S_0x61a52c668280 .scope module, "rf" "register_file" 6 30, 11 1 0, S_0x61a52c664550;
 .timescale 0 0;
    .port_info 0 /INPUT 1 "clk";
    .port_info 1 /INPUT 1 "we";
    .port_info 2 /INPUT 5 "rs1";
    .port_info 3 /INPUT 5 "rs2";
    .port_info 4 /INPUT 5 "rd";
    .port_info 5 /INPUT 32 "wd";
    .port_info 6 /OUTPUT 32 "rv1";
    .port_info 7 /OUTPUT 32 "rv2";
v0x61a52c668630_0 .net *"_ivl_0", 31 0, L_0x61a52c66cdd0;  1 drivers
v0x61a52c668730_0 .net *"_ivl_10", 31 0, L_0x61a52c67d090;  1 drivers
v0x61a52c668810_0 .net *"_ivl_12", 6 0, L_0x61a52c67d160;  1 drivers
L_0x73151b4da138 .functor BUFT 1, C4<00>, C4<0>, C4<0>, C4<0>;
v0x61a52c6688d0_0 .net *"_ivl_15", 1 0, L_0x73151b4da138;  1 drivers
v0x61a52c6689b0_0 .net *"_ivl_18", 31 0, L_0x61a52c67d4f0;  1 drivers
L_0x73151b4da180 .functor BUFT 1, C4<000000000000000000000000000>, C4<0>, C4<0>, C4<0>;
v0x61a52c668ae0_0 .net *"_ivl_21", 26 0, L_0x73151b4da180;  1 drivers
L_0x73151b4da1c8 .functor BUFT 1, C4<00000000000000000000000000000000>, C4<0>, C4<0>, C4<0>;
v0x61a52c668bc0_0 .net/2u *"_ivl_22", 31 0, L_0x73151b4da1c8;  1 drivers
v0x61a52c668ca0_0 .net *"_ivl_24", 0 0, L_0x61a52c67d620;  1 drivers
L_0x73151b4da210 .functor BUFT 1, C4<00000000000000000000000000000000>, C4<0>, C4<0>, C4<0>;
v0x61a52c668d60_0 .net/2u *"_ivl_26", 31 0, L_0x73151b4da210;  1 drivers
v0x61a52c668e40_0 .net *"_ivl_28", 31 0, L_0x61a52c67d760;  1 drivers
L_0x73151b4da060 .functor BUFT 1, C4<000000000000000000000000000>, C4<0>, C4<0>, C4<0>;
v0x61a52c668f20_0 .net *"_ivl_3", 26 0, L_0x73151b4da060;  1 drivers
v0x61a52c669000_0 .net *"_ivl_30", 6 0, L_0x61a52c67d850;  1 drivers
L_0x73151b4da258 .functor BUFT 1, C4<00>, C4<0>, C4<0>, C4<0>;
v0x61a52c6690e0_0 .net *"_ivl_33", 1 0, L_0x73151b4da258;  1 drivers
L_0x73151b4da0a8 .functor BUFT 1, C4<00000000000000000000000000000000>, C4<0>, C4<0>, C4<0>;
v0x61a52c6691c0_0 .net/2u *"_ivl_4", 31 0, L_0x73151b4da0a8;  1 drivers
v0x61a52c6692a0_0 .net *"_ivl_6", 0 0, L_0x61a52c67cf20;  1 drivers
L_0x73151b4da0f0 .functor BUFT 1, C4<00000000000000000000000000000000>, C4<0>, C4<0>, C4<0>;
v0x61a52c669360_0 .net/2u *"_ivl_8", 31 0, L_0x73151b4da0f0;  1 drivers
v0x61a52c669440_0 .net "clk", 0 0, v0x61a52c66c490_0;  alias, 1 drivers
v0x61a52c669610_0 .var/i "i", 31 0;
v0x61a52c6696f0_0 .net "rd", 4 0, v0x61a52c6670f0_0;  alias, 1 drivers
v0x61a52c6697b0 .array "regs", 31 0, 31 0;
v0x61a52c669850_0 .net "rs1", 4 0, v0x61a52c667290_0;  alias, 1 drivers
v0x61a52c669940_0 .net "rs2", 4 0, v0x61a52c667370_0;  alias, 1 drivers
v0x61a52c669a10_0 .net "rv1", 31 0, L_0x61a52c67d360;  alias, 1 drivers
v0x61a52c669ab0_0 .net "rv2", 31 0, L_0x61a52c67da60;  alias, 1 drivers
v0x61a52c669b70_0 .net "wd", 31 0, L_0x61a52c67e1f0;  alias, 1 drivers
v0x61a52c669c30_0 .net "we", 0 0, L_0x61a52c67ed40;  alias, 1 drivers
E_0x61a52c6685d0 .event posedge, v0x61a52c669440_0;
L_0x61a52c66cdd0 .concat [ 5 27 0 0], v0x61a52c667290_0, L_0x73151b4da060;
L_0x61a52c67cf20 .cmp/eq 32, L_0x61a52c66cdd0, L_0x73151b4da0a8;
L_0x61a52c67d090 .array/port v0x61a52c6697b0, L_0x61a52c67d160;
L_0x61a52c67d160 .concat [ 5 2 0 0], v0x61a52c667290_0, L_0x73151b4da138;
L_0x61a52c67d360 .functor MUXZ 32, L_0x61a52c67d090, L_0x73151b4da0f0, L_0x61a52c67cf20, C4<>;
L_0x61a52c67d4f0 .concat [ 5 27 0 0], v0x61a52c667370_0, L_0x73151b4da180;
L_0x61a52c67d620 .cmp/eq 32, L_0x61a52c67d4f0, L_0x73151b4da1c8;
L_0x61a52c67d760 .array/port v0x61a52c6697b0, L_0x61a52c67d850;
L_0x61a52c67d850 .concat [ 5 2 0 0], v0x61a52c667370_0, L_0x73151b4da258;
L_0x61a52c67da60 .functor MUXZ 32, L_0x61a52c67d760, L_0x73151b4da210, L_0x61a52c67d620, C4<>;
S_0x61a52c66c290 .scope task, "tick" "tick" 5 12, 5 12 0, S_0x61a52c5498a0;
 .timescale 0 0;
TD_tb.tick ;
    %delay 1, 0;
    %pushi/vec4 1, 0, 1;
    %store/vec4 v0x61a52c66c490_0, 0, 1;
    %delay 1, 0;
    %pushi/vec4 0, 0, 1;
    %store/vec4 v0x61a52c66c490_0, 0, 1;
    %delay 1, 0;
    %load/vec4 v0x61a52c66c640_0;
    %addi 1, 0, 32;
    %store/vec4 v0x61a52c66c640_0, 0, 32;
    %end;
    .scope S_0x61a52c60f010;
T_1 ;
    %wait E_0x61a52c5a0340;
    %load/vec4 v0x61a52c663fc0_0;
    %flag_set/vec4 8;
    %jmp/0xz  T_1.0, 8;
    %pushi/vec4 0, 0, 32;
    %assign/vec4 v0x61a52c5b3270_0, 0;
    %jmp T_1.1;
T_1.0 ;
    %load/vec4 v0x61a52c5b3270_0;
    %addi 1, 0, 32;
    %assign/vec4 v0x61a52c5b3270_0, 0;
T_1.1 ;
    %jmp T_1;
    .thread T_1;
    .scope S_0x61a52c5495e0;
T_2 ;
    %wait E_0x61a52c5a04c0;
    %load/vec4 v0x61a52c6643e0_0;
    %flag_set/vec4 8;
    %jmp/0xz  T_2.0, 8;
    %pushi/vec4 0, 0, 32;
    %assign/vec4 v0x61a52c6642f0_0, 0;
    %jmp T_2.1;
T_2.0 ;
    %load/vec4 v0x61a52c664210_0;
    %assign/vec4 v0x61a52c6642f0_0, 0;
T_2.1 ;
    %jmp T_2;
    .thread T_2;
    .scope S_0x61a52c667720;
T_3 ;
    %pushi/vec4 0, 0, 32;
    %store/vec4 v0x61a52c667fe0_0, 0, 32;
T_3.0 ;
    %load/vec4 v0x61a52c667fe0_0;
    %cmpi/s 1024, 0, 32;
    %jmp/0xz T_3.1, 5;
    %pushi/vec4 19, 0, 32;
    %ix/getv/s 4, v0x61a52c667fe0_0;
    %store/vec4a v0x61a52c668180, 4, 0;
    %load/vec4 v0x61a52c667fe0_0;
    %addi 1, 0, 32;
    %store/vec4 v0x61a52c667fe0_0, 0, 32;
    %jmp T_3.0;
T_3.1 ;
    %end;
    .thread T_3;
    .scope S_0x61a52c666350;
T_4 ;
Ewait_0 .event/or E_0x61a52c649130, E_0x0;
    %wait Ewait_0;
    %load/vec4 v0x61a52c666d20_0;
    %parti/s 7, 0, 2;
    %store/vec4 v0x61a52c667010_0, 0, 7;
    %load/vec4 v0x61a52c666d20_0;
    %parti/s 5, 7, 4;
    %store/vec4 v0x61a52c6670f0_0, 0, 5;
    %load/vec4 v0x61a52c666d20_0;
    %parti/s 3, 12, 5;
    %store/vec4 v0x61a52c666970_0, 0, 3;
    %load/vec4 v0x61a52c666d20_0;
    %parti/s 5, 15, 5;
    %store/vec4 v0x61a52c667290_0, 0, 5;
    %load/vec4 v0x61a52c666d20_0;
    %parti/s 5, 20, 6;
    %store/vec4 v0x61a52c667370_0, 0, 5;
    %load/vec4 v0x61a52c666d20_0;
    %parti/s 7, 25, 6;
    %store/vec4 v0x61a52c666a50_0, 0, 7;
    %pushi/vec4 0, 0, 4;
    %store/vec4 v0x61a52c6666f0_0, 0, 4;
    %pushi/vec4 0, 0, 1;
    %store/vec4 v0x61a52c667450_0, 0, 1;
    %pushi/vec4 0, 0, 1;
    %store/vec4 v0x61a52c6671d0_0, 0, 1;
    %pushi/vec4 0, 0, 1;
    %store/vec4 v0x61a52c666e00_0, 0, 1;
    %pushi/vec4 0, 0, 1;
    %store/vec4 v0x61a52c666800_0, 0, 1;
    %pushi/vec4 0, 0, 1;
    %store/vec4 v0x61a52c6668a0_0, 0, 1;
    %pushi/vec4 0, 0, 1;
    %store/vec4 v0x61a52c666f50_0, 0, 1;
    %pushi/vec4 0, 0, 1;
    %store/vec4 v0x61a52c666b80_0, 0, 1;
    %pushi/vec4 0, 0, 32;
    %store/vec4 v0x61a52c666c40_0, 0, 32;
    %load/vec4 v0x61a52c666d20_0;
    %cmpi/e 4294967295, 0, 32;
    %jmp/0xz  T_4.0, 4;
    %pushi/vec4 1, 0, 1;
    %store/vec4 v0x61a52c666b80_0, 0, 1;
    %jmp T_4.1;
T_4.0 ;
    %load/vec4 v0x61a52c667010_0;
    %dup/vec4;
    %pushi/vec4 51, 0, 7;
    %cmp/u;
    %jmp/1 T_4.2, 6;
    %dup/vec4;
    %pushi/vec4 19, 0, 7;
    %cmp/u;
    %jmp/1 T_4.3, 6;
    %dup/vec4;
    %pushi/vec4 99, 0, 7;
    %cmp/u;
    %jmp/1 T_4.4, 6;
    %dup/vec4;
    %pushi/vec4 111, 0, 7;
    %cmp/u;
    %jmp/1 T_4.5, 6;
    %dup/vec4;
    %pushi/vec4 11, 0, 7;
    %cmp/u;
    %jmp/1 T_4.6, 6;
    %jmp T_4.8;
T_4.2 ;
    %pushi/vec4 1, 0, 1;
    %store/vec4 v0x61a52c6671d0_0, 0, 1;
    %load/vec4 v0x61a52c666a50_0;
    %load/vec4 v0x61a52c666970_0;
    %concat/vec4; draw_concat_vec4
    %dup/vec4;
    %pushi/vec4 0, 0, 10;
    %cmp/u;
    %jmp/1 T_4.9, 6;
    %dup/vec4;
    %pushi/vec4 256, 0, 10;
    %cmp/u;
    %jmp/1 T_4.10, 6;
    %dup/vec4;
    %pushi/vec4 7, 0, 10;
    %cmp/u;
    %jmp/1 T_4.11, 6;
    %dup/vec4;
    %pushi/vec4 6, 0, 10;
    %cmp/u;
    %jmp/1 T_4.12, 6;
    %dup/vec4;
    %pushi/vec4 4, 0, 10;
    %cmp/u;
    %jmp/1 T_4.13, 6;
    %dup/vec4;
    %pushi/vec4 8, 0, 10;
    %cmp/u;
    %jmp/1 T_4.14, 6;
    %pushi/vec4 0, 0, 4;
    %store/vec4 v0x61a52c6666f0_0, 0, 4;
    %pushi/vec4 0, 0, 1;
    %store/vec4 v0x61a52c6671d0_0, 0, 1;
    %jmp T_4.16;
T_4.9 ;
    %pushi/vec4 0, 0, 4;
    %store/vec4 v0x61a52c6666f0_0, 0, 4;
    %jmp T_4.16;
T_4.10 ;
    %pushi/vec4 1, 0, 4;
    %store/vec4 v0x61a52c6666f0_0, 0, 4;
    %jmp T_4.16;
T_4.11 ;
    %pushi/vec4 2, 0, 4;
    %store/vec4 v0x61a52c6666f0_0, 0, 4;
    %jmp T_4.16;
T_4.12 ;
    %pushi/vec4 3, 0, 4;
    %store/vec4 v0x61a52c6666f0_0, 0, 4;
    %jmp T_4.16;
T_4.13 ;
    %pushi/vec4 4, 0, 4;
    %store/vec4 v0x61a52c6666f0_0, 0, 4;
    %jmp T_4.16;
T_4.14 ;
    %pushi/vec4 5, 0, 4;
    %store/vec4 v0x61a52c6666f0_0, 0, 4;
    %jmp T_4.16;
T_4.16 ;
    %pop/vec4 1;
    %jmp T_4.8;
T_4.3 ;
    %load/vec4 v0x61a52c666d20_0;
    %parti/s 1, 31, 6;
    %replicate 20;
    %load/vec4 v0x61a52c666d20_0;
    %parti/s 12, 20, 6;
    %concat/vec4; draw_concat_vec4
    %store/vec4 v0x61a52c666c40_0, 0, 32;
    %load/vec4 v0x61a52c666970_0;
    %dup/vec4;
    %pushi/vec4 0, 0, 3;
    %cmp/u;
    %jmp/1 T_4.17, 6;
    %dup/vec4;
    %pushi/vec4 2, 0, 3;
    %cmp/u;
    %jmp/1 T_4.18, 6;
    %dup/vec4;
    %pushi/vec4 5, 0, 3;
    %cmp/u;
    %jmp/1 T_4.19, 6;
    %jmp T_4.21;
T_4.17 ;
    %pushi/vec4 0, 0, 4;
    %store/vec4 v0x61a52c6666f0_0, 0, 4;
    %pushi/vec4 1, 0, 1;
    %store/vec4 v0x61a52c667450_0, 0, 1;
    %pushi/vec4 1, 0, 1;
    %store/vec4 v0x61a52c6671d0_0, 0, 1;
    %jmp T_4.21;
T_4.18 ;
    %pushi/vec4 6, 0, 4;
    %store/vec4 v0x61a52c6666f0_0, 0, 4;
    %pushi/vec4 1, 0, 1;
    %store/vec4 v0x61a52c667450_0, 0, 1;
    %pushi/vec4 1, 0, 1;
    %store/vec4 v0x61a52c6671d0_0, 0, 1;
    %jmp T_4.21;
T_4.19 ;
    %pushi/vec4 7, 0, 4;
    %store/vec4 v0x61a52c6666f0_0, 0, 4;
    %pushi/vec4 1, 0, 1;
    %store/vec4 v0x61a52c667450_0, 0, 1;
    %pushi/vec4 1, 0, 1;
    %store/vec4 v0x61a52c6671d0_0, 0, 1;
    %pushi/vec4 0, 0, 27;
    %load/vec4 v0x61a52c666d20_0;
    %parti/s 5, 20, 6;
    %concat/vec4; draw_concat_vec4
    %store/vec4 v0x61a52c666c40_0, 0, 32;
    %jmp T_4.21;
T_4.21 ;
    %pop/vec4 1;
    %jmp T_4.8;
T_4.4 ;
    %load/vec4 v0x61a52c666d20_0;
    %parti/s 1, 31, 6;
    %replicate 19;
    %load/vec4 v0x61a52c666d20_0;
    %parti/s 1, 31, 6;
    %concat/vec4; draw_concat_vec4
    %load/vec4 v0x61a52c666d20_0;
    %parti/s 1, 7, 4;
    %concat/vec4; draw_concat_vec4
    %load/vec4 v0x61a52c666d20_0;
    %parti/s 6, 25, 6;
    %concat/vec4; draw_concat_vec4
    %load/vec4 v0x61a52c666d20_0;
    %parti/s 4, 8, 5;
    %concat/vec4; draw_concat_vec4
    %concati/vec4 0, 0, 1;
    %store/vec4 v0x61a52c666c40_0, 0, 32;
    %load/vec4 v0x61a52c666970_0;
    %dup/vec4;
    %pushi/vec4 0, 0, 3;
    %cmp/u;
    %jmp/1 T_4.22, 6;
    %dup/vec4;
    %pushi/vec4 1, 0, 3;
    %cmp/u;
    %jmp/1 T_4.23, 6;
    %jmp T_4.25;
T_4.22 ;
    %pushi/vec4 1, 0, 1;
    %store/vec4 v0x61a52c666800_0, 0, 1;
    %jmp T_4.25;
T_4.23 ;
    %pushi/vec4 1, 0, 1;
    %store/vec4 v0x61a52c6668a0_0, 0, 1;
    %jmp T_4.25;
T_4.25 ;
    %pop/vec4 1;
    %jmp T_4.8;
T_4.5 ;
    %load/vec4 v0x61a52c666d20_0;
    %parti/s 1, 31, 6;
    %replicate 11;
    %load/vec4 v0x61a52c666d20_0;
    %parti/s 1, 31, 6;
    %concat/vec4; draw_concat_vec4
    %load/vec4 v0x61a52c666d20_0;
    %parti/s 8, 12, 5;
    %concat/vec4; draw_concat_vec4
    %load/vec4 v0x61a52c666d20_0;
    %parti/s 1, 20, 6;
    %concat/vec4; draw_concat_vec4
    %load/vec4 v0x61a52c666d20_0;
    %parti/s 10, 21, 6;
    %concat/vec4; draw_concat_vec4
    %concati/vec4 0, 0, 1;
    %store/vec4 v0x61a52c666c40_0, 0, 32;
    %pushi/vec4 1, 0, 1;
    %store/vec4 v0x61a52c666f50_0, 0, 1;
    %load/vec4 v0x61a52c6670f0_0;
    %pushi/vec4 0, 0, 5;
    %cmp/ne;
    %flag_get/vec4 4;
    %store/vec4 v0x61a52c6671d0_0, 0, 1;
    %jmp T_4.8;
T_4.6 ;
    %pushi/vec4 1, 0, 1;
    %store/vec4 v0x61a52c666e00_0, 0, 1;
    %pushi/vec4 1, 0, 1;
    %store/vec4 v0x61a52c6671d0_0, 0, 1;
    %jmp T_4.8;
T_4.8 ;
    %pop/vec4 1;
T_4.1 ;
    %jmp T_4;
    .thread T_4, $push;
    .scope S_0x61a52c668280;
T_5 ;
    %pushi/vec4 0, 0, 32;
    %store/vec4 v0x61a52c669610_0, 0, 32;
T_5.0 ;
    %load/vec4 v0x61a52c669610_0;
    %cmpi/s 32, 0, 32;
    %jmp/0xz T_5.1, 5;
    %pushi/vec4 0, 0, 32;
    %ix/getv/s 4, v0x61a52c669610_0;
    %store/vec4a v0x61a52c6697b0, 4, 0;
    %load/vec4 v0x61a52c669610_0;
    %addi 1, 0, 32;
    %store/vec4 v0x61a52c669610_0, 0, 32;
    %jmp T_5.0;
T_5.1 ;
    %end;
    .thread T_5;
    .scope S_0x61a52c668280;
T_6 ;
    %wait E_0x61a52c6685d0;
    %load/vec4 v0x61a52c669c30_0;
    %flag_set/vec4 9;
    %flag_get/vec4 9;
    %jmp/0 T_6.2, 9;
    %load/vec4 v0x61a52c6696f0_0;
    %pad/u 32;
    %pushi/vec4 0, 0, 32;
    %cmp/ne;
    %flag_get/vec4 4;
    %and;
T_6.2;
    %flag_set/vec4 8;
    %jmp/0xz  T_6.0, 8;
    %load/vec4 v0x61a52c669b70_0;
    %load/vec4 v0x61a52c6696f0_0;
    %pad/u 7;
    %ix/vec4 3;
    %ix/load 4, 0, 0; Constant delay
    %assign/vec4/a/d v0x61a52c6697b0, 0, 4;
T_6.0 ;
    %pushi/vec4 0, 0, 32;
    %ix/load 3, 0, 0;
    %flag_set/imm 4, 0;
    %ix/load 4, 0, 0; Constant delay
    %assign/vec4/a/d v0x61a52c6697b0, 0, 4;
    %jmp T_6;
    .thread T_6;
    .scope S_0x61a52c665740;
T_7 ;
Ewait_1 .event/or E_0x61a52c5ec030, E_0x0;
    %wait Ewait_1;
    %load/vec4 v0x61a52c665fe0_0;
    %dup/vec4;
    %pushi/vec4 0, 0, 4;
    %cmp/u;
    %jmp/1 T_7.0, 6;
    %dup/vec4;
    %pushi/vec4 1, 0, 4;
    %cmp/u;
    %jmp/1 T_7.1, 6;
    %dup/vec4;
    %pushi/vec4 2, 0, 4;
    %cmp/u;
    %jmp/1 T_7.2, 6;
    %dup/vec4;
    %pushi/vec4 3, 0, 4;
    %cmp/u;
    %jmp/1 T_7.3, 6;
    %dup/vec4;
    %pushi/vec4 4, 0, 4;
    %cmp/u;
    %jmp/1 T_7.4, 6;
    %dup/vec4;
    %pushi/vec4 5, 0, 4;
    %cmp/u;
    %jmp/1 T_7.5, 6;
    %dup/vec4;
    %pushi/vec4 6, 0, 4;
    %cmp/u;
    %jmp/1 T_7.6, 6;
    %dup/vec4;
    %pushi/vec4 7, 0, 4;
    %cmp/u;
    %jmp/1 T_7.7, 6;
    %pushi/vec4 0, 0, 32;
    %store/vec4 v0x61a52c6660c0_0, 0, 32;
    %jmp T_7.9;
T_7.0 ;
    %load/vec4 v0x61a52c665e20_0;
    %load/vec4 v0x61a52c665f10_0;
    %add;
    %store/vec4 v0x61a52c6660c0_0, 0, 32;
    %jmp T_7.9;
T_7.1 ;
    %load/vec4 v0x61a52c665e20_0;
    %load/vec4 v0x61a52c665f10_0;
    %sub;
    %store/vec4 v0x61a52c6660c0_0, 0, 32;
    %jmp T_7.9;
T_7.2 ;
    %load/vec4 v0x61a52c665e20_0;
    %load/vec4 v0x61a52c665f10_0;
    %and;
    %store/vec4 v0x61a52c6660c0_0, 0, 32;
    %jmp T_7.9;
T_7.3 ;
    %load/vec4 v0x61a52c665e20_0;
    %load/vec4 v0x61a52c665f10_0;
    %or;
    %store/vec4 v0x61a52c6660c0_0, 0, 32;
    %jmp T_7.9;
T_7.4 ;
    %load/vec4 v0x61a52c665e20_0;
    %load/vec4 v0x61a52c665f10_0;
    %xor;
    %store/vec4 v0x61a52c6660c0_0, 0, 32;
    %jmp T_7.9;
T_7.5 ;
    %load/vec4 v0x61a52c665e20_0;
    %load/vec4 v0x61a52c665f10_0;
    %mul;
    %store/vec4 v0x61a52c6660c0_0, 0, 32;
    %jmp T_7.9;
T_7.6 ;
    %load/vec4 v0x61a52c665e20_0;
    %load/vec4 v0x61a52c665f10_0;
    %cmp/s;
    %flag_mov 8, 5;
    %jmp/0 T_7.10, 8;
    %pushi/vec4 1, 0, 32;
    %jmp/1 T_7.11, 8;
T_7.10 ; End of true expr.
    %pushi/vec4 0, 0, 32;
    %jmp/0 T_7.11, 8;
 ; End of false expr.
    %blend;
T_7.11;
    %store/vec4 v0x61a52c6660c0_0, 0, 32;
    %jmp T_7.9;
T_7.7 ;
    %load/vec4 v0x61a52c665e20_0;
    %load/vec4 v0x61a52c665f10_0;
    %parti/s 5, 0, 2;
    %ix/vec4 4;
    %shiftr/s 4;
    %store/vec4 v0x61a52c6660c0_0, 0, 32;
    %jmp T_7.9;
T_7.9 ;
    %pop/vec4 1;
    %jmp T_7;
    .thread T_7, $push;
    .scope S_0x61a52c6647f0;
T_8 ;
Ewait_2 .event/or E_0x61a52c5ec170, E_0x0;
    %wait Ewait_2;
    %load/vec4 v0x61a52c664db0_0;
    %parti/s 8, 0, 2;
    %store/vec4 v0x61a52c665320_0, 0, 8;
    %load/vec4 v0x61a52c664db0_0;
    %parti/s 8, 8, 5;
    %store/vec4 v0x61a52c665400_0, 0, 8;
    %load/vec4 v0x61a52c664db0_0;
    %parti/s 8, 16, 6;
    %store/vec4 v0x61a52c6654e0_0, 0, 8;
    %load/vec4 v0x61a52c664db0_0;
    %parti/s 8, 24, 6;
    %store/vec4 v0x61a52c6655c0_0, 0, 8;
    %load/vec4 v0x61a52c664cc0_0;
    %parti/s 8, 0, 2;
    %store/vec4 v0x61a52c664fa0_0, 0, 8;
    %load/vec4 v0x61a52c664cc0_0;
    %parti/s 8, 8, 5;
    %store/vec4 v0x61a52c665080_0, 0, 8;
    %load/vec4 v0x61a52c664cc0_0;
    %parti/s 8, 16, 6;
    %store/vec4 v0x61a52c665160_0, 0, 8;
    %load/vec4 v0x61a52c664cc0_0;
    %parti/s 8, 24, 6;
    %store/vec4 v0x61a52c665240_0, 0, 8;
    %load/vec4 v0x61a52c665320_0;
    %pad/s 32;
    %load/vec4 v0x61a52c664fa0_0;
    %pad/s 32;
    %mul;
    %load/vec4 v0x61a52c665400_0;
    %pad/s 32;
    %load/vec4 v0x61a52c665080_0;
    %pad/s 32;
    %mul;
    %add;
    %load/vec4 v0x61a52c6654e0_0;
    %pad/s 32;
    %load/vec4 v0x61a52c665160_0;
    %pad/s 32;
    %mul;
    %add;
    %load/vec4 v0x61a52c6655c0_0;
    %pad/s 32;
    %load/vec4 v0x61a52c665240_0;
    %pad/s 32;
    %mul;
    %add;
    %load/vec4 v0x61a52c664ae0_0;
    %add;
    %store/vec4 v0x61a52c664be0_0, 0, 32;
    %pushi/vec4 0, 0, 32;
    %load/vec4 v0x61a52c664be0_0;
    %cmp/s;
    %flag_get/vec4 4;
    %flag_get/vec4 5;
    %or;
    %store/vec4 v0x61a52c664e90_0, 0, 1;
    %jmp T_8;
    .thread T_8, $push;
    .scope S_0x61a52c664550;
T_9 ;
    %wait E_0x61a52c6685d0;
    %load/vec4 v0x61a52c66b6e0_0;
    %flag_set/vec4 8;
    %jmp/0xz  T_9.0, 8;
    %pushi/vec4 0, 0, 32;
    %assign/vec4 v0x61a52c66b480_0, 0;
    %pushi/vec4 0, 0, 1;
    %assign/vec4 v0x61a52c66b0a0_0, 0;
    %jmp T_9.1;
T_9.0 ;
    %load/vec4 v0x61a52c66b0a0_0;
    %nor/r;
    %flag_set/vec4 8;
    %jmp/0xz  T_9.2, 8;
    %load/vec4 v0x61a52c66afd0_0;
    %flag_set/vec4 8;
    %jmp/0xz  T_9.4, 8;
    %pushi/vec4 1, 0, 1;
    %assign/vec4 v0x61a52c66b0a0_0, 0;
    %load/vec4 v0x61a52c66b480_0;
    %assign/vec4 v0x61a52c66b480_0, 0;
    %jmp T_9.5;
T_9.4 ;
    %load/vec4 v0x61a52c66b2e0_0;
    %flag_set/vec4 8;
    %jmp/0xz  T_9.6, 8;
    %load/vec4 v0x61a52c66b480_0;
    %load/vec4 v0x61a52c66b140_0;
    %add;
    %assign/vec4 v0x61a52c66b480_0, 0;
    %jmp T_9.7;
T_9.6 ;
    %load/vec4 v0x61a52c66bec0_0;
    %flag_set/vec4 8;
    %jmp/0xz  T_9.8, 8;
    %load/vec4 v0x61a52c66b480_0;
    %load/vec4 v0x61a52c66b140_0;
    %add;
    %assign/vec4 v0x61a52c66b480_0, 0;
    %jmp T_9.9;
T_9.8 ;
    %load/vec4 v0x61a52c66b480_0;
    %addi 4, 0, 32;
    %assign/vec4 v0x61a52c66b480_0, 0;
T_9.9 ;
T_9.7 ;
T_9.5 ;
T_9.2 ;
T_9.1 ;
    %jmp T_9;
    .thread T_9;
    .scope S_0x61a52c5498a0;
T_10 ;
    %pushi/vec4 0, 0, 1;
    %store/vec4 v0x61a52c66c490_0, 0, 1;
    %pushi/vec4 1, 0, 1;
    %store/vec4 v0x61a52c66c9a0_0, 0, 1;
    %pushi/vec4 0, 0, 32;
    %store/vec4 v0x61a52c66c640_0, 0, 32;
    %end;
    .thread T_10, $init;
    .scope S_0x61a52c5498a0;
T_11 ;
    %pushi/vec4 9437331, 0, 32;
    %ix/load 4, 0, 0;
    %flag_set/imm 4, 0;
    %store/vec4a v0x61a52c668180, 4, 0;
    %pushi/vec4 4229955859, 0, 32;
    %ix/load 4, 1, 0;
    %flag_set/imm 4, 0;
    %store/vec4a v0x61a52c668180, 4, 0;
    %pushi/vec4 4276093331, 0, 32;
    %ix/load 4, 2, 0;
    %flag_set/imm 4, 0;
    %store/vec4a v0x61a52c668180, 4, 0;
    %pushi/vec4 59769363, 0, 32;
    %ix/load 4, 3, 0;
    %flag_set/imm 4, 0;
    %store/vec4a v0x61a52c668180, 4, 0;
    %pushi/vec4 3219, 0, 32;
    %ix/load 4, 4, 0;
    %flag_set/imm 4, 0;
    %store/vec4a v0x61a52c668180, 4, 0;
    %pushi/vec4 4293963539, 0, 32;
    %ix/load 4, 5, 0;
    %flag_set/imm 4, 0;
    %store/vec4a v0x61a52c668180, 4, 0;
    %pushi/vec4 988259, 0, 32;
    %ix/load 4, 6, 0;
    %flag_set/imm 4, 0;
    %store/vec4a v0x61a52c668180, 4, 0;
    %pushi/vec4 167772271, 0, 32;
    %ix/load 4, 7, 0;
    %flag_set/imm 4, 0;
    %store/vec4a v0x61a52c668180, 4, 0;
    %pushi/vec4 4284526355, 0, 32;
    %ix/load 4, 8, 0;
    %flag_set/imm 4, 0;
    %store/vec4a v0x61a52c668180, 4, 0;
    %pushi/vec4 988259, 0, 32;
    %ix/load 4, 9, 0;
    %flag_set/imm 4, 0;
    %store/vec4a v0x61a52c668180, 4, 0;
    %pushi/vec4 67108975, 0, 32;
    %ix/load 4, 10, 0;
    %flag_set/imm 4, 0;
    %store/vec4a v0x61a52c668180, 4, 0;
    %pushi/vec4 48312083, 0, 32;
    %ix/load 4, 11, 0;
    %flag_set/imm 4, 0;
    %store/vec4a v0x61a52c668180, 4, 0;
    %pushi/vec4 988259, 0, 32;
    %ix/load 4, 12, 0;
    %flag_set/imm 4, 0;
    %store/vec4a v0x61a52c668180, 4, 0;
    %pushi/vec4 41943151, 0, 32;
    %ix/load 4, 13, 0;
    %flag_set/imm 4, 0;
    %store/vec4a v0x61a52c668180, 4, 0;
    %pushi/vec4 4275089171, 0, 32;
    %ix/load 4, 14, 0;
    %flag_set/imm 4, 0;
    %store/vec4a v0x61a52c668180, 4, 0;
    %pushi/vec4 988259, 0, 32;
    %ix/load 4, 15, 0;
    %flag_set/imm 4, 0;
    %store/vec4a v0x61a52c668180, 4, 0;
    %pushi/vec4 16777327, 0, 32;
    %ix/load 4, 16, 0;
    %flag_set/imm 4, 0;
    %store/vec4a v0x61a52c668180, 4, 0;
    %pushi/vec4 1052563, 0, 32;
    %ix/load 4, 17, 0;
    %flag_set/imm 4, 0;
    %store/vec4a v0x61a52c668180, 4, 0;
    %pushi/vec4 33328307, 0, 32;
    %ix/load 4, 18, 0;
    %flag_set/imm 4, 0;
    %store/vec4a v0x61a52c668180, 4, 0;
    %pushi/vec4 205521007, 0, 32;
    %ix/load 4, 19, 0;
    %flag_set/imm 4, 0;
    %store/vec4a v0x61a52c668180, 4, 0;
    %pushi/vec4 1052563, 0, 32;
    %ix/load 4, 20, 0;
    %flag_set/imm 4, 0;
    %store/vec4a v0x61a52c668180, 4, 0;
    %pushi/vec4 33328307, 0, 32;
    %ix/load 4, 21, 0;
    %flag_set/imm 4, 0;
    %store/vec4a v0x61a52c668180, 4, 0;
    %pushi/vec4 192938095, 0, 32;
    %ix/load 4, 22, 0;
    %flag_set/imm 4, 0;
    %store/vec4a v0x61a52c668180, 4, 0;
    %pushi/vec4 1052563, 0, 32;
    %ix/load 4, 23, 0;
    %flag_set/imm 4, 0;
    %store/vec4a v0x61a52c668180, 4, 0;
    %pushi/vec4 33328307, 0, 32;
    %ix/load 4, 24, 0;
    %flag_set/imm 4, 0;
    %store/vec4a v0x61a52c668180, 4, 0;
    %pushi/vec4 180355183, 0, 32;
    %ix/load 4, 25, 0;
    %flag_set/imm 4, 0;
    %store/vec4a v0x61a52c668180, 4, 0;
    %pushi/vec4 4281478931, 0, 32;
    %ix/load 4, 26, 0;
    %flag_set/imm 4, 0;
    %store/vec4a v0x61a52c668180, 4, 0;
    %pushi/vec4 988259, 0, 32;
    %ix/load 4, 27, 0;
    %flag_set/imm 4, 0;
    %store/vec4a v0x61a52c668180, 4, 0;
    %pushi/vec4 41943151, 0, 32;
    %ix/load 4, 28, 0;
    %flag_set/imm 4, 0;
    %store/vec4a v0x61a52c668180, 4, 0;
    %pushi/vec4 41004819, 0, 32;
    %ix/load 4, 29, 0;
    %flag_set/imm 4, 0;
    %store/vec4a v0x61a52c668180, 4, 0;
    %pushi/vec4 988259, 0, 32;
    %ix/load 4, 30, 0;
    %flag_set/imm 4, 0;
    %store/vec4a v0x61a52c668180, 4, 0;
    %pushi/vec4 16777327, 0, 32;
    %ix/load 4, 31, 0;
    %flag_set/imm 4, 0;
    %store/vec4a v0x61a52c668180, 4, 0;
    %pushi/vec4 1052563, 0, 32;
    %ix/load 4, 32, 0;
    %flag_set/imm 4, 0;
    %store/vec4a v0x61a52c668180, 4, 0;
    %pushi/vec4 33328307, 0, 32;
    %ix/load 4, 33, 0;
    %flag_set/imm 4, 0;
    %store/vec4a v0x61a52c668180, 4, 0;
    %pushi/vec4 142606447, 0, 32;
    %ix/load 4, 34, 0;
    %flag_set/imm 4, 0;
    %store/vec4a v0x61a52c668180, 4, 0;
    %pushi/vec4 1052563, 0, 32;
    %ix/load 4, 35, 0;
    %flag_set/imm 4, 0;
    %store/vec4a v0x61a52c668180, 4, 0;
    %pushi/vec4 33328307, 0, 32;
    %ix/load 4, 36, 0;
    %flag_set/imm 4, 0;
    %store/vec4a v0x61a52c668180, 4, 0;
    %pushi/vec4 130023535, 0, 32;
    %ix/load 4, 37, 0;
    %flag_set/imm 4, 0;
    %store/vec4a v0x61a52c668180, 4, 0;
    %pushi/vec4 4284559123, 0, 32;
    %ix/load 4, 38, 0;
    %flag_set/imm 4, 0;
    %store/vec4a v0x61a52c668180, 4, 0;
    %pushi/vec4 988259, 0, 32;
    %ix/load 4, 39, 0;
    %flag_set/imm 4, 0;
    %store/vec4a v0x61a52c668180, 4, 0;
    %pushi/vec4 16777327, 0, 32;
    %ix/load 4, 40, 0;
    %flag_set/imm 4, 0;
    %store/vec4a v0x61a52c668180, 4, 0;
    %pushi/vec4 3987, 0, 32;
    %ix/load 4, 41, 0;
    %flag_set/imm 4, 0;
    %store/vec4a v0x61a52c668180, 4, 0;
    %pushi/vec4 33328307, 0, 32;
    %ix/load 4, 42, 0;
    %flag_set/imm 4, 0;
    %store/vec4a v0x61a52c668180, 4, 0;
    %pushi/vec4 104857711, 0, 32;
    %ix/load 4, 43, 0;
    %flag_set/imm 4, 0;
    %store/vec4a v0x61a52c668180, 4, 0;
    %pushi/vec4 3987, 0, 32;
    %ix/load 4, 44, 0;
    %flag_set/imm 4, 0;
    %store/vec4a v0x61a52c668180, 4, 0;
    %pushi/vec4 33328307, 0, 32;
    %ix/load 4, 45, 0;
    %flag_set/imm 4, 0;
    %store/vec4a v0x61a52c668180, 4, 0;
    %pushi/vec4 92274799, 0, 32;
    %ix/load 4, 46, 0;
    %flag_set/imm 4, 0;
    %store/vec4a v0x61a52c668180, 4, 0;
    %pushi/vec4 18984723, 0, 32;
    %ix/load 4, 47, 0;
    %flag_set/imm 4, 0;
    %store/vec4a v0x61a52c668180, 4, 0;
    %pushi/vec4 988259, 0, 32;
    %ix/load 4, 48, 0;
    %flag_set/imm 4, 0;
    %store/vec4a v0x61a52c668180, 4, 0;
    %pushi/vec4 67108975, 0, 32;
    %ix/load 4, 49, 0;
    %flag_set/imm 4, 0;
    %store/vec4a v0x61a52c668180, 4, 0;
    %pushi/vec4 4256247571, 0, 32;
    %ix/load 4, 50, 0;
    %flag_set/imm 4, 0;
    %store/vec4a v0x61a52c668180, 4, 0;
    %pushi/vec4 988259, 0, 32;
    %ix/load 4, 51, 0;
    %flag_set/imm 4, 0;
    %store/vec4a v0x61a52c668180, 4, 0;
    %pushi/vec4 41943151, 0, 32;
    %ix/load 4, 52, 0;
    %flag_set/imm 4, 0;
    %store/vec4a v0x61a52c668180, 4, 0;
    %pushi/vec4 4254150419, 0, 32;
    %ix/load 4, 53, 0;
    %flag_set/imm 4, 0;
    %store/vec4a v0x61a52c668180, 4, 0;
    %pushi/vec4 988259, 0, 32;
    %ix/load 4, 54, 0;
    %flag_set/imm 4, 0;
    %store/vec4a v0x61a52c668180, 4, 0;
    %pushi/vec4 16777327, 0, 32;
    %ix/load 4, 55, 0;
    %flag_set/imm 4, 0;
    %store/vec4a v0x61a52c668180, 4, 0;
    %pushi/vec4 3987, 0, 32;
    %ix/load 4, 56, 0;
    %flag_set/imm 4, 0;
    %store/vec4a v0x61a52c668180, 4, 0;
    %pushi/vec4 33328307, 0, 32;
    %ix/load 4, 57, 0;
    %flag_set/imm 4, 0;
    %store/vec4a v0x61a52c668180, 4, 0;
    %pushi/vec4 41943151, 0, 32;
    %ix/load 4, 58, 0;
    %flag_set/imm 4, 0;
    %store/vec4a v0x61a52c668180, 4, 0;
    %pushi/vec4 3987, 0, 32;
    %ix/load 4, 59, 0;
    %flag_set/imm 4, 0;
    %store/vec4a v0x61a52c668180, 4, 0;
    %pushi/vec4 33328307, 0, 32;
    %ix/load 4, 60, 0;
    %flag_set/imm 4, 0;
    %store/vec4a v0x61a52c668180, 4, 0;
    %pushi/vec4 29360239, 0, 32;
    %ix/load 4, 61, 0;
    %flag_set/imm 4, 0;
    %store/vec4a v0x61a52c668180, 4, 0;
    %pushi/vec4 3987, 0, 32;
    %ix/load 4, 62, 0;
    %flag_set/imm 4, 0;
    %store/vec4a v0x61a52c668180, 4, 0;
    %pushi/vec4 33328307, 0, 32;
    %ix/load 4, 63, 0;
    %flag_set/imm 4, 0;
    %store/vec4a v0x61a52c668180, 4, 0;
    %pushi/vec4 16777327, 0, 32;
    %ix/load 4, 64, 0;
    %flag_set/imm 4, 0;
    %store/vec4a v0x61a52c668180, 4, 0;
    %pushi/vec4 1052563, 0, 32;
    %ix/load 4, 65, 0;
    %flag_set/imm 4, 0;
    %store/vec4a v0x61a52c668180, 4, 0;
    %pushi/vec4 33328307, 0, 32;
    %ix/load 4, 66, 0;
    %flag_set/imm 4, 0;
    %store/vec4a v0x61a52c668180, 4, 0;
    %pushi/vec4 4194415, 0, 32;
    %ix/load 4, 67, 0;
    %flag_set/imm 4, 0;
    %store/vec4a v0x61a52c668180, 4, 0;
    %pushi/vec4 4293963539, 0, 32;
    %ix/load 4, 68, 0;
    %flag_set/imm 4, 0;
    %store/vec4a v0x61a52c668180, 4, 0;
    %pushi/vec4 988259, 0, 32;
    %ix/load 4, 69, 0;
    %flag_set/imm 4, 0;
    %store/vec4a v0x61a52c668180, 4, 0;
    %pushi/vec4 142606447, 0, 32;
    %ix/load 4, 70, 0;
    %flag_set/imm 4, 0;
    %store/vec4a v0x61a52c668180, 4, 0;
    %pushi/vec4 4290883347, 0, 32;
    %ix/load 4, 71, 0;
    %flag_set/imm 4, 0;
    %store/vec4a v0x61a52c668180, 4, 0;
    %pushi/vec4 988259, 0, 32;
    %ix/load 4, 72, 0;
    %flag_set/imm 4, 0;
    %store/vec4a v0x61a52c668180, 4, 0;
    %pushi/vec4 92274799, 0, 32;
    %ix/load 4, 73, 0;
    %flag_set/imm 4, 0;
    %store/vec4a v0x61a52c668180, 4, 0;
    %pushi/vec4 4280364819, 0, 32;
    %ix/load 4, 74, 0;
    %flag_set/imm 4, 0;
    %store/vec4a v0x61a52c668180, 4, 0;
    %pushi/vec4 988259, 0, 32;
    %ix/load 4, 75, 0;
    %flag_set/imm 4, 0;
    %store/vec4a v0x61a52c668180, 4, 0;
    %pushi/vec4 41943151, 0, 32;
    %ix/load 4, 76, 0;
    %flag_set/imm 4, 0;
    %store/vec4a v0x61a52c668180, 4, 0;
    %pushi/vec4 12726035, 0, 32;
    %ix/load 4, 77, 0;
    %flag_set/imm 4, 0;
    %store/vec4a v0x61a52c668180, 4, 0;
    %pushi/vec4 988259, 0, 32;
    %ix/load 4, 78, 0;
    %flag_set/imm 4, 0;
    %store/vec4a v0x61a52c668180, 4, 0;
    %pushi/vec4 16777327, 0, 32;
    %ix/load 4, 79, 0;
    %flag_set/imm 4, 0;
    %store/vec4a v0x61a52c668180, 4, 0;
    %pushi/vec4 1052563, 0, 32;
    %ix/load 4, 80, 0;
    %flag_set/imm 4, 0;
    %store/vec4a v0x61a52c668180, 4, 0;
    %pushi/vec4 33328307, 0, 32;
    %ix/load 4, 81, 0;
    %flag_set/imm 4, 0;
    %store/vec4a v0x61a52c668180, 4, 0;
    %pushi/vec4 205521007, 0, 32;
    %ix/load 4, 82, 0;
    %flag_set/imm 4, 0;
    %store/vec4a v0x61a52c668180, 4, 0;
    %pushi/vec4 1052563, 0, 32;
    %ix/load 4, 83, 0;
    %flag_set/imm 4, 0;
    %store/vec4a v0x61a52c668180, 4, 0;
    %pushi/vec4 33328307, 0, 32;
    %ix/load 4, 84, 0;
    %flag_set/imm 4, 0;
    %store/vec4a v0x61a52c668180, 4, 0;
    %pushi/vec4 192938095, 0, 32;
    %ix/load 4, 85, 0;
    %flag_set/imm 4, 0;
    %store/vec4a v0x61a52c668180, 4, 0;
    %pushi/vec4 4282429203, 0, 32;
    %ix/load 4, 86, 0;
    %flag_set/imm 4, 0;
    %store/vec4a v0x61a52c668180, 4, 0;
    %pushi/vec4 988259, 0, 32;
    %ix/load 4, 87, 0;
    %flag_set/imm 4, 0;
    %store/vec4a v0x61a52c668180, 4, 0;
    %pushi/vec4 16777327, 0, 32;
    %ix/load 4, 88, 0;
    %flag_set/imm 4, 0;
    %store/vec4a v0x61a52c668180, 4, 0;
    %pushi/vec4 1052563, 0, 32;
    %ix/load 4, 89, 0;
    %flag_set/imm 4, 0;
    %store/vec4a v0x61a52c668180, 4, 0;
    %pushi/vec4 33328307, 0, 32;
    %ix/load 4, 90, 0;
    %flag_set/imm 4, 0;
    %store/vec4a v0x61a52c668180, 4, 0;
    %pushi/vec4 167772271, 0, 32;
    %ix/load 4, 91, 0;
    %flag_set/imm 4, 0;
    %store/vec4a v0x61a52c668180, 4, 0;
    %pushi/vec4 3987, 0, 32;
    %ix/load 4, 92, 0;
    %flag_set/imm 4, 0;
    %store/vec4a v0x61a52c668180, 4, 0;
    %pushi/vec4 33328307, 0, 32;
    %ix/load 4, 93, 0;
    %flag_set/imm 4, 0;
    %store/vec4a v0x61a52c668180, 4, 0;
    %pushi/vec4 155189359, 0, 32;
    %ix/load 4, 94, 0;
    %flag_set/imm 4, 0;
    %store/vec4a v0x61a52c668180, 4, 0;
    %pushi/vec4 4249956115, 0, 32;
    %ix/load 4, 95, 0;
    %flag_set/imm 4, 0;
    %store/vec4a v0x61a52c668180, 4, 0;
    %pushi/vec4 988259, 0, 32;
    %ix/load 4, 96, 0;
    %flag_set/imm 4, 0;
    %store/vec4a v0x61a52c668180, 4, 0;
    %pushi/vec4 16777327, 0, 32;
    %ix/load 4, 97, 0;
    %flag_set/imm 4, 0;
    %store/vec4a v0x61a52c668180, 4, 0;
    %pushi/vec4 1052563, 0, 32;
    %ix/load 4, 98, 0;
    %flag_set/imm 4, 0;
    %store/vec4a v0x61a52c668180, 4, 0;
    %pushi/vec4 33328307, 0, 32;
    %ix/load 4, 99, 0;
    %flag_set/imm 4, 0;
    %store/vec4a v0x61a52c668180, 4, 0;
    %pushi/vec4 130023535, 0, 32;
    %ix/load 4, 100, 0;
    %flag_set/imm 4, 0;
    %store/vec4a v0x61a52c668180, 4, 0;
    %pushi/vec4 1052563, 0, 32;
    %ix/load 4, 101, 0;
    %flag_set/imm 4, 0;
    %store/vec4a v0x61a52c668180, 4, 0;
    %pushi/vec4 33328307, 0, 32;
    %ix/load 4, 102, 0;
    %flag_set/imm 4, 0;
    %store/vec4a v0x61a52c668180, 4, 0;
    %pushi/vec4 117440623, 0, 32;
    %ix/load 4, 103, 0;
    %flag_set/imm 4, 0;
    %store/vec4a v0x61a52c668180, 4, 0;
    %pushi/vec4 31534867, 0, 32;
    %ix/load 4, 104, 0;
    %flag_set/imm 4, 0;
    %store/vec4a v0x61a52c668180, 4, 0;
    %pushi/vec4 988259, 0, 32;
    %ix/load 4, 105, 0;
    %flag_set/imm 4, 0;
    %store/vec4a v0x61a52c668180, 4, 0;
    %pushi/vec4 92274799, 0, 32;
    %ix/load 4, 106, 0;
    %flag_set/imm 4, 0;
    %store/vec4a v0x61a52c668180, 4, 0;
    %pushi/vec4 4291931923, 0, 32;
    %ix/load 4, 107, 0;
    %flag_set/imm 4, 0;
    %store/vec4a v0x61a52c668180, 4, 0;
    %pushi/vec4 988259, 0, 32;
    %ix/load 4, 108, 0;
    %flag_set/imm 4, 0;
    %store/vec4a v0x61a52c668180, 4, 0;
    %pushi/vec4 41943151, 0, 32;
    %ix/load 4, 109, 0;
    %flag_set/imm 4, 0;
    %store/vec4a v0x61a52c668180, 4, 0;
    %pushi/vec4 4257296147, 0, 32;
    %ix/load 4, 110, 0;
    %flag_set/imm 4, 0;
    %store/vec4a v0x61a52c668180, 4, 0;
    %pushi/vec4 988259, 0, 32;
    %ix/load 4, 111, 0;
    %flag_set/imm 4, 0;
    %store/vec4a v0x61a52c668180, 4, 0;
    %pushi/vec4 16777327, 0, 32;
    %ix/load 4, 112, 0;
    %flag_set/imm 4, 0;
    %store/vec4a v0x61a52c668180, 4, 0;
    %pushi/vec4 3987, 0, 32;
    %ix/load 4, 113, 0;
    %flag_set/imm 4, 0;
    %store/vec4a v0x61a52c668180, 4, 0;
    %pushi/vec4 33328307, 0, 32;
    %ix/load 4, 114, 0;
    %flag_set/imm 4, 0;
    %store/vec4a v0x61a52c668180, 4, 0;
    %pushi/vec4 67108975, 0, 32;
    %ix/load 4, 115, 0;
    %flag_set/imm 4, 0;
    %store/vec4a v0x61a52c668180, 4, 0;
    %pushi/vec4 3987, 0, 32;
    %ix/load 4, 116, 0;
    %flag_set/imm 4, 0;
    %store/vec4a v0x61a52c668180, 4, 0;
    %pushi/vec4 33328307, 0, 32;
    %ix/load 4, 117, 0;
    %flag_set/imm 4, 0;
    %store/vec4a v0x61a52c668180, 4, 0;
    %pushi/vec4 54526063, 0, 32;
    %ix/load 4, 118, 0;
    %flag_set/imm 4, 0;
    %store/vec4a v0x61a52c668180, 4, 0;
    %pushi/vec4 4304659, 0, 32;
    %ix/load 4, 119, 0;
    %flag_set/imm 4, 0;
    %store/vec4a v0x61a52c668180, 4, 0;
    %pushi/vec4 988259, 0, 32;
    %ix/load 4, 120, 0;
    %flag_set/imm 4, 0;
    %store/vec4a v0x61a52c668180, 4, 0;
    %pushi/vec4 16777327, 0, 32;
    %ix/load 4, 121, 0;
    %flag_set/imm 4, 0;
    %store/vec4a v0x61a52c668180, 4, 0;
    %pushi/vec4 3987, 0, 32;
    %ix/load 4, 122, 0;
    %flag_set/imm 4, 0;
    %store/vec4a v0x61a52c668180, 4, 0;
    %pushi/vec4 33328307, 0, 32;
    %ix/load 4, 123, 0;
    %flag_set/imm 4, 0;
    %store/vec4a v0x61a52c668180, 4, 0;
    %pushi/vec4 29360239, 0, 32;
    %ix/load 4, 124, 0;
    %flag_set/imm 4, 0;
    %store/vec4a v0x61a52c668180, 4, 0;
    %pushi/vec4 3987, 0, 32;
    %ix/load 4, 125, 0;
    %flag_set/imm 4, 0;
    %store/vec4a v0x61a52c668180, 4, 0;
    %pushi/vec4 33328307, 0, 32;
    %ix/load 4, 126, 0;
    %flag_set/imm 4, 0;
    %store/vec4a v0x61a52c668180, 4, 0;
    %pushi/vec4 16777327, 0, 32;
    %ix/load 4, 127, 0;
    %flag_set/imm 4, 0;
    %store/vec4a v0x61a52c668180, 4, 0;
    %pushi/vec4 1052563, 0, 32;
    %ix/load 4, 128, 0;
    %flag_set/imm 4, 0;
    %store/vec4a v0x61a52c668180, 4, 0;
    %pushi/vec4 33328307, 0, 32;
    %ix/load 4, 129, 0;
    %flag_set/imm 4, 0;
    %store/vec4a v0x61a52c668180, 4, 0;
    %pushi/vec4 4194415, 0, 32;
    %ix/load 4, 130, 0;
    %flag_set/imm 4, 0;
    %store/vec4a v0x61a52c668180, 4, 0;
    %pushi/vec4 44819, 0, 32;
    %ix/load 4, 131, 0;
    %flag_set/imm 4, 0;
    %store/vec4a v0x61a52c668180, 4, 0;
    %pushi/vec4 988259, 0, 32;
    %ix/load 4, 132, 0;
    %flag_set/imm 4, 0;
    %store/vec4a v0x61a52c668180, 4, 0;
    %pushi/vec4 142606447, 0, 32;
    %ix/load 4, 133, 0;
    %flag_set/imm 4, 0;
    %store/vec4a v0x61a52c668180, 4, 0;
    %pushi/vec4 4281478931, 0, 32;
    %ix/load 4, 134, 0;
    %flag_set/imm 4, 0;
    %store/vec4a v0x61a52c668180, 4, 0;
    %pushi/vec4 988259, 0, 32;
    %ix/load 4, 135, 0;
    %flag_set/imm 4, 0;
    %store/vec4a v0x61a52c668180, 4, 0;
    %pushi/vec4 41943151, 0, 32;
    %ix/load 4, 136, 0;
    %flag_set/imm 4, 0;
    %store/vec4a v0x61a52c668180, 4, 0;
    %pushi/vec4 2174739, 0, 32;
    %ix/load 4, 137, 0;
    %flag_set/imm 4, 0;
    %store/vec4a v0x61a52c668180, 4, 0;
    %pushi/vec4 988259, 0, 32;
    %ix/load 4, 138, 0;
    %flag_set/imm 4, 0;
    %store/vec4a v0x61a52c668180, 4, 0;
    %pushi/vec4 16777327, 0, 32;
    %ix/load 4, 139, 0;
    %flag_set/imm 4, 0;
    %store/vec4a v0x61a52c668180, 4, 0;
    %pushi/vec4 1052563, 0, 32;
    %ix/load 4, 140, 0;
    %flag_set/imm 4, 0;
    %store/vec4a v0x61a52c668180, 4, 0;
    %pushi/vec4 33328307, 0, 32;
    %ix/load 4, 141, 0;
    %flag_set/imm 4, 0;
    %store/vec4a v0x61a52c668180, 4, 0;
    %pushi/vec4 192938095, 0, 32;
    %ix/load 4, 142, 0;
    %flag_set/imm 4, 0;
    %store/vec4a v0x61a52c668180, 4, 0;
    %pushi/vec4 1052563, 0, 32;
    %ix/load 4, 143, 0;
    %flag_set/imm 4, 0;
    %store/vec4a v0x61a52c668180, 4, 0;
    %pushi/vec4 33328307, 0, 32;
    %ix/load 4, 144, 0;
    %flag_set/imm 4, 0;
    %store/vec4a v0x61a52c668180, 4, 0;
    %pushi/vec4 180355183, 0, 32;
    %ix/load 4, 145, 0;
    %flag_set/imm 4, 0;
    %store/vec4a v0x61a52c668180, 4, 0;
    %pushi/vec4 4280364819, 0, 32;
    %ix/load 4, 146, 0;
    %flag_set/imm 4, 0;
    %store/vec4a v0x61a52c668180, 4, 0;
    %pushi/vec4 988259, 0, 32;
    %ix/load 4, 147, 0;
    %flag_set/imm 4, 0;
    %store/vec4a v0x61a52c668180, 4, 0;
    %pushi/vec4 41943151, 0, 32;
    %ix/load 4, 148, 0;
    %flag_set/imm 4, 0;
    %store/vec4a v0x61a52c668180, 4, 0;
    %pushi/vec4 4270927635, 0, 32;
    %ix/load 4, 149, 0;
    %flag_set/imm 4, 0;
    %store/vec4a v0x61a52c668180, 4, 0;
    %pushi/vec4 988259, 0, 32;
    %ix/load 4, 150, 0;
    %flag_set/imm 4, 0;
    %store/vec4a v0x61a52c668180, 4, 0;
    %pushi/vec4 16777327, 0, 32;
    %ix/load 4, 151, 0;
    %flag_set/imm 4, 0;
    %store/vec4a v0x61a52c668180, 4, 0;
    %pushi/vec4 1052563, 0, 32;
    %ix/load 4, 152, 0;
    %flag_set/imm 4, 0;
    %store/vec4a v0x61a52c668180, 4, 0;
    %pushi/vec4 33328307, 0, 32;
    %ix/load 4, 153, 0;
    %flag_set/imm 4, 0;
    %store/vec4a v0x61a52c668180, 4, 0;
    %pushi/vec4 142606447, 0, 32;
    %ix/load 4, 154, 0;
    %flag_set/imm 4, 0;
    %store/vec4a v0x61a52c668180, 4, 0;
    %pushi/vec4 1052563, 0, 32;
    %ix/load 4, 155, 0;
    %flag_set/imm 4, 0;
    %store/vec4a v0x61a52c668180, 4, 0;
    %pushi/vec4 33328307, 0, 32;
    %ix/load 4, 156, 0;
    %flag_set/imm 4, 0;
    %store/vec4a v0x61a52c668180, 4, 0;
    %pushi/vec4 130023535, 0, 32;
    %ix/load 4, 157, 0;
    %flag_set/imm 4, 0;
    %store/vec4a v0x61a52c668180, 4, 0;
    %pushi/vec4 4283477779, 0, 32;
    %ix/load 4, 158, 0;
    %flag_set/imm 4, 0;
    %store/vec4a v0x61a52c668180, 4, 0;
    %pushi/vec4 988259, 0, 32;
    %ix/load 4, 159, 0;
    %flag_set/imm 4, 0;
    %store/vec4a v0x61a52c668180, 4, 0;
    %pushi/vec4 16777327, 0, 32;
    %ix/load 4, 160, 0;
    %flag_set/imm 4, 0;
    %store/vec4a v0x61a52c668180, 4, 0;
    %pushi/vec4 1052563, 0, 32;
    %ix/load 4, 161, 0;
    %flag_set/imm 4, 0;
    %store/vec4a v0x61a52c668180, 4, 0;
    %pushi/vec4 33328307, 0, 32;
    %ix/load 4, 162, 0;
    %flag_set/imm 4, 0;
    %store/vec4a v0x61a52c668180, 4, 0;
    %pushi/vec4 104857711, 0, 32;
    %ix/load 4, 163, 0;
    %flag_set/imm 4, 0;
    %store/vec4a v0x61a52c668180, 4, 0;
    %pushi/vec4 3987, 0, 32;
    %ix/load 4, 164, 0;
    %flag_set/imm 4, 0;
    %store/vec4a v0x61a52c668180, 4, 0;
    %pushi/vec4 33328307, 0, 32;
    %ix/load 4, 165, 0;
    %flag_set/imm 4, 0;
    %store/vec4a v0x61a52c668180, 4, 0;
    %pushi/vec4 92274799, 0, 32;
    %ix/load 4, 166, 0;
    %flag_set/imm 4, 0;
    %store/vec4a v0x61a52c668180, 4, 0;
    %pushi/vec4 21081875, 0, 32;
    %ix/load 4, 167, 0;
    %flag_set/imm 4, 0;
    %store/vec4a v0x61a52c668180, 4, 0;
    %pushi/vec4 988259, 0, 32;
    %ix/load 4, 168, 0;
    %flag_set/imm 4, 0;
    %store/vec4a v0x61a52c668180, 4, 0;
    %pushi/vec4 67108975, 0, 32;
    %ix/load 4, 169, 0;
    %flag_set/imm 4, 0;
    %store/vec4a v0x61a52c668180, 4, 0;
    %pushi/vec4 2141971, 0, 32;
    %ix/load 4, 170, 0;
    %flag_set/imm 4, 0;
    %store/vec4a v0x61a52c668180, 4, 0;
    %pushi/vec4 988259, 0, 32;
    %ix/load 4, 171, 0;
    %flag_set/imm 4, 0;
    %store/vec4a v0x61a52c668180, 4, 0;
    %pushi/vec4 16777327, 0, 32;
    %ix/load 4, 172, 0;
    %flag_set/imm 4, 0;
    %store/vec4a v0x61a52c668180, 4, 0;
    %pushi/vec4 3987, 0, 32;
    %ix/load 4, 173, 0;
    %flag_set/imm 4, 0;
    %store/vec4a v0x61a52c668180, 4, 0;
    %pushi/vec4 33328307, 0, 32;
    %ix/load 4, 174, 0;
    %flag_set/imm 4, 0;
    %store/vec4a v0x61a52c668180, 4, 0;
    %pushi/vec4 54526063, 0, 32;
    %ix/load 4, 175, 0;
    %flag_set/imm 4, 0;
    %store/vec4a v0x61a52c668180, 4, 0;
    %pushi/vec4 4291931923, 0, 32;
    %ix/load 4, 176, 0;
    %flag_set/imm 4, 0;
    %store/vec4a v0x61a52c668180, 4, 0;
    %pushi/vec4 988259, 0, 32;
    %ix/load 4, 177, 0;
    %flag_set/imm 4, 0;
    %store/vec4a v0x61a52c668180, 4, 0;
    %pushi/vec4 16777327, 0, 32;
    %ix/load 4, 178, 0;
    %flag_set/imm 4, 0;
    %store/vec4a v0x61a52c668180, 4, 0;
    %pushi/vec4 3987, 0, 32;
    %ix/load 4, 179, 0;
    %flag_set/imm 4, 0;
    %store/vec4a v0x61a52c668180, 4, 0;
    %pushi/vec4 33328307, 0, 32;
    %ix/load 4, 180, 0;
    %flag_set/imm 4, 0;
    %store/vec4a v0x61a52c668180, 4, 0;
    %pushi/vec4 29360239, 0, 32;
    %ix/load 4, 181, 0;
    %flag_set/imm 4, 0;
    %store/vec4a v0x61a52c668180, 4, 0;
    %pushi/vec4 3987, 0, 32;
    %ix/load 4, 182, 0;
    %flag_set/imm 4, 0;
    %store/vec4a v0x61a52c668180, 4, 0;
    %pushi/vec4 33328307, 0, 32;
    %ix/load 4, 183, 0;
    %flag_set/imm 4, 0;
    %store/vec4a v0x61a52c668180, 4, 0;
    %pushi/vec4 16777327, 0, 32;
    %ix/load 4, 184, 0;
    %flag_set/imm 4, 0;
    %store/vec4a v0x61a52c668180, 4, 0;
    %pushi/vec4 1052563, 0, 32;
    %ix/load 4, 185, 0;
    %flag_set/imm 4, 0;
    %store/vec4a v0x61a52c668180, 4, 0;
    %pushi/vec4 33328307, 0, 32;
    %ix/load 4, 186, 0;
    %flag_set/imm 4, 0;
    %store/vec4a v0x61a52c668180, 4, 0;
    %pushi/vec4 4194415, 0, 32;
    %ix/load 4, 187, 0;
    %flag_set/imm 4, 0;
    %store/vec4a v0x61a52c668180, 4, 0;
    %pushi/vec4 5320467, 0, 32;
    %ix/load 4, 188, 0;
    %flag_set/imm 4, 0;
    %store/vec4a v0x61a52c668180, 4, 0;
    %pushi/vec4 988259, 0, 32;
    %ix/load 4, 189, 0;
    %flag_set/imm 4, 0;
    %store/vec4a v0x61a52c668180, 4, 0;
    %pushi/vec4 192938095, 0, 32;
    %ix/load 4, 190, 0;
    %flag_set/imm 4, 0;
    %store/vec4a v0x61a52c668180, 4, 0;
    %pushi/vec4 6434579, 0, 32;
    %ix/load 4, 191, 0;
    %flag_set/imm 4, 0;
    %store/vec4a v0x61a52c668180, 4, 0;
    %pushi/vec4 988259, 0, 32;
    %ix/load 4, 192, 0;
    %flag_set/imm 4, 0;
    %store/vec4a v0x61a52c668180, 4, 0;
    %pushi/vec4 92274799, 0, 32;
    %ix/load 4, 193, 0;
    %flag_set/imm 4, 0;
    %store/vec4a v0x61a52c668180, 4, 0;
    %pushi/vec4 4291931923, 0, 32;
    %ix/load 4, 194, 0;
    %flag_set/imm 4, 0;
    %store/vec4a v0x61a52c668180, 4, 0;
    %pushi/vec4 988259, 0, 32;
    %ix/load 4, 195, 0;
    %flag_set/imm 4, 0;
    %store/vec4a v0x61a52c668180, 4, 0;
    %pushi/vec4 41943151, 0, 32;
    %ix/load 4, 196, 0;
    %flag_set/imm 4, 0;
    %store/vec4a v0x61a52c668180, 4, 0;
    %pushi/vec4 77587, 0, 32;
    %ix/load 4, 197, 0;
    %flag_set/imm 4, 0;
    %store/vec4a v0x61a52c668180, 4, 0;
    %pushi/vec4 988259, 0, 32;
    %ix/load 4, 198, 0;
    %flag_set/imm 4, 0;
    %store/vec4a v0x61a52c668180, 4, 0;
    %pushi/vec4 16777327, 0, 32;
    %ix/load 4, 199, 0;
    %flag_set/imm 4, 0;
    %store/vec4a v0x61a52c668180, 4, 0;
    %pushi/vec4 3987, 0, 32;
    %ix/load 4, 200, 0;
    %flag_set/imm 4, 0;
    %store/vec4a v0x61a52c668180, 4, 0;
    %pushi/vec4 33328307, 0, 32;
    %ix/load 4, 201, 0;
    %flag_set/imm 4, 0;
    %store/vec4a v0x61a52c668180, 4, 0;
    %pushi/vec4 230686831, 0, 32;
    %ix/load 4, 202, 0;
    %flag_set/imm 4, 0;
    %store/vec4a v0x61a52c668180, 4, 0;
    %pushi/vec4 3987, 0, 32;
    %ix/load 4, 203, 0;
    %flag_set/imm 4, 0;
    %store/vec4a v0x61a52c668180, 4, 0;
    %pushi/vec4 33328307, 0, 32;
    %ix/load 4, 204, 0;
    %flag_set/imm 4, 0;
    %store/vec4a v0x61a52c668180, 4, 0;
    %pushi/vec4 218103919, 0, 32;
    %ix/load 4, 205, 0;
    %flag_set/imm 4, 0;
    %store/vec4a v0x61a52c668180, 4, 0;
    %pushi/vec4 4271976211, 0, 32;
    %ix/load 4, 206, 0;
    %flag_set/imm 4, 0;
    %store/vec4a v0x61a52c668180, 4, 0;
    %pushi/vec4 988259, 0, 32;
    %ix/load 4, 207, 0;
    %flag_set/imm 4, 0;
    %store/vec4a v0x61a52c668180, 4, 0;
    %pushi/vec4 16777327, 0, 32;
    %ix/load 4, 208, 0;
    %flag_set/imm 4, 0;
    %store/vec4a v0x61a52c668180, 4, 0;
    %pushi/vec4 3987, 0, 32;
    %ix/load 4, 209, 0;
    %flag_set/imm 4, 0;
    %store/vec4a v0x61a52c668180, 4, 0;
    %pushi/vec4 33328307, 0, 32;
    %ix/load 4, 210, 0;
    %flag_set/imm 4, 0;
    %store/vec4a v0x61a52c668180, 4, 0;
    %pushi/vec4 192938095, 0, 32;
    %ix/load 4, 211, 0;
    %flag_set/imm 4, 0;
    %store/vec4a v0x61a52c668180, 4, 0;
    %pushi/vec4 1052563, 0, 32;
    %ix/load 4, 212, 0;
    %flag_set/imm 4, 0;
    %store/vec4a v0x61a52c668180, 4, 0;
    %pushi/vec4 33328307, 0, 32;
    %ix/load 4, 213, 0;
    %flag_set/imm 4, 0;
    %store/vec4a v0x61a52c668180, 4, 0;
    %pushi/vec4 180355183, 0, 32;
    %ix/load 4, 214, 0;
    %flag_set/imm 4, 0;
    %store/vec4a v0x61a52c668180, 4, 0;
    %pushi/vec4 4233178899, 0, 32;
    %ix/load 4, 215, 0;
    %flag_set/imm 4, 0;
    %store/vec4a v0x61a52c668180, 4, 0;
    %pushi/vec4 988259, 0, 32;
    %ix/load 4, 216, 0;
    %flag_set/imm 4, 0;
    %store/vec4a v0x61a52c668180, 4, 0;
    %pushi/vec4 41943151, 0, 32;
    %ix/load 4, 217, 0;
    %flag_set/imm 4, 0;
    %store/vec4a v0x61a52c668180, 4, 0;
    %pushi/vec4 44183315, 0, 32;
    %ix/load 4, 218, 0;
    %flag_set/imm 4, 0;
    %store/vec4a v0x61a52c668180, 4, 0;
    %pushi/vec4 988259, 0, 32;
    %ix/load 4, 219, 0;
    %flag_set/imm 4, 0;
    %store/vec4a v0x61a52c668180, 4, 0;
    %pushi/vec4 16777327, 0, 32;
    %ix/load 4, 220, 0;
    %flag_set/imm 4, 0;
    %store/vec4a v0x61a52c668180, 4, 0;
    %pushi/vec4 3987, 0, 32;
    %ix/load 4, 221, 0;
    %flag_set/imm 4, 0;
    %store/vec4a v0x61a52c668180, 4, 0;
    %pushi/vec4 33328307, 0, 32;
    %ix/load 4, 222, 0;
    %flag_set/imm 4, 0;
    %store/vec4a v0x61a52c668180, 4, 0;
    %pushi/vec4 142606447, 0, 32;
    %ix/load 4, 223, 0;
    %flag_set/imm 4, 0;
    %store/vec4a v0x61a52c668180, 4, 0;
    %pushi/vec4 3987, 0, 32;
    %ix/load 4, 224, 0;
    %flag_set/imm 4, 0;
    %store/vec4a v0x61a52c668180, 4, 0;
    %pushi/vec4 33328307, 0, 32;
    %ix/load 4, 225, 0;
    %flag_set/imm 4, 0;
    %store/vec4a v0x61a52c668180, 4, 0;
    %pushi/vec4 130023535, 0, 32;
    %ix/load 4, 226, 0;
    %flag_set/imm 4, 0;
    %store/vec4a v0x61a52c668180, 4, 0;
    %pushi/vec4 49426195, 0, 32;
    %ix/load 4, 227, 0;
    %flag_set/imm 4, 0;
    %store/vec4a v0x61a52c668180, 4, 0;
    %pushi/vec4 988259, 0, 32;
    %ix/load 4, 228, 0;
    %flag_set/imm 4, 0;
    %store/vec4a v0x61a52c668180, 4, 0;
    %pushi/vec4 16777327, 0, 32;
    %ix/load 4, 229, 0;
    %flag_set/imm 4, 0;
    %store/vec4a v0x61a52c668180, 4, 0;
    %pushi/vec4 1052563, 0, 32;
    %ix/load 4, 230, 0;
    %flag_set/imm 4, 0;
    %store/vec4a v0x61a52c668180, 4, 0;
    %pushi/vec4 33328307, 0, 32;
    %ix/load 4, 231, 0;
    %flag_set/imm 4, 0;
    %store/vec4a v0x61a52c668180, 4, 0;
    %pushi/vec4 104857711, 0, 32;
    %ix/load 4, 232, 0;
    %flag_set/imm 4, 0;
    %store/vec4a v0x61a52c668180, 4, 0;
    %pushi/vec4 1052563, 0, 32;
    %ix/load 4, 233, 0;
    %flag_set/imm 4, 0;
    %store/vec4a v0x61a52c668180, 4, 0;
    %pushi/vec4 33328307, 0, 32;
    %ix/load 4, 234, 0;
    %flag_set/imm 4, 0;
    %store/vec4a v0x61a52c668180, 4, 0;
    %pushi/vec4 92274799, 0, 32;
    %ix/load 4, 235, 0;
    %flag_set/imm 4, 0;
    %store/vec4a v0x61a52c668180, 4, 0;
    %pushi/vec4 4259426067, 0, 32;
    %ix/load 4, 236, 0;
    %flag_set/imm 4, 0;
    %store/vec4a v0x61a52c668180, 4, 0;
    %pushi/vec4 988259, 0, 32;
    %ix/load 4, 237, 0;
    %flag_set/imm 4, 0;
    %store/vec4a v0x61a52c668180, 4, 0;
    %pushi/vec4 41943151, 0, 32;
    %ix/load 4, 238, 0;
    %flag_set/imm 4, 0;
    %store/vec4a v0x61a52c668180, 4, 0;
    %pushi/vec4 21114643, 0, 32;
    %ix/load 4, 239, 0;
    %flag_set/imm 4, 0;
    %store/vec4a v0x61a52c668180, 4, 0;
    %pushi/vec4 988259, 0, 32;
    %ix/load 4, 240, 0;
    %flag_set/imm 4, 0;
    %store/vec4a v0x61a52c668180, 4, 0;
    %pushi/vec4 16777327, 0, 32;
    %ix/load 4, 241, 0;
    %flag_set/imm 4, 0;
    %store/vec4a v0x61a52c668180, 4, 0;
    %pushi/vec4 3987, 0, 32;
    %ix/load 4, 242, 0;
    %flag_set/imm 4, 0;
    %store/vec4a v0x61a52c668180, 4, 0;
    %pushi/vec4 33328307, 0, 32;
    %ix/load 4, 243, 0;
    %flag_set/imm 4, 0;
    %store/vec4a v0x61a52c668180, 4, 0;
    %pushi/vec4 54526063, 0, 32;
    %ix/load 4, 244, 0;
    %flag_set/imm 4, 0;
    %store/vec4a v0x61a52c668180, 4, 0;
    %pushi/vec4 3987, 0, 32;
    %ix/load 4, 245, 0;
    %flag_set/imm 4, 0;
    %store/vec4a v0x61a52c668180, 4, 0;
    %pushi/vec4 33328307, 0, 32;
    %ix/load 4, 246, 0;
    %flag_set/imm 4, 0;
    %store/vec4a v0x61a52c668180, 4, 0;
    %pushi/vec4 41943151, 0, 32;
    %ix/load 4, 247, 0;
    %flag_set/imm 4, 0;
    %store/vec4a v0x61a52c668180, 4, 0;
    %pushi/vec4 143123, 0, 32;
    %ix/load 4, 248, 0;
    %flag_set/imm 4, 0;
    %store/vec4a v0x61a52c668180, 4, 0;
    %pushi/vec4 988259, 0, 32;
    %ix/load 4, 249, 0;
    %flag_set/imm 4, 0;
    %store/vec4a v0x61a52c668180, 4, 0;
    %pushi/vec4 16777327, 0, 32;
    %ix/load 4, 250, 0;
    %flag_set/imm 4, 0;
    %store/vec4a v0x61a52c668180, 4, 0;
    %pushi/vec4 1052563, 0, 32;
    %ix/load 4, 251, 0;
    %flag_set/imm 4, 0;
    %store/vec4a v0x61a52c668180, 4, 0;
    %pushi/vec4 33328307, 0, 32;
    %ix/load 4, 252, 0;
    %flag_set/imm 4, 0;
    %store/vec4a v0x61a52c668180, 4, 0;
    %pushi/vec4 16777327, 0, 32;
    %ix/load 4, 253, 0;
    %flag_set/imm 4, 0;
    %store/vec4a v0x61a52c668180, 4, 0;
    %pushi/vec4 1052563, 0, 32;
    %ix/load 4, 254, 0;
    %flag_set/imm 4, 0;
    %store/vec4a v0x61a52c668180, 4, 0;
    %pushi/vec4 33328307, 0, 32;
    %ix/load 4, 255, 0;
    %flag_set/imm 4, 0;
    %store/vec4a v0x61a52c668180, 4, 0;
    %pushi/vec4 4194415, 0, 32;
    %ix/load 4, 256, 0;
    %flag_set/imm 4, 0;
    %store/vec4a v0x61a52c668180, 4, 0;
    %pushi/vec4 6401811, 0, 32;
    %ix/load 4, 257, 0;
    %flag_set/imm 4, 0;
    %store/vec4a v0x61a52c668180, 4, 0;
    %pushi/vec4 988259, 0, 32;
    %ix/load 4, 258, 0;
    %flag_set/imm 4, 0;
    %store/vec4a v0x61a52c668180, 4, 0;
    %pushi/vec4 192938095, 0, 32;
    %ix/load 4, 259, 0;
    %flag_set/imm 4, 0;
    %store/vec4a v0x61a52c668180, 4, 0;
    %pushi/vec4 143123, 0, 32;
    %ix/load 4, 260, 0;
    %flag_set/imm 4, 0;
    %store/vec4a v0x61a52c668180, 4, 0;
    %pushi/vec4 988259, 0, 32;
    %ix/load 4, 261, 0;
    %flag_set/imm 4, 0;
    %store/vec4a v0x61a52c668180, 4, 0;
    %pushi/vec4 92274799, 0, 32;
    %ix/load 4, 262, 0;
    %flag_set/imm 4, 0;
    %store/vec4a v0x61a52c668180, 4, 0;
    %pushi/vec4 2174739, 0, 32;
    %ix/load 4, 263, 0;
    %flag_set/imm 4, 0;
    %store/vec4a v0x61a52c668180, 4, 0;
    %pushi/vec4 988259, 0, 32;
    %ix/load 4, 264, 0;
    %flag_set/imm 4, 0;
    %store/vec4a v0x61a52c668180, 4, 0;
    %pushi/vec4 41943151, 0, 32;
    %ix/load 4, 265, 0;
    %flag_set/imm 4, 0;
    %store/vec4a v0x61a52c668180, 4, 0;
    %pushi/vec4 4285673235, 0, 32;
    %ix/load 4, 266, 0;
    %flag_set/imm 4, 0;
    %store/vec4a v0x61a52c668180, 4, 0;
    %pushi/vec4 988259, 0, 32;
    %ix/load 4, 267, 0;
    %flag_set/imm 4, 0;
    %store/vec4a v0x61a52c668180, 4, 0;
    %pushi/vec4 16777327, 0, 32;
    %ix/load 4, 268, 0;
    %flag_set/imm 4, 0;
    %store/vec4a v0x61a52c668180, 4, 0;
    %pushi/vec4 3987, 0, 32;
    %ix/load 4, 269, 0;
    %flag_set/imm 4, 0;
    %store/vec4a v0x61a52c668180, 4, 0;
    %pushi/vec4 33328307, 0, 32;
    %ix/load 4, 270, 0;
    %flag_set/imm 4, 0;
    %store/vec4a v0x61a52c668180, 4, 0;
    %pushi/vec4 205521007, 0, 32;
    %ix/load 4, 271, 0;
    %flag_set/imm 4, 0;
    %store/vec4a v0x61a52c668180, 4, 0;
    %pushi/vec4 3987, 0, 32;
    %ix/load 4, 272, 0;
    %flag_set/imm 4, 0;
    %store/vec4a v0x61a52c668180, 4, 0;
    %pushi/vec4 33328307, 0, 32;
    %ix/load 4, 273, 0;
    %flag_set/imm 4, 0;
    %store/vec4a v0x61a52c668180, 4, 0;
    %pushi/vec4 192938095, 0, 32;
    %ix/load 4, 274, 0;
    %flag_set/imm 4, 0;
    %store/vec4a v0x61a52c668180, 4, 0;
    %pushi/vec4 4261523219, 0, 32;
    %ix/load 4, 275, 0;
    %flag_set/imm 4, 0;
    %store/vec4a v0x61a52c668180, 4, 0;
    %pushi/vec4 988259, 0, 32;
    %ix/load 4, 276, 0;
    %flag_set/imm 4, 0;
    %store/vec4a v0x61a52c668180, 4, 0;
    %pushi/vec4 16777327, 0, 32;
    %ix/load 4, 277, 0;
    %flag_set/imm 4, 0;
    %store/vec4a v0x61a52c668180, 4, 0;
    %pushi/vec4 3987, 0, 32;
    %ix/load 4, 278, 0;
    %flag_set/imm 4, 0;
    %store/vec4a v0x61a52c668180, 4, 0;
    %pushi/vec4 33328307, 0, 32;
    %ix/load 4, 279, 0;
    %flag_set/imm 4, 0;
    %store/vec4a v0x61a52c668180, 4, 0;
    %pushi/vec4 167772271, 0, 32;
    %ix/load 4, 280, 0;
    %flag_set/imm 4, 0;
    %store/vec4a v0x61a52c668180, 4, 0;
    %pushi/vec4 1052563, 0, 32;
    %ix/load 4, 281, 0;
    %flag_set/imm 4, 0;
    %store/vec4a v0x61a52c668180, 4, 0;
    %pushi/vec4 33328307, 0, 32;
    %ix/load 4, 282, 0;
    %flag_set/imm 4, 0;
    %store/vec4a v0x61a52c668180, 4, 0;
    %pushi/vec4 155189359, 0, 32;
    %ix/load 4, 283, 0;
    %flag_set/imm 4, 0;
    %store/vec4a v0x61a52c668180, 4, 0;
    %pushi/vec4 4282429203, 0, 32;
    %ix/load 4, 284, 0;
    %flag_set/imm 4, 0;
    %store/vec4a v0x61a52c668180, 4, 0;
    %pushi/vec4 988259, 0, 32;
    %ix/load 4, 285, 0;
    %flag_set/imm 4, 0;
    %store/vec4a v0x61a52c668180, 4, 0;
    %pushi/vec4 41943151, 0, 32;
    %ix/load 4, 286, 0;
    %flag_set/imm 4, 0;
    %store/vec4a v0x61a52c668180, 4, 0;
    %pushi/vec4 4272008979, 0, 32;
    %ix/load 4, 287, 0;
    %flag_set/imm 4, 0;
    %store/vec4a v0x61a52c668180, 4, 0;
    %pushi/vec4 988259, 0, 32;
    %ix/load 4, 288, 0;
    %flag_set/imm 4, 0;
    %store/vec4a v0x61a52c668180, 4, 0;
    %pushi/vec4 16777327, 0, 32;
    %ix/load 4, 289, 0;
    %flag_set/imm 4, 0;
    %store/vec4a v0x61a52c668180, 4, 0;
    %pushi/vec4 1052563, 0, 32;
    %ix/load 4, 290, 0;
    %flag_set/imm 4, 0;
    %store/vec4a v0x61a52c668180, 4, 0;
    %pushi/vec4 33328307, 0, 32;
    %ix/load 4, 291, 0;
    %flag_set/imm 4, 0;
    %store/vec4a v0x61a52c668180, 4, 0;
    %pushi/vec4 117440623, 0, 32;
    %ix/load 4, 292, 0;
    %flag_set/imm 4, 0;
    %store/vec4a v0x61a52c668180, 4, 0;
    %pushi/vec4 1052563, 0, 32;
    %ix/load 4, 293, 0;
    %flag_set/imm 4, 0;
    %store/vec4a v0x61a52c668180, 4, 0;
    %pushi/vec4 33328307, 0, 32;
    %ix/load 4, 294, 0;
    %flag_set/imm 4, 0;
    %store/vec4a v0x61a52c668180, 4, 0;
    %pushi/vec4 104857711, 0, 32;
    %ix/load 4, 295, 0;
    %flag_set/imm 4, 0;
    %store/vec4a v0x61a52c668180, 4, 0;
    %pushi/vec4 4289769235, 0, 32;
    %ix/load 4, 296, 0;
    %flag_set/imm 4, 0;
    %store/vec4a v0x61a52c668180, 4, 0;
    %pushi/vec4 988259, 0, 32;
    %ix/load 4, 297, 0;
    %flag_set/imm 4, 0;
    %store/vec4a v0x61a52c668180, 4, 0;
    %pushi/vec4 16777327, 0, 32;
    %ix/load 4, 298, 0;
    %flag_set/imm 4, 0;
    %store/vec4a v0x61a52c668180, 4, 0;
    %pushi/vec4 3987, 0, 32;
    %ix/load 4, 299, 0;
    %flag_set/imm 4, 0;
    %store/vec4a v0x61a52c668180, 4, 0;
    %pushi/vec4 33328307, 0, 32;
    %ix/load 4, 300, 0;
    %flag_set/imm 4, 0;
    %store/vec4a v0x61a52c668180, 4, 0;
    %pushi/vec4 79691887, 0, 32;
    %ix/load 4, 301, 0;
    %flag_set/imm 4, 0;
    %store/vec4a v0x61a52c668180, 4, 0;
    %pushi/vec4 3987, 0, 32;
    %ix/load 4, 302, 0;
    %flag_set/imm 4, 0;
    %store/vec4a v0x61a52c668180, 4, 0;
    %pushi/vec4 33328307, 0, 32;
    %ix/load 4, 303, 0;
    %flag_set/imm 4, 0;
    %store/vec4a v0x61a52c668180, 4, 0;
    %pushi/vec4 67108975, 0, 32;
    %ix/load 4, 304, 0;
    %flag_set/imm 4, 0;
    %store/vec4a v0x61a52c668180, 4, 0;
    %pushi/vec4 143123, 0, 32;
    %ix/load 4, 305, 0;
    %flag_set/imm 4, 0;
    %store/vec4a v0x61a52c668180, 4, 0;
    %pushi/vec4 988259, 0, 32;
    %ix/load 4, 306, 0;
    %flag_set/imm 4, 0;
    %store/vec4a v0x61a52c668180, 4, 0;
    %pushi/vec4 41943151, 0, 32;
    %ix/load 4, 307, 0;
    %flag_set/imm 4, 0;
    %store/vec4a v0x61a52c668180, 4, 0;
    %pushi/vec4 44819, 0, 32;
    %ix/load 4, 308, 0;
    %flag_set/imm 4, 0;
    %store/vec4a v0x61a52c668180, 4, 0;
    %pushi/vec4 988259, 0, 32;
    %ix/load 4, 309, 0;
    %flag_set/imm 4, 0;
    %store/vec4a v0x61a52c668180, 4, 0;
    %pushi/vec4 16777327, 0, 32;
    %ix/load 4, 310, 0;
    %flag_set/imm 4, 0;
    %store/vec4a v0x61a52c668180, 4, 0;
    %pushi/vec4 1052563, 0, 32;
    %ix/load 4, 311, 0;
    %flag_set/imm 4, 0;
    %store/vec4a v0x61a52c668180, 4, 0;
    %pushi/vec4 33328307, 0, 32;
    %ix/load 4, 312, 0;
    %flag_set/imm 4, 0;
    %store/vec4a v0x61a52c668180, 4, 0;
    %pushi/vec4 29360239, 0, 32;
    %ix/load 4, 313, 0;
    %flag_set/imm 4, 0;
    %store/vec4a v0x61a52c668180, 4, 0;
    %pushi/vec4 1052563, 0, 32;
    %ix/load 4, 314, 0;
    %flag_set/imm 4, 0;
    %store/vec4a v0x61a52c668180, 4, 0;
    %pushi/vec4 33328307, 0, 32;
    %ix/load 4, 315, 0;
    %flag_set/imm 4, 0;
    %store/vec4a v0x61a52c668180, 4, 0;
    %pushi/vec4 16777327, 0, 32;
    %ix/load 4, 316, 0;
    %flag_set/imm 4, 0;
    %store/vec4a v0x61a52c668180, 4, 0;
    %pushi/vec4 3987, 0, 32;
    %ix/load 4, 317, 0;
    %flag_set/imm 4, 0;
    %store/vec4a v0x61a52c668180, 4, 0;
    %pushi/vec4 33328307, 0, 32;
    %ix/load 4, 318, 0;
    %flag_set/imm 4, 0;
    %store/vec4a v0x61a52c668180, 4, 0;
    %pushi/vec4 4194415, 0, 32;
    %ix/load 4, 319, 0;
    %flag_set/imm 4, 0;
    %store/vec4a v0x61a52c668180, 4, 0;
    %pushi/vec4 3976979, 0, 32;
    %ix/load 4, 320, 0;
    %flag_set/imm 4, 0;
    %store/vec4a v0x61a52c668180, 4, 0;
    %pushi/vec4 988771, 0, 32;
    %ix/load 4, 321, 0;
    %flag_set/imm 4, 0;
    %store/vec4a v0x61a52c668180, 4, 0;
    %pushi/vec4 1052563, 0, 32;
    %ix/load 4, 322, 0;
    %flag_set/imm 4, 0;
    %store/vec4a v0x61a52c668180, 4, 0;
    %pushi/vec4 8388719, 0, 32;
    %ix/load 4, 323, 0;
    %flag_set/imm 4, 0;
    %store/vec4a v0x61a52c668180, 4, 0;
    %pushi/vec4 3987, 0, 32;
    %ix/load 4, 324, 0;
    %flag_set/imm 4, 0;
    %store/vec4a v0x61a52c668180, 4, 0;
    %pushi/vec4 4294967295, 0, 32;
    %ix/load 4, 325, 0;
    %flag_set/imm 4, 0;
    %store/vec4a v0x61a52c668180, 4, 0;
    %fork TD_tb.tick, S_0x61a52c66c290;
    %join;
    %pushi/vec4 0, 0, 1;
    %store/vec4 v0x61a52c66c9a0_0, 0, 1;
    %pushi/vec4 0, 0, 32;
    %store/vec4 v0x61a52c66c640_0, 0, 32;
T_11.0 ;
    %load/vec4 v0x61a52c66c700_0;
    %nor/r;
    %flag_set/vec4 9;
    %flag_get/vec4 9;
    %jmp/0 T_11.2, 9;
    %load/vec4 v0x61a52c66c640_0;
    %cmpi/s 5000, 0, 32;
    %flag_get/vec4 5;
    %and;
T_11.2;
    %flag_set/vec4 8;
    %jmp/0xz T_11.1, 8;
    %fork TD_tb.tick, S_0x61a52c66c290;
    %join;
    %jmp T_11.0;
T_11.1 ;
    %vpi_call/w 5 346 "$display", "CPU_RESULT prediction=%0d expected=0 cycles=%0d halted=%0d pc=%0d", &A<v0x61a52c6697b0, 31>, v0x61a52c66c640_0, v0x61a52c66c700_0, v0x61a52c66c890_0 {0 0 0};
    %load/vec4 v0x61a52c66c700_0;
    %nor/r;
    %flag_set/vec4 8;
    %jmp/0xz  T_11.3, 8;
    %vpi_call/w 5 347 "$error", "TinyRISC program did not halt" {0 0 0};
T_11.3 ;
    %ix/load 4, 31, 0;
    %flag_set/imm 4, 0;
    %load/vec4a v0x61a52c6697b0, 4;
    %cmpi/ne 0, 0, 32;
    %jmp/0xz  T_11.5, 6;
    %vpi_call/w 5 348 "$error", "TinyRISC CPU prediction mismatch" {0 0 0};
T_11.5 ;
    %vpi_call/w 5 349 "$finish" {0 0 0};
    %end;
    .thread T_11;
# The file index is used to find the file name in the following table.
:file_names 12;
    "N/A";
    "<interactive>";
    "-";
    "/app/rtl/counter.sv";
    "/app/rtl/register.sv";
    "/app/generated/cpu_random_forest_tb.sv";
    "/app/rtl/cpu.sv";
    "/app/rtl/ai_accelerator.sv";
    "/app/rtl/alu.sv";
    "/app/rtl/decoder.sv";
    "/app/rtl/instruction_memory.sv";
    "/app/rtl/register_file.sv";
