#! /usr/bin/vvp
:ivl_version "12.0 (stable)";
:ivl_delay_selection "TYPICAL";
:vpi_time_precision + 0;
:vpi_module "/usr/lib/x86_64-linux-gnu/ivl/system.vpi";
:vpi_module "/usr/lib/x86_64-linux-gnu/ivl/vhdl_sys.vpi";
:vpi_module "/usr/lib/x86_64-linux-gnu/ivl/vhdl_textio.vpi";
:vpi_module "/usr/lib/x86_64-linux-gnu/ivl/v2005_math.vpi";
:vpi_module "/usr/lib/x86_64-linux-gnu/ivl/va_math.vpi";
:vpi_module "/usr/lib/x86_64-linux-gnu/ivl/v2009.vpi";
S_0x5731f8d4ca80 .scope package, "$unit" "$unit" 2 1;
 .timescale 0 0;
S_0x5731f8d4e050 .scope module, "counter" "counter" 3 1;
 .timescale 0 0;
    .port_info 0 /INPUT 1 "clk";
    .port_info 1 /INPUT 1 "reset";
    .port_info 2 /OUTPUT 32 "count";
P_0x5731f8d4e3f0 .param/l "STEP" 0 3 1, +C4<00000000000000000000000000000001>;
P_0x5731f8d4e430 .param/l "WIDTH" 0 3 1, +C4<00000000000000000000000000100000>;
o0x76cec441e018 .functor BUFZ 1, C4<z>; HiZ drive
v0x5731f8cefd20_0 .net "clk", 0 0, o0x76cec441e018;  0 drivers
v0x5731f8d16270_0 .var "count", 31 0;
o0x76cec441e078 .functor BUFZ 1, C4<z>; HiZ drive
v0x5731f8d869d0_0 .net "reset", 0 0, o0x76cec441e078;  0 drivers
E_0x5731f8d03340 .event posedge, v0x5731f8cefd20_0;
S_0x5731f8cac5e0 .scope module, "register" "register" 4 1;
 .timescale 0 0;
    .port_info 0 /INPUT 1 "clk";
    .port_info 1 /INPUT 1 "reset";
    .port_info 2 /INPUT 32 "d";
    .port_info 3 /OUTPUT 32 "q";
P_0x5731f8cac770 .param/l "WIDTH" 0 4 1, +C4<00000000000000000000000000100000>;
o0x76cec441e138 .functor BUFZ 1, C4<z>; HiZ drive
v0x5731f8d86b40_0 .net "clk", 0 0, o0x76cec441e138;  0 drivers
o0x76cec441e168 .functor BUFZ 32, C4<zzzzzzzzzzzzzzzzzzzzzzzzzzzzzzzz>; HiZ drive
v0x5731f8d86c20_0 .net "d", 31 0, o0x76cec441e168;  0 drivers
v0x5731f8d86d00_0 .var "q", 31 0;
o0x76cec441e1c8 .functor BUFZ 1, C4<z>; HiZ drive
v0x5731f8d86df0_0 .net "reset", 0 0, o0x76cec441e1c8;  0 drivers
E_0x5731f8d034c0 .event posedge, v0x5731f8d86b40_0;
S_0x5731f8cac8a0 .scope module, "tb" "tb" 5 4;
 .timescale 0 0;
v0x5731f8d8eea0_0 .var "clk", 0 0;
v0x5731f8d8ef90_0 .net "current_instr", 31 0, L_0x5731f8cf57e0;  1 drivers
v0x5731f8d8f050_0 .var/i "cycles", 31 0;
v0x5731f8d8f110_0 .net "halted", 0 0, v0x5731f8d8dab0_0;  1 drivers
v0x5731f8d8f1b0_0 .net/s "last_result", 31 0, L_0x5731f8da0c00;  1 drivers
v0x5731f8d8f2a0_0 .net "pc", 31 0, v0x5731f8d8de90_0;  1 drivers
v0x5731f8d8f3b0_0 .var "reset", 0 0;
S_0x5731f8d86f60 .scope module, "dut" "cpu" 5 10, 6 1 0, S_0x5731f8cac8a0;
 .timescale 0 0;
    .port_info 0 /INPUT 1 "clk";
    .port_info 1 /INPUT 1 "reset";
    .port_info 2 /OUTPUT 32 "pc";
    .port_info 3 /OUTPUT 32 "current_instr";
    .port_info 4 /OUTPUT 32 "last_result";
    .port_info 5 /OUTPUT 1 "halted";
L_0x5731f8da09c0 .functor AND 1, v0x5731f8d89210_0, L_0x5731f8da0dd0, C4<1>, C4<1>;
L_0x5731f8da0ff0 .functor AND 1, v0x5731f8d892b0_0, L_0x5731f8da0f10, C4<1>, C4<1>;
L_0x5731f8da1100 .functor OR 1, L_0x5731f8da09c0, L_0x5731f8da0ff0, C4<0>, C4<0>;
L_0x5731f8da1300 .functor AND 1, v0x5731f8d89be0_0, L_0x5731f8da1210, C4<1>, C4<1>;
L_0x5731f8da1550 .functor AND 1, L_0x5731f8da1300, L_0x5731f8da1410, C4<1>, C4<1>;
L_0x5731f8da1750 .functor AND 1, L_0x5731f8da1550, L_0x5731f8da1660, C4<1>, C4<1>;
v0x5731f8d8c850_0 .net *"_ivl_12", 0 0, L_0x5731f8da0dd0;  1 drivers
v0x5731f8d8c930_0 .net *"_ivl_15", 0 0, L_0x5731f8da09c0;  1 drivers
v0x5731f8d8c9f0_0 .net *"_ivl_16", 0 0, L_0x5731f8da0f10;  1 drivers
v0x5731f8d8cac0_0 .net *"_ivl_19", 0 0, L_0x5731f8da0ff0;  1 drivers
v0x5731f8d8cb80_0 .net *"_ivl_23", 0 0, L_0x5731f8da1210;  1 drivers
v0x5731f8d8cc40_0 .net *"_ivl_25", 0 0, L_0x5731f8da1300;  1 drivers
v0x5731f8d8cd00_0 .net *"_ivl_27", 0 0, L_0x5731f8da1410;  1 drivers
v0x5731f8d8cdc0_0 .net *"_ivl_29", 0 0, L_0x5731f8da1550;  1 drivers
v0x5731f8d8ce80_0 .net *"_ivl_31", 0 0, L_0x5731f8da1660;  1 drivers
L_0x76cec43d5330 .functor BUFT 1, C4<00000000000000000000000000000100>, C4<0>, C4<0>, C4<0>;
v0x5731f8d8cf40_0 .net/2u *"_ivl_4", 31 0, L_0x76cec43d5330;  1 drivers
v0x5731f8d8d020_0 .net *"_ivl_6", 31 0, L_0x5731f8da0920;  1 drivers
v0x5731f8d8d100_0 .net *"_ivl_8", 31 0, L_0x5731f8da0ac0;  1 drivers
v0x5731f8d8d1e0_0 .net/s "alu_b", 31 0, L_0x5731f8da0600;  1 drivers
v0x5731f8d8d2a0_0 .net "alu_op", 3 0, v0x5731f8d89100_0;  1 drivers
v0x5731f8d8d340_0 .net/s "alu_result", 31 0, v0x5731f8d88ad0_0;  1 drivers
v0x5731f8d8d400_0 .net "branch_eq", 0 0, v0x5731f8d89210_0;  1 drivers
v0x5731f8d8d4d0_0 .net "branch_ne", 0 0, v0x5731f8d892b0_0;  1 drivers
v0x5731f8d8d6b0_0 .net "clk", 0 0, v0x5731f8d8eea0_0;  1 drivers
v0x5731f8d8d780_0 .net "current_instr", 31 0, L_0x5731f8cf57e0;  alias, 1 drivers
v0x5731f8d8d870_0 .net "dot_pred", 0 0, v0x5731f8d878a0_0;  1 drivers
v0x5731f8d8d910_0 .net/s "dot_result", 31 0, v0x5731f8d875f0_0;  1 drivers
v0x5731f8d8d9e0_0 .net "halt_dec", 0 0, v0x5731f8d89590_0;  1 drivers
v0x5731f8d8dab0_0 .var "halted", 0 0;
v0x5731f8d8db50_0 .net/s "imm", 31 0, v0x5731f8d89650_0;  1 drivers
v0x5731f8d8dc20_0 .net "is_dot", 0 0, v0x5731f8d89810_0;  1 drivers
v0x5731f8d8dcf0_0 .net "jump", 0 0, v0x5731f8d89960_0;  1 drivers
v0x5731f8d8ddc0_0 .net/s "last_result", 31 0, L_0x5731f8da0c00;  alias, 1 drivers
v0x5731f8d8de90_0 .var "pc", 31 0;
v0x5731f8d8df60_0 .net "rd", 4 0, v0x5731f8d89b00_0;  1 drivers
v0x5731f8d8e050_0 .net "reg_write", 0 0, v0x5731f8d89be0_0;  1 drivers
v0x5731f8d8e0f0_0 .net "reset", 0 0, v0x5731f8d8f3b0_0;  1 drivers
v0x5731f8d8e190_0 .net "rf_we", 0 0, L_0x5731f8da1750;  1 drivers
v0x5731f8d8e260_0 .net "rs1", 4 0, v0x5731f8d89ca0_0;  1 drivers
v0x5731f8d8e560_0 .net "rs2", 4 0, v0x5731f8d89d80_0;  1 drivers
v0x5731f8d8e650_0 .net/s "rv1", 31 0, L_0x5731f8d9fd70;  1 drivers
v0x5731f8d8e6f0_0 .net "rv1_u", 31 0, L_0x5731f8d9fd70;  alias, 1 drivers
v0x5731f8d8e790_0 .net/s "rv2", 31 0, L_0x5731f8da0470;  1 drivers
v0x5731f8d8e830_0 .net "rv2_u", 31 0, L_0x5731f8da0470;  alias, 1 drivers
v0x5731f8d8e8d0_0 .net "take_branch", 0 0, L_0x5731f8da1100;  1 drivers
v0x5731f8d8e990_0 .net "use_imm", 0 0, v0x5731f8d89e60_0;  1 drivers
v0x5731f8d8ea30_0 .net "write_data", 31 0, L_0x5731f8da0c00;  alias, 1 drivers
v0x5731f8d8eb20_0 .net "zero", 0 0, L_0x5731f8da0790;  1 drivers
L_0x5731f8da0600 .functor MUXZ 32, L_0x5731f8da0470, v0x5731f8d89650_0, v0x5731f8d89e60_0, C4<>;
L_0x5731f8da0920 .arith/sum 32, v0x5731f8d8de90_0, L_0x76cec43d5330;
L_0x5731f8da0ac0 .functor MUXZ 32, v0x5731f8d88ad0_0, v0x5731f8d875f0_0, v0x5731f8d89810_0, C4<>;
L_0x5731f8da0c00 .functor MUXZ 32, L_0x5731f8da0ac0, L_0x5731f8da0920, v0x5731f8d89960_0, C4<>;
L_0x5731f8da0dd0 .cmp/eq 32, L_0x5731f8d9fd70, L_0x5731f8da0470;
L_0x5731f8da0f10 .cmp/ne 32, L_0x5731f8d9fd70, L_0x5731f8da0470;
L_0x5731f8da1210 .reduce/nor v0x5731f8d8f3b0_0;
L_0x5731f8da1410 .reduce/nor v0x5731f8d8dab0_0;
L_0x5731f8da1660 .reduce/nor v0x5731f8d89590_0;
S_0x5731f8d87200 .scope module, "acc" "ai_accelerator" 6 40, 7 1 0, S_0x5731f8d86f60;
 .timescale 0 0;
    .port_info 0 /INPUT 32 "packed_x";
    .port_info 1 /INPUT 32 "packed_w";
    .port_info 2 /INPUT 32 "bias";
    .port_info 3 /OUTPUT 32 "dot";
    .port_info 4 /OUTPUT 1 "prediction";
L_0x76cec43d52e8 .functor BUFT 1, C4<00000000000000000000000000000000>, C4<0>, C4<0>, C4<0>;
v0x5731f8d874f0_0 .net/s "bias", 31 0, L_0x76cec43d52e8;  1 drivers
v0x5731f8d875f0_0 .var/s "dot", 31 0;
v0x5731f8d876d0_0 .net "packed_w", 31 0, L_0x5731f8da0470;  alias, 1 drivers
v0x5731f8d877c0_0 .net "packed_x", 31 0, L_0x5731f8d9fd70;  alias, 1 drivers
v0x5731f8d878a0_0 .var "prediction", 0 0;
v0x5731f8d879b0_0 .var/s "w0", 7 0;
v0x5731f8d87a90_0 .var/s "w1", 7 0;
v0x5731f8d87b70_0 .var/s "w2", 7 0;
v0x5731f8d87c50_0 .var/s "w3", 7 0;
v0x5731f8d87d30_0 .var/s "x0", 7 0;
v0x5731f8d87e10_0 .var/s "x1", 7 0;
v0x5731f8d87ef0_0 .var/s "x2", 7 0;
v0x5731f8d87fd0_0 .var/s "x3", 7 0;
E_0x5731f8d33960/0 .event anyedge, v0x5731f8d877c0_0, v0x5731f8d877c0_0, v0x5731f8d877c0_0, v0x5731f8d877c0_0;
E_0x5731f8d33960/1 .event anyedge, v0x5731f8d876d0_0, v0x5731f8d876d0_0, v0x5731f8d876d0_0, v0x5731f8d876d0_0;
E_0x5731f8d33960/2 .event anyedge, v0x5731f8d874f0_0;
E_0x5731f8d33960 .event/or E_0x5731f8d33960/0, E_0x5731f8d33960/1, E_0x5731f8d33960/2;
S_0x5731f8d88150 .scope module, "alu0" "alu" 6 39, 8 1 0, S_0x5731f8d86f60;
 .timescale 0 0;
    .port_info 0 /INPUT 32 "a";
    .port_info 1 /INPUT 32 "b";
    .port_info 2 /INPUT 4 "op";
    .port_info 3 /OUTPUT 32 "result";
    .port_info 4 /OUTPUT 1 "zero";
P_0x5731f8d1ec60 .param/l "ALU_ADD" 1 8 8, C4<0000>;
P_0x5731f8d1eca0 .param/l "ALU_AND" 1 8 10, C4<0010>;
P_0x5731f8d1ece0 .param/l "ALU_MUL" 1 8 13, C4<0101>;
P_0x5731f8d1ed20 .param/l "ALU_OR" 1 8 11, C4<0011>;
P_0x5731f8d1ed60 .param/l "ALU_SLT" 1 8 14, C4<0110>;
P_0x5731f8d1eda0 .param/l "ALU_SRA" 1 8 15, C4<0111>;
P_0x5731f8d1ede0 .param/l "ALU_SUB" 1 8 9, C4<0001>;
P_0x5731f8d1ee20 .param/l "ALU_XOR" 1 8 12, C4<0100>;
L_0x76cec43d52a0 .functor BUFT 1, C4<00000000000000000000000000000000>, C4<0>, C4<0>, C4<0>;
v0x5731f8d88730_0 .net/2s *"_ivl_0", 31 0, L_0x76cec43d52a0;  1 drivers
v0x5731f8d88830_0 .net/s "a", 31 0, L_0x5731f8d9fd70;  alias, 1 drivers
v0x5731f8d88920_0 .net/s "b", 31 0, L_0x5731f8da0600;  alias, 1 drivers
v0x5731f8d889f0_0 .net "op", 3 0, v0x5731f8d89100_0;  alias, 1 drivers
v0x5731f8d88ad0_0 .var/s "result", 31 0;
v0x5731f8d88c00_0 .net "zero", 0 0, L_0x5731f8da0790;  alias, 1 drivers
E_0x5731f8d33820 .event anyedge, v0x5731f8d889f0_0, v0x5731f8d877c0_0, v0x5731f8d88920_0, v0x5731f8d88920_0;
L_0x5731f8da0790 .cmp/eq 32, v0x5731f8d88ad0_0, L_0x76cec43d52a0;
S_0x5731f8d88d60 .scope module, "dec" "decoder" 6 22, 9 1 0, S_0x5731f8d86f60;
 .timescale 0 0;
    .port_info 0 /INPUT 32 "instr";
    .port_info 1 /OUTPUT 5 "rs1";
    .port_info 2 /OUTPUT 5 "rs2";
    .port_info 3 /OUTPUT 5 "rd";
    .port_info 4 /OUTPUT 4 "alu_op";
    .port_info 5 /OUTPUT 1 "use_imm";
    .port_info 6 /OUTPUT 1 "reg_write";
    .port_info 7 /OUTPUT 1 "is_dot";
    .port_info 8 /OUTPUT 1 "branch_eq";
    .port_info 9 /OUTPUT 1 "branch_ne";
    .port_info 10 /OUTPUT 1 "jump";
    .port_info 11 /OUTPUT 1 "halt";
    .port_info 12 /OUTPUT 32 "imm";
v0x5731f8d89100_0 .var "alu_op", 3 0;
v0x5731f8d89210_0 .var "branch_eq", 0 0;
v0x5731f8d892b0_0 .var "branch_ne", 0 0;
v0x5731f8d89380_0 .var "funct3", 2 0;
v0x5731f8d89460_0 .var "funct7", 6 0;
v0x5731f8d89590_0 .var "halt", 0 0;
v0x5731f8d89650_0 .var/s "imm", 31 0;
v0x5731f8d89730_0 .net "instr", 31 0, L_0x5731f8cf57e0;  alias, 1 drivers
v0x5731f8d89810_0 .var "is_dot", 0 0;
v0x5731f8d89960_0 .var "jump", 0 0;
v0x5731f8d89a20_0 .var "opcode", 6 0;
v0x5731f8d89b00_0 .var "rd", 4 0;
v0x5731f8d89be0_0 .var "reg_write", 0 0;
v0x5731f8d89ca0_0 .var "rs1", 4 0;
v0x5731f8d89d80_0 .var "rs2", 4 0;
v0x5731f8d89e60_0 .var "use_imm", 0 0;
E_0x5731f8d6bb40/0 .event anyedge, v0x5731f8d89730_0, v0x5731f8d89730_0, v0x5731f8d89730_0, v0x5731f8d89730_0;
E_0x5731f8d6bb40/1 .event anyedge, v0x5731f8d89730_0, v0x5731f8d89730_0, v0x5731f8d89730_0, v0x5731f8d89730_0;
E_0x5731f8d6bb40/2 .event anyedge, v0x5731f8d89730_0, v0x5731f8d89730_0, v0x5731f8d89730_0, v0x5731f8d89730_0;
E_0x5731f8d6bb40/3 .event anyedge, v0x5731f8d89730_0, v0x5731f8d89730_0, v0x5731f8d89730_0;
E_0x5731f8d6bb40 .event/or E_0x5731f8d6bb40/0, E_0x5731f8d6bb40/1, E_0x5731f8d6bb40/2, E_0x5731f8d6bb40/3;
S_0x5731f8d8a130 .scope module, "imem" "instruction_memory" 6 20, 10 1 0, S_0x5731f8d86f60;
 .timescale 0 0;
    .port_info 0 /INPUT 32 "addr";
    .port_info 1 /OUTPUT 32 "instr";
P_0x5731f8d8a2c0 .param/l "DEPTH" 0 10 2, +C4<00000000000000000000010000000000>;
P_0x5731f8d8a300 .param/l "INDEX_BITS" 1 10 7, +C4<00000000000000000000000000001010>;
L_0x5731f8cf57e0 .functor BUFZ 32, L_0x5731f8d8f450, C4<00000000000000000000000000000000>, C4<00000000000000000000000000000000>, C4<00000000000000000000000000000000>;
v0x5731f8d8a510_0 .net *"_ivl_0", 31 0, L_0x5731f8d8f450;  1 drivers
v0x5731f8d8a610_0 .net *"_ivl_3", 9 0, L_0x5731f8d8f4f0;  1 drivers
v0x5731f8d8a6f0_0 .net *"_ivl_4", 11 0, L_0x5731f8d8f5c0;  1 drivers
L_0x76cec43d5018 .functor BUFT 1, C4<00>, C4<0>, C4<0>, C4<0>;
v0x5731f8d8a7e0_0 .net *"_ivl_7", 1 0, L_0x76cec43d5018;  1 drivers
v0x5731f8d8a8c0_0 .net "addr", 31 0, v0x5731f8d8de90_0;  alias, 1 drivers
v0x5731f8d8a9f0_0 .var/i "i", 31 0;
v0x5731f8d8aad0_0 .net "instr", 31 0, L_0x5731f8cf57e0;  alias, 1 drivers
v0x5731f8d8ab90 .array "mem", 1023 0, 31 0;
L_0x5731f8d8f450 .array/port v0x5731f8d8ab90, L_0x5731f8d8f5c0;
L_0x5731f8d8f4f0 .part v0x5731f8d8de90_0, 2, 10;
L_0x5731f8d8f5c0 .concat [ 10 2 0 0], L_0x5731f8d8f4f0, L_0x76cec43d5018;
S_0x5731f8d8ac90 .scope module, "rf" "register_file" 6 30, 11 1 0, S_0x5731f8d86f60;
 .timescale 0 0;
    .port_info 0 /INPUT 1 "clk";
    .port_info 1 /INPUT 1 "we";
    .port_info 2 /INPUT 5 "rs1";
    .port_info 3 /INPUT 5 "rs2";
    .port_info 4 /INPUT 5 "rd";
    .port_info 5 /INPUT 32 "wd";
    .port_info 6 /OUTPUT 32 "rv1";
    .port_info 7 /OUTPUT 32 "rv2";
v0x5731f8d8b040_0 .net *"_ivl_0", 31 0, L_0x5731f8d8f7e0;  1 drivers
v0x5731f8d8b140_0 .net *"_ivl_10", 31 0, L_0x5731f8d9faa0;  1 drivers
v0x5731f8d8b220_0 .net *"_ivl_12", 6 0, L_0x5731f8d9fb70;  1 drivers
L_0x76cec43d5138 .functor BUFT 1, C4<00>, C4<0>, C4<0>, C4<0>;
v0x5731f8d8b2e0_0 .net *"_ivl_15", 1 0, L_0x76cec43d5138;  1 drivers
v0x5731f8d8b3c0_0 .net *"_ivl_18", 31 0, L_0x5731f8d9ff00;  1 drivers
L_0x76cec43d5180 .functor BUFT 1, C4<000000000000000000000000000>, C4<0>, C4<0>, C4<0>;
v0x5731f8d8b4f0_0 .net *"_ivl_21", 26 0, L_0x76cec43d5180;  1 drivers
L_0x76cec43d51c8 .functor BUFT 1, C4<00000000000000000000000000000000>, C4<0>, C4<0>, C4<0>;
v0x5731f8d8b5d0_0 .net/2u *"_ivl_22", 31 0, L_0x76cec43d51c8;  1 drivers
v0x5731f8d8b6b0_0 .net *"_ivl_24", 0 0, L_0x5731f8da0030;  1 drivers
L_0x76cec43d5210 .functor BUFT 1, C4<00000000000000000000000000000000>, C4<0>, C4<0>, C4<0>;
v0x5731f8d8b770_0 .net/2u *"_ivl_26", 31 0, L_0x76cec43d5210;  1 drivers
v0x5731f8d8b850_0 .net *"_ivl_28", 31 0, L_0x5731f8da0170;  1 drivers
L_0x76cec43d5060 .functor BUFT 1, C4<000000000000000000000000000>, C4<0>, C4<0>, C4<0>;
v0x5731f8d8b930_0 .net *"_ivl_3", 26 0, L_0x76cec43d5060;  1 drivers
v0x5731f8d8ba10_0 .net *"_ivl_30", 6 0, L_0x5731f8da0260;  1 drivers
L_0x76cec43d5258 .functor BUFT 1, C4<00>, C4<0>, C4<0>, C4<0>;
v0x5731f8d8baf0_0 .net *"_ivl_33", 1 0, L_0x76cec43d5258;  1 drivers
L_0x76cec43d50a8 .functor BUFT 1, C4<00000000000000000000000000000000>, C4<0>, C4<0>, C4<0>;
v0x5731f8d8bbd0_0 .net/2u *"_ivl_4", 31 0, L_0x76cec43d50a8;  1 drivers
v0x5731f8d8bcb0_0 .net *"_ivl_6", 0 0, L_0x5731f8d9f930;  1 drivers
L_0x76cec43d50f0 .functor BUFT 1, C4<00000000000000000000000000000000>, C4<0>, C4<0>, C4<0>;
v0x5731f8d8bd70_0 .net/2u *"_ivl_8", 31 0, L_0x76cec43d50f0;  1 drivers
v0x5731f8d8be50_0 .net "clk", 0 0, v0x5731f8d8eea0_0;  alias, 1 drivers
v0x5731f8d8c020_0 .var/i "i", 31 0;
v0x5731f8d8c100_0 .net "rd", 4 0, v0x5731f8d89b00_0;  alias, 1 drivers
v0x5731f8d8c1c0 .array "regs", 31 0, 31 0;
v0x5731f8d8c260_0 .net "rs1", 4 0, v0x5731f8d89ca0_0;  alias, 1 drivers
v0x5731f8d8c350_0 .net "rs2", 4 0, v0x5731f8d89d80_0;  alias, 1 drivers
v0x5731f8d8c420_0 .net "rv1", 31 0, L_0x5731f8d9fd70;  alias, 1 drivers
v0x5731f8d8c4c0_0 .net "rv2", 31 0, L_0x5731f8da0470;  alias, 1 drivers
v0x5731f8d8c580_0 .net "wd", 31 0, L_0x5731f8da0c00;  alias, 1 drivers
v0x5731f8d8c640_0 .net "we", 0 0, L_0x5731f8da1750;  alias, 1 drivers
E_0x5731f8d8afe0 .event posedge, v0x5731f8d8be50_0;
L_0x5731f8d8f7e0 .concat [ 5 27 0 0], v0x5731f8d89ca0_0, L_0x76cec43d5060;
L_0x5731f8d9f930 .cmp/eq 32, L_0x5731f8d8f7e0, L_0x76cec43d50a8;
L_0x5731f8d9faa0 .array/port v0x5731f8d8c1c0, L_0x5731f8d9fb70;
L_0x5731f8d9fb70 .concat [ 5 2 0 0], v0x5731f8d89ca0_0, L_0x76cec43d5138;
L_0x5731f8d9fd70 .functor MUXZ 32, L_0x5731f8d9faa0, L_0x76cec43d50f0, L_0x5731f8d9f930, C4<>;
L_0x5731f8d9ff00 .concat [ 5 27 0 0], v0x5731f8d89d80_0, L_0x76cec43d5180;
L_0x5731f8da0030 .cmp/eq 32, L_0x5731f8d9ff00, L_0x76cec43d51c8;
L_0x5731f8da0170 .array/port v0x5731f8d8c1c0, L_0x5731f8da0260;
L_0x5731f8da0260 .concat [ 5 2 0 0], v0x5731f8d89d80_0, L_0x76cec43d5258;
L_0x5731f8da0470 .functor MUXZ 32, L_0x5731f8da0170, L_0x76cec43d5210, L_0x5731f8da0030, C4<>;
S_0x5731f8d8eca0 .scope task, "tick" "tick" 5 12, 5 12 0, S_0x5731f8cac8a0;
 .timescale 0 0;
TD_tb.tick ;
    %delay 1, 0;
    %pushi/vec4 1, 0, 1;
    %store/vec4 v0x5731f8d8eea0_0, 0, 1;
    %delay 1, 0;
    %pushi/vec4 0, 0, 1;
    %store/vec4 v0x5731f8d8eea0_0, 0, 1;
    %delay 1, 0;
    %load/vec4 v0x5731f8d8f050_0;
    %addi 1, 0, 32;
    %store/vec4 v0x5731f8d8f050_0, 0, 32;
    %end;
    .scope S_0x5731f8d4e050;
T_1 ;
    %wait E_0x5731f8d03340;
    %load/vec4 v0x5731f8d869d0_0;
    %flag_set/vec4 8;
    %jmp/0xz  T_1.0, 8;
    %pushi/vec4 0, 0, 32;
    %assign/vec4 v0x5731f8d16270_0, 0;
    %jmp T_1.1;
T_1.0 ;
    %load/vec4 v0x5731f8d16270_0;
    %addi 1, 0, 32;
    %assign/vec4 v0x5731f8d16270_0, 0;
T_1.1 ;
    %jmp T_1;
    .thread T_1;
    .scope S_0x5731f8cac5e0;
T_2 ;
    %wait E_0x5731f8d034c0;
    %load/vec4 v0x5731f8d86df0_0;
    %flag_set/vec4 8;
    %jmp/0xz  T_2.0, 8;
    %pushi/vec4 0, 0, 32;
    %assign/vec4 v0x5731f8d86d00_0, 0;
    %jmp T_2.1;
T_2.0 ;
    %load/vec4 v0x5731f8d86c20_0;
    %assign/vec4 v0x5731f8d86d00_0, 0;
T_2.1 ;
    %jmp T_2;
    .thread T_2;
    .scope S_0x5731f8d8a130;
T_3 ;
    %pushi/vec4 0, 0, 32;
    %store/vec4 v0x5731f8d8a9f0_0, 0, 32;
T_3.0 ;
    %load/vec4 v0x5731f8d8a9f0_0;
    %cmpi/s 1024, 0, 32;
    %jmp/0xz T_3.1, 5;
    %pushi/vec4 19, 0, 32;
    %ix/getv/s 4, v0x5731f8d8a9f0_0;
    %store/vec4a v0x5731f8d8ab90, 4, 0;
    %load/vec4 v0x5731f8d8a9f0_0;
    %addi 1, 0, 32;
    %store/vec4 v0x5731f8d8a9f0_0, 0, 32;
    %jmp T_3.0;
T_3.1 ;
    %end;
    .thread T_3;
    .scope S_0x5731f8d88d60;
T_4 ;
Ewait_0 .event/or E_0x5731f8d6bb40, E_0x0;
    %wait Ewait_0;
    %load/vec4 v0x5731f8d89730_0;
    %parti/s 7, 0, 2;
    %store/vec4 v0x5731f8d89a20_0, 0, 7;
    %load/vec4 v0x5731f8d89730_0;
    %parti/s 5, 7, 4;
    %store/vec4 v0x5731f8d89b00_0, 0, 5;
    %load/vec4 v0x5731f8d89730_0;
    %parti/s 3, 12, 5;
    %store/vec4 v0x5731f8d89380_0, 0, 3;
    %load/vec4 v0x5731f8d89730_0;
    %parti/s 5, 15, 5;
    %store/vec4 v0x5731f8d89ca0_0, 0, 5;
    %load/vec4 v0x5731f8d89730_0;
    %parti/s 5, 20, 6;
    %store/vec4 v0x5731f8d89d80_0, 0, 5;
    %load/vec4 v0x5731f8d89730_0;
    %parti/s 7, 25, 6;
    %store/vec4 v0x5731f8d89460_0, 0, 7;
    %pushi/vec4 0, 0, 4;
    %store/vec4 v0x5731f8d89100_0, 0, 4;
    %pushi/vec4 0, 0, 1;
    %store/vec4 v0x5731f8d89e60_0, 0, 1;
    %pushi/vec4 0, 0, 1;
    %store/vec4 v0x5731f8d89be0_0, 0, 1;
    %pushi/vec4 0, 0, 1;
    %store/vec4 v0x5731f8d89810_0, 0, 1;
    %pushi/vec4 0, 0, 1;
    %store/vec4 v0x5731f8d89210_0, 0, 1;
    %pushi/vec4 0, 0, 1;
    %store/vec4 v0x5731f8d892b0_0, 0, 1;
    %pushi/vec4 0, 0, 1;
    %store/vec4 v0x5731f8d89960_0, 0, 1;
    %pushi/vec4 0, 0, 1;
    %store/vec4 v0x5731f8d89590_0, 0, 1;
    %pushi/vec4 0, 0, 32;
    %store/vec4 v0x5731f8d89650_0, 0, 32;
    %load/vec4 v0x5731f8d89730_0;
    %cmpi/e 4294967295, 0, 32;
    %jmp/0xz  T_4.0, 4;
    %pushi/vec4 1, 0, 1;
    %store/vec4 v0x5731f8d89590_0, 0, 1;
    %jmp T_4.1;
T_4.0 ;
    %load/vec4 v0x5731f8d89a20_0;
    %dup/vec4;
    %pushi/vec4 51, 0, 7;
    %cmp/u;
    %jmp/1 T_4.2, 6;
    %dup/vec4;
    %pushi/vec4 19, 0, 7;
    %cmp/u;
    %jmp/1 T_4.3, 6;
    %dup/vec4;
    %pushi/vec4 99, 0, 7;
    %cmp/u;
    %jmp/1 T_4.4, 6;
    %dup/vec4;
    %pushi/vec4 111, 0, 7;
    %cmp/u;
    %jmp/1 T_4.5, 6;
    %dup/vec4;
    %pushi/vec4 11, 0, 7;
    %cmp/u;
    %jmp/1 T_4.6, 6;
    %jmp T_4.8;
T_4.2 ;
    %pushi/vec4 1, 0, 1;
    %store/vec4 v0x5731f8d89be0_0, 0, 1;
    %load/vec4 v0x5731f8d89460_0;
    %load/vec4 v0x5731f8d89380_0;
    %concat/vec4; draw_concat_vec4
    %dup/vec4;
    %pushi/vec4 0, 0, 10;
    %cmp/u;
    %jmp/1 T_4.9, 6;
    %dup/vec4;
    %pushi/vec4 256, 0, 10;
    %cmp/u;
    %jmp/1 T_4.10, 6;
    %dup/vec4;
    %pushi/vec4 7, 0, 10;
    %cmp/u;
    %jmp/1 T_4.11, 6;
    %dup/vec4;
    %pushi/vec4 6, 0, 10;
    %cmp/u;
    %jmp/1 T_4.12, 6;
    %dup/vec4;
    %pushi/vec4 4, 0, 10;
    %cmp/u;
    %jmp/1 T_4.13, 6;
    %dup/vec4;
    %pushi/vec4 8, 0, 10;
    %cmp/u;
    %jmp/1 T_4.14, 6;
    %pushi/vec4 0, 0, 4;
    %store/vec4 v0x5731f8d89100_0, 0, 4;
    %pushi/vec4 0, 0, 1;
    %store/vec4 v0x5731f8d89be0_0, 0, 1;
    %jmp T_4.16;
T_4.9 ;
    %pushi/vec4 0, 0, 4;
    %store/vec4 v0x5731f8d89100_0, 0, 4;
    %jmp T_4.16;
T_4.10 ;
    %pushi/vec4 1, 0, 4;
    %store/vec4 v0x5731f8d89100_0, 0, 4;
    %jmp T_4.16;
T_4.11 ;
    %pushi/vec4 2, 0, 4;
    %store/vec4 v0x5731f8d89100_0, 0, 4;
    %jmp T_4.16;
T_4.12 ;
    %pushi/vec4 3, 0, 4;
    %store/vec4 v0x5731f8d89100_0, 0, 4;
    %jmp T_4.16;
T_4.13 ;
    %pushi/vec4 4, 0, 4;
    %store/vec4 v0x5731f8d89100_0, 0, 4;
    %jmp T_4.16;
T_4.14 ;
    %pushi/vec4 5, 0, 4;
    %store/vec4 v0x5731f8d89100_0, 0, 4;
    %jmp T_4.16;
T_4.16 ;
    %pop/vec4 1;
    %jmp T_4.8;
T_4.3 ;
    %load/vec4 v0x5731f8d89730_0;
    %parti/s 1, 31, 6;
    %replicate 20;
    %load/vec4 v0x5731f8d89730_0;
    %parti/s 12, 20, 6;
    %concat/vec4; draw_concat_vec4
    %store/vec4 v0x5731f8d89650_0, 0, 32;
    %load/vec4 v0x5731f8d89380_0;
    %dup/vec4;
    %pushi/vec4 0, 0, 3;
    %cmp/u;
    %jmp/1 T_4.17, 6;
    %dup/vec4;
    %pushi/vec4 2, 0, 3;
    %cmp/u;
    %jmp/1 T_4.18, 6;
    %dup/vec4;
    %pushi/vec4 5, 0, 3;
    %cmp/u;
    %jmp/1 T_4.19, 6;
    %jmp T_4.21;
T_4.17 ;
    %pushi/vec4 0, 0, 4;
    %store/vec4 v0x5731f8d89100_0, 0, 4;
    %pushi/vec4 1, 0, 1;
    %store/vec4 v0x5731f8d89e60_0, 0, 1;
    %pushi/vec4 1, 0, 1;
    %store/vec4 v0x5731f8d89be0_0, 0, 1;
    %jmp T_4.21;
T_4.18 ;
    %pushi/vec4 6, 0, 4;
    %store/vec4 v0x5731f8d89100_0, 0, 4;
    %pushi/vec4 1, 0, 1;
    %store/vec4 v0x5731f8d89e60_0, 0, 1;
    %pushi/vec4 1, 0, 1;
    %store/vec4 v0x5731f8d89be0_0, 0, 1;
    %jmp T_4.21;
T_4.19 ;
    %pushi/vec4 7, 0, 4;
    %store/vec4 v0x5731f8d89100_0, 0, 4;
    %pushi/vec4 1, 0, 1;
    %store/vec4 v0x5731f8d89e60_0, 0, 1;
    %pushi/vec4 1, 0, 1;
    %store/vec4 v0x5731f8d89be0_0, 0, 1;
    %pushi/vec4 0, 0, 27;
    %load/vec4 v0x5731f8d89730_0;
    %parti/s 5, 20, 6;
    %concat/vec4; draw_concat_vec4
    %store/vec4 v0x5731f8d89650_0, 0, 32;
    %jmp T_4.21;
T_4.21 ;
    %pop/vec4 1;
    %jmp T_4.8;
T_4.4 ;
    %load/vec4 v0x5731f8d89730_0;
    %parti/s 1, 31, 6;
    %replicate 19;
    %load/vec4 v0x5731f8d89730_0;
    %parti/s 1, 31, 6;
    %concat/vec4; draw_concat_vec4
    %load/vec4 v0x5731f8d89730_0;
    %parti/s 1, 7, 4;
    %concat/vec4; draw_concat_vec4
    %load/vec4 v0x5731f8d89730_0;
    %parti/s 6, 25, 6;
    %concat/vec4; draw_concat_vec4
    %load/vec4 v0x5731f8d89730_0;
    %parti/s 4, 8, 5;
    %concat/vec4; draw_concat_vec4
    %concati/vec4 0, 0, 1;
    %store/vec4 v0x5731f8d89650_0, 0, 32;
    %load/vec4 v0x5731f8d89380_0;
    %dup/vec4;
    %pushi/vec4 0, 0, 3;
    %cmp/u;
    %jmp/1 T_4.22, 6;
    %dup/vec4;
    %pushi/vec4 1, 0, 3;
    %cmp/u;
    %jmp/1 T_4.23, 6;
    %jmp T_4.25;
T_4.22 ;
    %pushi/vec4 1, 0, 1;
    %store/vec4 v0x5731f8d89210_0, 0, 1;
    %jmp T_4.25;
T_4.23 ;
    %pushi/vec4 1, 0, 1;
    %store/vec4 v0x5731f8d892b0_0, 0, 1;
    %jmp T_4.25;
T_4.25 ;
    %pop/vec4 1;
    %jmp T_4.8;
T_4.5 ;
    %load/vec4 v0x5731f8d89730_0;
    %parti/s 1, 31, 6;
    %replicate 11;
    %load/vec4 v0x5731f8d89730_0;
    %parti/s 1, 31, 6;
    %concat/vec4; draw_concat_vec4
    %load/vec4 v0x5731f8d89730_0;
    %parti/s 8, 12, 5;
    %concat/vec4; draw_concat_vec4
    %load/vec4 v0x5731f8d89730_0;
    %parti/s 1, 20, 6;
    %concat/vec4; draw_concat_vec4
    %load/vec4 v0x5731f8d89730_0;
    %parti/s 10, 21, 6;
    %concat/vec4; draw_concat_vec4
    %concati/vec4 0, 0, 1;
    %store/vec4 v0x5731f8d89650_0, 0, 32;
    %pushi/vec4 1, 0, 1;
    %store/vec4 v0x5731f8d89960_0, 0, 1;
    %load/vec4 v0x5731f8d89b00_0;
    %pushi/vec4 0, 0, 5;
    %cmp/ne;
    %flag_get/vec4 4;
    %store/vec4 v0x5731f8d89be0_0, 0, 1;
    %jmp T_4.8;
T_4.6 ;
    %pushi/vec4 1, 0, 1;
    %store/vec4 v0x5731f8d89810_0, 0, 1;
    %pushi/vec4 1, 0, 1;
    %store/vec4 v0x5731f8d89be0_0, 0, 1;
    %jmp T_4.8;
T_4.8 ;
    %pop/vec4 1;
T_4.1 ;
    %jmp T_4;
    .thread T_4, $push;
    .scope S_0x5731f8d8ac90;
T_5 ;
    %pushi/vec4 0, 0, 32;
    %store/vec4 v0x5731f8d8c020_0, 0, 32;
T_5.0 ;
    %load/vec4 v0x5731f8d8c020_0;
    %cmpi/s 32, 0, 32;
    %jmp/0xz T_5.1, 5;
    %pushi/vec4 0, 0, 32;
    %ix/getv/s 4, v0x5731f8d8c020_0;
    %store/vec4a v0x5731f8d8c1c0, 4, 0;
    %load/vec4 v0x5731f8d8c020_0;
    %addi 1, 0, 32;
    %store/vec4 v0x5731f8d8c020_0, 0, 32;
    %jmp T_5.0;
T_5.1 ;
    %end;
    .thread T_5;
    .scope S_0x5731f8d8ac90;
T_6 ;
    %wait E_0x5731f8d8afe0;
    %load/vec4 v0x5731f8d8c640_0;
    %flag_set/vec4 9;
    %flag_get/vec4 9;
    %jmp/0 T_6.2, 9;
    %load/vec4 v0x5731f8d8c100_0;
    %pad/u 32;
    %pushi/vec4 0, 0, 32;
    %cmp/ne;
    %flag_get/vec4 4;
    %and;
T_6.2;
    %flag_set/vec4 8;
    %jmp/0xz  T_6.0, 8;
    %load/vec4 v0x5731f8d8c580_0;
    %load/vec4 v0x5731f8d8c100_0;
    %pad/u 7;
    %ix/vec4 3;
    %ix/load 4, 0, 0; Constant delay
    %assign/vec4/a/d v0x5731f8d8c1c0, 0, 4;
T_6.0 ;
    %pushi/vec4 0, 0, 32;
    %ix/load 3, 0, 0;
    %flag_set/imm 4, 0;
    %ix/load 4, 0, 0; Constant delay
    %assign/vec4/a/d v0x5731f8d8c1c0, 0, 4;
    %jmp T_6;
    .thread T_6;
    .scope S_0x5731f8d88150;
T_7 ;
Ewait_1 .event/or E_0x5731f8d33820, E_0x0;
    %wait Ewait_1;
    %load/vec4 v0x5731f8d889f0_0;
    %dup/vec4;
    %pushi/vec4 0, 0, 4;
    %cmp/u;
    %jmp/1 T_7.0, 6;
    %dup/vec4;
    %pushi/vec4 1, 0, 4;
    %cmp/u;
    %jmp/1 T_7.1, 6;
    %dup/vec4;
    %pushi/vec4 2, 0, 4;
    %cmp/u;
    %jmp/1 T_7.2, 6;
    %dup/vec4;
    %pushi/vec4 3, 0, 4;
    %cmp/u;
    %jmp/1 T_7.3, 6;
    %dup/vec4;
    %pushi/vec4 4, 0, 4;
    %cmp/u;
    %jmp/1 T_7.4, 6;
    %dup/vec4;
    %pushi/vec4 5, 0, 4;
    %cmp/u;
    %jmp/1 T_7.5, 6;
    %dup/vec4;
    %pushi/vec4 6, 0, 4;
    %cmp/u;
    %jmp/1 T_7.6, 6;
    %dup/vec4;
    %pushi/vec4 7, 0, 4;
    %cmp/u;
    %jmp/1 T_7.7, 6;
    %pushi/vec4 0, 0, 32;
    %store/vec4 v0x5731f8d88ad0_0, 0, 32;
    %jmp T_7.9;
T_7.0 ;
    %load/vec4 v0x5731f8d88830_0;
    %load/vec4 v0x5731f8d88920_0;
    %add;
    %store/vec4 v0x5731f8d88ad0_0, 0, 32;
    %jmp T_7.9;
T_7.1 ;
    %load/vec4 v0x5731f8d88830_0;
    %load/vec4 v0x5731f8d88920_0;
    %sub;
    %store/vec4 v0x5731f8d88ad0_0, 0, 32;
    %jmp T_7.9;
T_7.2 ;
    %load/vec4 v0x5731f8d88830_0;
    %load/vec4 v0x5731f8d88920_0;
    %and;
    %store/vec4 v0x5731f8d88ad0_0, 0, 32;
    %jmp T_7.9;
T_7.3 ;
    %load/vec4 v0x5731f8d88830_0;
    %load/vec4 v0x5731f8d88920_0;
    %or;
    %store/vec4 v0x5731f8d88ad0_0, 0, 32;
    %jmp T_7.9;
T_7.4 ;
    %load/vec4 v0x5731f8d88830_0;
    %load/vec4 v0x5731f8d88920_0;
    %xor;
    %store/vec4 v0x5731f8d88ad0_0, 0, 32;
    %jmp T_7.9;
T_7.5 ;
    %load/vec4 v0x5731f8d88830_0;
    %load/vec4 v0x5731f8d88920_0;
    %mul;
    %store/vec4 v0x5731f8d88ad0_0, 0, 32;
    %jmp T_7.9;
T_7.6 ;
    %load/vec4 v0x5731f8d88830_0;
    %load/vec4 v0x5731f8d88920_0;
    %cmp/s;
    %flag_mov 8, 5;
    %jmp/0 T_7.10, 8;
    %pushi/vec4 1, 0, 32;
    %jmp/1 T_7.11, 8;
T_7.10 ; End of true expr.
    %pushi/vec4 0, 0, 32;
    %jmp/0 T_7.11, 8;
 ; End of false expr.
    %blend;
T_7.11;
    %store/vec4 v0x5731f8d88ad0_0, 0, 32;
    %jmp T_7.9;
T_7.7 ;
    %load/vec4 v0x5731f8d88830_0;
    %load/vec4 v0x5731f8d88920_0;
    %parti/s 5, 0, 2;
    %ix/vec4 4;
    %shiftr/s 4;
    %store/vec4 v0x5731f8d88ad0_0, 0, 32;
    %jmp T_7.9;
T_7.9 ;
    %pop/vec4 1;
    %jmp T_7;
    .thread T_7, $push;
    .scope S_0x5731f8d87200;
T_8 ;
Ewait_2 .event/or E_0x5731f8d33960, E_0x0;
    %wait Ewait_2;
    %load/vec4 v0x5731f8d877c0_0;
    %parti/s 8, 0, 2;
    %store/vec4 v0x5731f8d87d30_0, 0, 8;
    %load/vec4 v0x5731f8d877c0_0;
    %parti/s 8, 8, 5;
    %store/vec4 v0x5731f8d87e10_0, 0, 8;
    %load/vec4 v0x5731f8d877c0_0;
    %parti/s 8, 16, 6;
    %store/vec4 v0x5731f8d87ef0_0, 0, 8;
    %load/vec4 v0x5731f8d877c0_0;
    %parti/s 8, 24, 6;
    %store/vec4 v0x5731f8d87fd0_0, 0, 8;
    %load/vec4 v0x5731f8d876d0_0;
    %parti/s 8, 0, 2;
    %store/vec4 v0x5731f8d879b0_0, 0, 8;
    %load/vec4 v0x5731f8d876d0_0;
    %parti/s 8, 8, 5;
    %store/vec4 v0x5731f8d87a90_0, 0, 8;
    %load/vec4 v0x5731f8d876d0_0;
    %parti/s 8, 16, 6;
    %store/vec4 v0x5731f8d87b70_0, 0, 8;
    %load/vec4 v0x5731f8d876d0_0;
    %parti/s 8, 24, 6;
    %store/vec4 v0x5731f8d87c50_0, 0, 8;
    %load/vec4 v0x5731f8d87d30_0;
    %pad/s 32;
    %load/vec4 v0x5731f8d879b0_0;
    %pad/s 32;
    %mul;
    %load/vec4 v0x5731f8d87e10_0;
    %pad/s 32;
    %load/vec4 v0x5731f8d87a90_0;
    %pad/s 32;
    %mul;
    %add;
    %load/vec4 v0x5731f8d87ef0_0;
    %pad/s 32;
    %load/vec4 v0x5731f8d87b70_0;
    %pad/s 32;
    %mul;
    %add;
    %load/vec4 v0x5731f8d87fd0_0;
    %pad/s 32;
    %load/vec4 v0x5731f8d87c50_0;
    %pad/s 32;
    %mul;
    %add;
    %load/vec4 v0x5731f8d874f0_0;
    %add;
    %store/vec4 v0x5731f8d875f0_0, 0, 32;
    %pushi/vec4 0, 0, 32;
    %load/vec4 v0x5731f8d875f0_0;
    %cmp/s;
    %flag_get/vec4 4;
    %flag_get/vec4 5;
    %or;
    %store/vec4 v0x5731f8d878a0_0, 0, 1;
    %jmp T_8;
    .thread T_8, $push;
    .scope S_0x5731f8d86f60;
T_9 ;
    %wait E_0x5731f8d8afe0;
    %load/vec4 v0x5731f8d8e0f0_0;
    %flag_set/vec4 8;
    %jmp/0xz  T_9.0, 8;
    %pushi/vec4 0, 0, 32;
    %assign/vec4 v0x5731f8d8de90_0, 0;
    %pushi/vec4 0, 0, 1;
    %assign/vec4 v0x5731f8d8dab0_0, 0;
    %jmp T_9.1;
T_9.0 ;
    %load/vec4 v0x5731f8d8dab0_0;
    %nor/r;
    %flag_set/vec4 8;
    %jmp/0xz  T_9.2, 8;
    %load/vec4 v0x5731f8d8d9e0_0;
    %flag_set/vec4 8;
    %jmp/0xz  T_9.4, 8;
    %pushi/vec4 1, 0, 1;
    %assign/vec4 v0x5731f8d8dab0_0, 0;
    %load/vec4 v0x5731f8d8de90_0;
    %assign/vec4 v0x5731f8d8de90_0, 0;
    %jmp T_9.5;
T_9.4 ;
    %load/vec4 v0x5731f8d8dcf0_0;
    %flag_set/vec4 8;
    %jmp/0xz  T_9.6, 8;
    %load/vec4 v0x5731f8d8de90_0;
    %load/vec4 v0x5731f8d8db50_0;
    %add;
    %assign/vec4 v0x5731f8d8de90_0, 0;
    %jmp T_9.7;
T_9.6 ;
    %load/vec4 v0x5731f8d8e8d0_0;
    %flag_set/vec4 8;
    %jmp/0xz  T_9.8, 8;
    %load/vec4 v0x5731f8d8de90_0;
    %load/vec4 v0x5731f8d8db50_0;
    %add;
    %assign/vec4 v0x5731f8d8de90_0, 0;
    %jmp T_9.9;
T_9.8 ;
    %load/vec4 v0x5731f8d8de90_0;
    %addi 4, 0, 32;
    %assign/vec4 v0x5731f8d8de90_0, 0;
T_9.9 ;
T_9.7 ;
T_9.5 ;
T_9.2 ;
T_9.1 ;
    %jmp T_9;
    .thread T_9;
    .scope S_0x5731f8cac8a0;
T_10 ;
    %pushi/vec4 0, 0, 1;
    %store/vec4 v0x5731f8d8eea0_0, 0, 1;
    %pushi/vec4 1, 0, 1;
    %store/vec4 v0x5731f8d8f3b0_0, 0, 1;
    %pushi/vec4 0, 0, 32;
    %store/vec4 v0x5731f8d8f050_0, 0, 32;
    %end;
    .thread T_10, $init;
    .scope S_0x5731f8cac8a0;
T_11 ;
    %pushi/vec4 9437331, 0, 32;
    %ix/load 4, 0, 0;
    %flag_set/imm 4, 0;
    %store/vec4a v0x5731f8d8ab90, 4, 0;
    %pushi/vec4 4229955859, 0, 32;
    %ix/load 4, 1, 0;
    %flag_set/imm 4, 0;
    %store/vec4a v0x5731f8d8ab90, 4, 0;
    %pushi/vec4 4276093331, 0, 32;
    %ix/load 4, 2, 0;
    %flag_set/imm 4, 0;
    %store/vec4a v0x5731f8d8ab90, 4, 0;
    %pushi/vec4 59769363, 0, 32;
    %ix/load 4, 3, 0;
    %flag_set/imm 4, 0;
    %store/vec4a v0x5731f8d8ab90, 4, 0;
    %pushi/vec4 1299, 0, 32;
    %ix/load 4, 4, 0;
    %flag_set/imm 4, 0;
    %store/vec4a v0x5731f8d8ab90, 4, 0;
    %pushi/vec4 4272947859, 0, 32;
    %ix/load 4, 5, 0;
    %flag_set/imm 4, 0;
    %store/vec4a v0x5731f8d8ab90, 4, 0;
    %pushi/vec4 38831539, 0, 32;
    %ix/load 4, 6, 0;
    %flag_set/imm 4, 0;
    %store/vec4a v0x5731f8d8ab90, 4, 0;
    %pushi/vec4 11863347, 0, 32;
    %ix/load 4, 7, 0;
    %flag_set/imm 4, 0;
    %store/vec4a v0x5731f8d8ab90, 4, 0;
    %pushi/vec4 39846547, 0, 32;
    %ix/load 4, 8, 0;
    %flag_set/imm 4, 0;
    %store/vec4a v0x5731f8d8ab90, 4, 0;
    %pushi/vec4 38864307, 0, 32;
    %ix/load 4, 9, 0;
    %flag_set/imm 4, 0;
    %store/vec4a v0x5731f8d8ab90, 4, 0;
    %pushi/vec4 11863347, 0, 32;
    %ix/load 4, 10, 0;
    %flag_set/imm 4, 0;
    %store/vec4a v0x5731f8d8ab90, 4, 0;
    %pushi/vec4 22020755, 0, 32;
    %ix/load 4, 11, 0;
    %flag_set/imm 4, 0;
    %store/vec4a v0x5731f8d8ab90, 4, 0;
    %pushi/vec4 38897075, 0, 32;
    %ix/load 4, 12, 0;
    %flag_set/imm 4, 0;
    %store/vec4a v0x5731f8d8ab90, 4, 0;
    %pushi/vec4 11863347, 0, 32;
    %ix/load 4, 13, 0;
    %flag_set/imm 4, 0;
    %store/vec4a v0x5731f8d8ab90, 4, 0;
    %pushi/vec4 20972179, 0, 32;
    %ix/load 4, 14, 0;
    %flag_set/imm 4, 0;
    %store/vec4a v0x5731f8d8ab90, 4, 0;
    %pushi/vec4 38929843, 0, 32;
    %ix/load 4, 15, 0;
    %flag_set/imm 4, 0;
    %store/vec4a v0x5731f8d8ab90, 4, 0;
    %pushi/vec4 11863347, 0, 32;
    %ix/load 4, 16, 0;
    %flag_set/imm 4, 0;
    %store/vec4a v0x5731f8d8ab90, 4, 0;
    %pushi/vec4 267389459, 0, 32;
    %ix/load 4, 17, 0;
    %flag_set/imm 4, 0;
    %store/vec4a v0x5731f8d8ab90, 4, 0;
    %pushi/vec4 21300531, 0, 32;
    %ix/load 4, 18, 0;
    %flag_set/imm 4, 0;
    %store/vec4a v0x5731f8d8ab90, 4, 0;
    %pushi/vec4 339731, 0, 32;
    %ix/load 4, 19, 0;
    %flag_set/imm 4, 0;
    %store/vec4a v0x5731f8d8ab90, 4, 0;
    %pushi/vec4 988771, 0, 32;
    %ix/load 4, 20, 0;
    %flag_set/imm 4, 0;
    %store/vec4a v0x5731f8d8ab90, 4, 0;
    %pushi/vec4 329267, 0, 32;
    %ix/load 4, 21, 0;
    %flag_set/imm 4, 0;
    %store/vec4a v0x5731f8d8ab90, 4, 0;
    %pushi/vec4 8388719, 0, 32;
    %ix/load 4, 22, 0;
    %flag_set/imm 4, 0;
    %store/vec4a v0x5731f8d8ab90, 4, 0;
    %pushi/vec4 1555, 0, 32;
    %ix/load 4, 23, 0;
    %flag_set/imm 4, 0;
    %store/vec4a v0x5731f8d8ab90, 4, 0;
    %pushi/vec4 8803859, 0, 32;
    %ix/load 4, 24, 0;
    %flag_set/imm 4, 0;
    %store/vec4a v0x5731f8d8ab90, 4, 0;
    %pushi/vec4 1299, 0, 32;
    %ix/load 4, 25, 0;
    %flag_set/imm 4, 0;
    %store/vec4a v0x5731f8d8ab90, 4, 0;
    %pushi/vec4 94372499, 0, 32;
    %ix/load 4, 26, 0;
    %flag_set/imm 4, 0;
    %store/vec4a v0x5731f8d8ab90, 4, 0;
    %pushi/vec4 38831539, 0, 32;
    %ix/load 4, 27, 0;
    %flag_set/imm 4, 0;
    %store/vec4a v0x5731f8d8ab90, 4, 0;
    %pushi/vec4 11863347, 0, 32;
    %ix/load 4, 28, 0;
    %flag_set/imm 4, 0;
    %store/vec4a v0x5731f8d8ab90, 4, 0;
    %pushi/vec4 4236247699, 0, 32;
    %ix/load 4, 29, 0;
    %flag_set/imm 4, 0;
    %store/vec4a v0x5731f8d8ab90, 4, 0;
    %pushi/vec4 38864307, 0, 32;
    %ix/load 4, 30, 0;
    %flag_set/imm 4, 0;
    %store/vec4a v0x5731f8d8ab90, 4, 0;
    %pushi/vec4 11863347, 0, 32;
    %ix/load 4, 31, 0;
    %flag_set/imm 4, 0;
    %store/vec4a v0x5731f8d8ab90, 4, 0;
    %pushi/vec4 4243587731, 0, 32;
    %ix/load 4, 32, 0;
    %flag_set/imm 4, 0;
    %store/vec4a v0x5731f8d8ab90, 4, 0;
    %pushi/vec4 38897075, 0, 32;
    %ix/load 4, 33, 0;
    %flag_set/imm 4, 0;
    %store/vec4a v0x5731f8d8ab90, 4, 0;
    %pushi/vec4 11863347, 0, 32;
    %ix/load 4, 34, 0;
    %flag_set/imm 4, 0;
    %store/vec4a v0x5731f8d8ab90, 4, 0;
    %pushi/vec4 4251976339, 0, 32;
    %ix/load 4, 35, 0;
    %flag_set/imm 4, 0;
    %store/vec4a v0x5731f8d8ab90, 4, 0;
    %pushi/vec4 38929843, 0, 32;
    %ix/load 4, 36, 0;
    %flag_set/imm 4, 0;
    %store/vec4a v0x5731f8d8ab90, 4, 0;
    %pushi/vec4 11863347, 0, 32;
    %ix/load 4, 37, 0;
    %flag_set/imm 4, 0;
    %store/vec4a v0x5731f8d8ab90, 4, 0;
    %pushi/vec4 506464787, 0, 32;
    %ix/load 4, 38, 0;
    %flag_set/imm 4, 0;
    %store/vec4a v0x5731f8d8ab90, 4, 0;
    %pushi/vec4 21300531, 0, 32;
    %ix/load 4, 39, 0;
    %flag_set/imm 4, 0;
    %store/vec4a v0x5731f8d8ab90, 4, 0;
    %pushi/vec4 339731, 0, 32;
    %ix/load 4, 40, 0;
    %flag_set/imm 4, 0;
    %store/vec4a v0x5731f8d8ab90, 4, 0;
    %pushi/vec4 988771, 0, 32;
    %ix/load 4, 41, 0;
    %flag_set/imm 4, 0;
    %store/vec4a v0x5731f8d8ab90, 4, 0;
    %pushi/vec4 329395, 0, 32;
    %ix/load 4, 42, 0;
    %flag_set/imm 4, 0;
    %store/vec4a v0x5731f8d8ab90, 4, 0;
    %pushi/vec4 8388719, 0, 32;
    %ix/load 4, 43, 0;
    %flag_set/imm 4, 0;
    %store/vec4a v0x5731f8d8ab90, 4, 0;
    %pushi/vec4 1683, 0, 32;
    %ix/load 4, 44, 0;
    %flag_set/imm 4, 0;
    %store/vec4a v0x5731f8d8ab90, 4, 0;
    %pushi/vec4 8836755, 0, 32;
    %ix/load 4, 45, 0;
    %flag_set/imm 4, 0;
    %store/vec4a v0x5731f8d8ab90, 4, 0;
    %pushi/vec4 1299, 0, 32;
    %ix/load 4, 46, 0;
    %flag_set/imm 4, 0;
    %store/vec4a v0x5731f8d8ab90, 4, 0;
    %pushi/vec4 16777875, 0, 32;
    %ix/load 4, 47, 0;
    %flag_set/imm 4, 0;
    %store/vec4a v0x5731f8d8ab90, 4, 0;
    %pushi/vec4 38831539, 0, 32;
    %ix/load 4, 48, 0;
    %flag_set/imm 4, 0;
    %store/vec4a v0x5731f8d8ab90, 4, 0;
    %pushi/vec4 11863347, 0, 32;
    %ix/load 4, 49, 0;
    %flag_set/imm 4, 0;
    %store/vec4a v0x5731f8d8ab90, 4, 0;
    %pushi/vec4 4288676499, 0, 32;
    %ix/load 4, 50, 0;
    %flag_set/imm 4, 0;
    %store/vec4a v0x5731f8d8ab90, 4, 0;
    %pushi/vec4 38864307, 0, 32;
    %ix/load 4, 51, 0;
    %flag_set/imm 4, 0;
    %store/vec4a v0x5731f8d8ab90, 4, 0;
    %pushi/vec4 11863347, 0, 32;
    %ix/load 4, 52, 0;
    %flag_set/imm 4, 0;
    %store/vec4a v0x5731f8d8ab90, 4, 0;
    %pushi/vec4 4290773651, 0, 32;
    %ix/load 4, 53, 0;
    %flag_set/imm 4, 0;
    %store/vec4a v0x5731f8d8ab90, 4, 0;
    %pushi/vec4 38897075, 0, 32;
    %ix/load 4, 54, 0;
    %flag_set/imm 4, 0;
    %store/vec4a v0x5731f8d8ab90, 4, 0;
    %pushi/vec4 11863347, 0, 32;
    %ix/load 4, 55, 0;
    %flag_set/imm 4, 0;
    %store/vec4a v0x5731f8d8ab90, 4, 0;
    %pushi/vec4 4290773651, 0, 32;
    %ix/load 4, 56, 0;
    %flag_set/imm 4, 0;
    %store/vec4a v0x5731f8d8ab90, 4, 0;
    %pushi/vec4 38929843, 0, 32;
    %ix/load 4, 57, 0;
    %flag_set/imm 4, 0;
    %store/vec4a v0x5731f8d8ab90, 4, 0;
    %pushi/vec4 11863347, 0, 32;
    %ix/load 4, 58, 0;
    %flag_set/imm 4, 0;
    %store/vec4a v0x5731f8d8ab90, 4, 0;
    %pushi/vec4 254806547, 0, 32;
    %ix/load 4, 59, 0;
    %flag_set/imm 4, 0;
    %store/vec4a v0x5731f8d8ab90, 4, 0;
    %pushi/vec4 21300531, 0, 32;
    %ix/load 4, 60, 0;
    %flag_set/imm 4, 0;
    %store/vec4a v0x5731f8d8ab90, 4, 0;
    %pushi/vec4 339731, 0, 32;
    %ix/load 4, 61, 0;
    %flag_set/imm 4, 0;
    %store/vec4a v0x5731f8d8ab90, 4, 0;
    %pushi/vec4 988771, 0, 32;
    %ix/load 4, 62, 0;
    %flag_set/imm 4, 0;
    %store/vec4a v0x5731f8d8ab90, 4, 0;
    %pushi/vec4 329523, 0, 32;
    %ix/load 4, 63, 0;
    %flag_set/imm 4, 0;
    %store/vec4a v0x5731f8d8ab90, 4, 0;
    %pushi/vec4 8388719, 0, 32;
    %ix/load 4, 64, 0;
    %flag_set/imm 4, 0;
    %store/vec4a v0x5731f8d8ab90, 4, 0;
    %pushi/vec4 1811, 0, 32;
    %ix/load 4, 65, 0;
    %flag_set/imm 4, 0;
    %store/vec4a v0x5731f8d8ab90, 4, 0;
    %pushi/vec4 8869651, 0, 32;
    %ix/load 4, 66, 0;
    %flag_set/imm 4, 0;
    %store/vec4a v0x5731f8d8ab90, 4, 0;
    %pushi/vec4 1299, 0, 32;
    %ix/load 4, 67, 0;
    %flag_set/imm 4, 0;
    %store/vec4a v0x5731f8d8ab90, 4, 0;
    %pushi/vec4 92275347, 0, 32;
    %ix/load 4, 68, 0;
    %flag_set/imm 4, 0;
    %store/vec4a v0x5731f8d8ab90, 4, 0;
    %pushi/vec4 38831539, 0, 32;
    %ix/load 4, 69, 0;
    %flag_set/imm 4, 0;
    %store/vec4a v0x5731f8d8ab90, 4, 0;
    %pushi/vec4 11863347, 0, 32;
    %ix/load 4, 70, 0;
    %flag_set/imm 4, 0;
    %store/vec4a v0x5731f8d8ab90, 4, 0;
    %pushi/vec4 4271899283, 0, 32;
    %ix/load 4, 71, 0;
    %flag_set/imm 4, 0;
    %store/vec4a v0x5731f8d8ab90, 4, 0;
    %pushi/vec4 38864307, 0, 32;
    %ix/load 4, 72, 0;
    %flag_set/imm 4, 0;
    %store/vec4a v0x5731f8d8ab90, 4, 0;
    %pushi/vec4 11863347, 0, 32;
    %ix/load 4, 73, 0;
    %flag_set/imm 4, 0;
    %store/vec4a v0x5731f8d8ab90, 4, 0;
    %pushi/vec4 4291822227, 0, 32;
    %ix/load 4, 74, 0;
    %flag_set/imm 4, 0;
    %store/vec4a v0x5731f8d8ab90, 4, 0;
    %pushi/vec4 38897075, 0, 32;
    %ix/load 4, 75, 0;
    %flag_set/imm 4, 0;
    %store/vec4a v0x5731f8d8ab90, 4, 0;
    %pushi/vec4 11863347, 0, 32;
    %ix/load 4, 76, 0;
    %flag_set/imm 4, 0;
    %store/vec4a v0x5731f8d8ab90, 4, 0;
    %pushi/vec4 4288676499, 0, 32;
    %ix/load 4, 77, 0;
    %flag_set/imm 4, 0;
    %store/vec4a v0x5731f8d8ab90, 4, 0;
    %pushi/vec4 38929843, 0, 32;
    %ix/load 4, 78, 0;
    %flag_set/imm 4, 0;
    %store/vec4a v0x5731f8d8ab90, 4, 0;
    %pushi/vec4 11863347, 0, 32;
    %ix/load 4, 79, 0;
    %flag_set/imm 4, 0;
    %store/vec4a v0x5731f8d8ab90, 4, 0;
    %pushi/vec4 1572866579, 0, 32;
    %ix/load 4, 80, 0;
    %flag_set/imm 4, 0;
    %store/vec4a v0x5731f8d8ab90, 4, 0;
    %pushi/vec4 21300531, 0, 32;
    %ix/load 4, 81, 0;
    %flag_set/imm 4, 0;
    %store/vec4a v0x5731f8d8ab90, 4, 0;
    %pushi/vec4 339731, 0, 32;
    %ix/load 4, 82, 0;
    %flag_set/imm 4, 0;
    %store/vec4a v0x5731f8d8ab90, 4, 0;
    %pushi/vec4 988771, 0, 32;
    %ix/load 4, 83, 0;
    %flag_set/imm 4, 0;
    %store/vec4a v0x5731f8d8ab90, 4, 0;
    %pushi/vec4 329651, 0, 32;
    %ix/load 4, 84, 0;
    %flag_set/imm 4, 0;
    %store/vec4a v0x5731f8d8ab90, 4, 0;
    %pushi/vec4 8388719, 0, 32;
    %ix/load 4, 85, 0;
    %flag_set/imm 4, 0;
    %store/vec4a v0x5731f8d8ab90, 4, 0;
    %pushi/vec4 1939, 0, 32;
    %ix/load 4, 86, 0;
    %flag_set/imm 4, 0;
    %store/vec4a v0x5731f8d8ab90, 4, 0;
    %pushi/vec4 8902547, 0, 32;
    %ix/load 4, 87, 0;
    %flag_set/imm 4, 0;
    %store/vec4a v0x5731f8d8ab90, 4, 0;
    %pushi/vec4 1299, 0, 32;
    %ix/load 4, 88, 0;
    %flag_set/imm 4, 0;
    %store/vec4a v0x5731f8d8ab90, 4, 0;
    %pushi/vec4 92275347, 0, 32;
    %ix/load 4, 89, 0;
    %flag_set/imm 4, 0;
    %store/vec4a v0x5731f8d8ab90, 4, 0;
    %pushi/vec4 38831539, 0, 32;
    %ix/load 4, 90, 0;
    %flag_set/imm 4, 0;
    %store/vec4a v0x5731f8d8ab90, 4, 0;
    %pushi/vec4 11863347, 0, 32;
    %ix/load 4, 91, 0;
    %flag_set/imm 4, 0;
    %store/vec4a v0x5731f8d8ab90, 4, 0;
    %pushi/vec4 4277142163, 0, 32;
    %ix/load 4, 92, 0;
    %flag_set/imm 4, 0;
    %store/vec4a v0x5731f8d8ab90, 4, 0;
    %pushi/vec4 38864307, 0, 32;
    %ix/load 4, 93, 0;
    %flag_set/imm 4, 0;
    %store/vec4a v0x5731f8d8ab90, 4, 0;
    %pushi/vec4 11863347, 0, 32;
    %ix/load 4, 94, 0;
    %flag_set/imm 4, 0;
    %store/vec4a v0x5731f8d8ab90, 4, 0;
    %pushi/vec4 4257219219, 0, 32;
    %ix/load 4, 95, 0;
    %flag_set/imm 4, 0;
    %store/vec4a v0x5731f8d8ab90, 4, 0;
    %pushi/vec4 38897075, 0, 32;
    %ix/load 4, 96, 0;
    %flag_set/imm 4, 0;
    %store/vec4a v0x5731f8d8ab90, 4, 0;
    %pushi/vec4 11863347, 0, 32;
    %ix/load 4, 97, 0;
    %flag_set/imm 4, 0;
    %store/vec4a v0x5731f8d8ab90, 4, 0;
    %pushi/vec4 4271899283, 0, 32;
    %ix/load 4, 98, 0;
    %flag_set/imm 4, 0;
    %store/vec4a v0x5731f8d8ab90, 4, 0;
    %pushi/vec4 38929843, 0, 32;
    %ix/load 4, 99, 0;
    %flag_set/imm 4, 0;
    %store/vec4a v0x5731f8d8ab90, 4, 0;
    %pushi/vec4 11863347, 0, 32;
    %ix/load 4, 100, 0;
    %flag_set/imm 4, 0;
    %store/vec4a v0x5731f8d8ab90, 4, 0;
    %pushi/vec4 1075841555, 0, 32;
    %ix/load 4, 101, 0;
    %flag_set/imm 4, 0;
    %store/vec4a v0x5731f8d8ab90, 4, 0;
    %pushi/vec4 21300531, 0, 32;
    %ix/load 4, 102, 0;
    %flag_set/imm 4, 0;
    %store/vec4a v0x5731f8d8ab90, 4, 0;
    %pushi/vec4 339731, 0, 32;
    %ix/load 4, 103, 0;
    %flag_set/imm 4, 0;
    %store/vec4a v0x5731f8d8ab90, 4, 0;
    %pushi/vec4 988771, 0, 32;
    %ix/load 4, 104, 0;
    %flag_set/imm 4, 0;
    %store/vec4a v0x5731f8d8ab90, 4, 0;
    %pushi/vec4 329779, 0, 32;
    %ix/load 4, 105, 0;
    %flag_set/imm 4, 0;
    %store/vec4a v0x5731f8d8ab90, 4, 0;
    %pushi/vec4 8388719, 0, 32;
    %ix/load 4, 106, 0;
    %flag_set/imm 4, 0;
    %store/vec4a v0x5731f8d8ab90, 4, 0;
    %pushi/vec4 2067, 0, 32;
    %ix/load 4, 107, 0;
    %flag_set/imm 4, 0;
    %store/vec4a v0x5731f8d8ab90, 4, 0;
    %pushi/vec4 8935443, 0, 32;
    %ix/load 4, 108, 0;
    %flag_set/imm 4, 0;
    %store/vec4a v0x5731f8d8ab90, 4, 0;
    %pushi/vec4 1299, 0, 32;
    %ix/load 4, 109, 0;
    %flag_set/imm 4, 0;
    %store/vec4a v0x5731f8d8ab90, 4, 0;
    %pushi/vec4 4267704979, 0, 32;
    %ix/load 4, 110, 0;
    %flag_set/imm 4, 0;
    %store/vec4a v0x5731f8d8ab90, 4, 0;
    %pushi/vec4 38831539, 0, 32;
    %ix/load 4, 111, 0;
    %flag_set/imm 4, 0;
    %store/vec4a v0x5731f8d8ab90, 4, 0;
    %pushi/vec4 11863347, 0, 32;
    %ix/load 4, 112, 0;
    %flag_set/imm 4, 0;
    %store/vec4a v0x5731f8d8ab90, 4, 0;
    %pushi/vec4 16777875, 0, 32;
    %ix/load 4, 113, 0;
    %flag_set/imm 4, 0;
    %store/vec4a v0x5731f8d8ab90, 4, 0;
    %pushi/vec4 38864307, 0, 32;
    %ix/load 4, 114, 0;
    %flag_set/imm 4, 0;
    %store/vec4a v0x5731f8d8ab90, 4, 0;
    %pushi/vec4 11863347, 0, 32;
    %ix/load 4, 115, 0;
    %flag_set/imm 4, 0;
    %store/vec4a v0x5731f8d8ab90, 4, 0;
    %pushi/vec4 41943699, 0, 32;
    %ix/load 4, 116, 0;
    %flag_set/imm 4, 0;
    %store/vec4a v0x5731f8d8ab90, 4, 0;
    %pushi/vec4 38897075, 0, 32;
    %ix/load 4, 117, 0;
    %flag_set/imm 4, 0;
    %store/vec4a v0x5731f8d8ab90, 4, 0;
    %pushi/vec4 11863347, 0, 32;
    %ix/load 4, 118, 0;
    %flag_set/imm 4, 0;
    %store/vec4a v0x5731f8d8ab90, 4, 0;
    %pushi/vec4 4247782035, 0, 32;
    %ix/load 4, 119, 0;
    %flag_set/imm 4, 0;
    %store/vec4a v0x5731f8d8ab90, 4, 0;
    %pushi/vec4 38929843, 0, 32;
    %ix/load 4, 120, 0;
    %flag_set/imm 4, 0;
    %store/vec4a v0x5731f8d8ab90, 4, 0;
    %pushi/vec4 11863347, 0, 32;
    %ix/load 4, 121, 0;
    %flag_set/imm 4, 0;
    %store/vec4a v0x5731f8d8ab90, 4, 0;
    %pushi/vec4 527436307, 0, 32;
    %ix/load 4, 122, 0;
    %flag_set/imm 4, 0;
    %store/vec4a v0x5731f8d8ab90, 4, 0;
    %pushi/vec4 21300531, 0, 32;
    %ix/load 4, 123, 0;
    %flag_set/imm 4, 0;
    %store/vec4a v0x5731f8d8ab90, 4, 0;
    %pushi/vec4 339731, 0, 32;
    %ix/load 4, 124, 0;
    %flag_set/imm 4, 0;
    %store/vec4a v0x5731f8d8ab90, 4, 0;
    %pushi/vec4 988771, 0, 32;
    %ix/load 4, 125, 0;
    %flag_set/imm 4, 0;
    %store/vec4a v0x5731f8d8ab90, 4, 0;
    %pushi/vec4 329907, 0, 32;
    %ix/load 4, 126, 0;
    %flag_set/imm 4, 0;
    %store/vec4a v0x5731f8d8ab90, 4, 0;
    %pushi/vec4 8388719, 0, 32;
    %ix/load 4, 127, 0;
    %flag_set/imm 4, 0;
    %store/vec4a v0x5731f8d8ab90, 4, 0;
    %pushi/vec4 2195, 0, 32;
    %ix/load 4, 128, 0;
    %flag_set/imm 4, 0;
    %store/vec4a v0x5731f8d8ab90, 4, 0;
    %pushi/vec4 8968339, 0, 32;
    %ix/load 4, 129, 0;
    %flag_set/imm 4, 0;
    %store/vec4a v0x5731f8d8ab90, 4, 0;
    %pushi/vec4 1299, 0, 32;
    %ix/load 4, 130, 0;
    %flag_set/imm 4, 0;
    %store/vec4a v0x5731f8d8ab90, 4, 0;
    %pushi/vec4 4275045011, 0, 32;
    %ix/load 4, 131, 0;
    %flag_set/imm 4, 0;
    %store/vec4a v0x5731f8d8ab90, 4, 0;
    %pushi/vec4 39191987, 0, 32;
    %ix/load 4, 132, 0;
    %flag_set/imm 4, 0;
    %store/vec4a v0x5731f8d8ab90, 4, 0;
    %pushi/vec4 11863347, 0, 32;
    %ix/load 4, 133, 0;
    %flag_set/imm 4, 0;
    %store/vec4a v0x5731f8d8ab90, 4, 0;
    %pushi/vec4 4262462099, 0, 32;
    %ix/load 4, 134, 0;
    %flag_set/imm 4, 0;
    %store/vec4a v0x5731f8d8ab90, 4, 0;
    %pushi/vec4 39224755, 0, 32;
    %ix/load 4, 135, 0;
    %flag_set/imm 4, 0;
    %store/vec4a v0x5731f8d8ab90, 4, 0;
    %pushi/vec4 11863347, 0, 32;
    %ix/load 4, 136, 0;
    %flag_set/imm 4, 0;
    %store/vec4a v0x5731f8d8ab90, 4, 0;
    %pushi/vec4 4277142163, 0, 32;
    %ix/load 4, 137, 0;
    %flag_set/imm 4, 0;
    %store/vec4a v0x5731f8d8ab90, 4, 0;
    %pushi/vec4 39257523, 0, 32;
    %ix/load 4, 138, 0;
    %flag_set/imm 4, 0;
    %store/vec4a v0x5731f8d8ab90, 4, 0;
    %pushi/vec4 11863347, 0, 32;
    %ix/load 4, 139, 0;
    %flag_set/imm 4, 0;
    %store/vec4a v0x5731f8d8ab90, 4, 0;
    %pushi/vec4 4223664787, 0, 32;
    %ix/load 4, 140, 0;
    %flag_set/imm 4, 0;
    %store/vec4a v0x5731f8d8ab90, 4, 0;
    %pushi/vec4 39290291, 0, 32;
    %ix/load 4, 141, 0;
    %flag_set/imm 4, 0;
    %store/vec4a v0x5731f8d8ab90, 4, 0;
    %pushi/vec4 11863347, 0, 32;
    %ix/load 4, 142, 0;
    %flag_set/imm 4, 0;
    %store/vec4a v0x5731f8d8ab90, 4, 0;
    %pushi/vec4 4244636307, 0, 32;
    %ix/load 4, 143, 0;
    %flag_set/imm 4, 0;
    %store/vec4a v0x5731f8d8ab90, 4, 0;
    %pushi/vec4 39323059, 0, 32;
    %ix/load 4, 144, 0;
    %flag_set/imm 4, 0;
    %store/vec4a v0x5731f8d8ab90, 4, 0;
    %pushi/vec4 11863347, 0, 32;
    %ix/load 4, 145, 0;
    %flag_set/imm 4, 0;
    %store/vec4a v0x5731f8d8ab90, 4, 0;
    %pushi/vec4 94372499, 0, 32;
    %ix/load 4, 146, 0;
    %flag_set/imm 4, 0;
    %store/vec4a v0x5731f8d8ab90, 4, 0;
    %pushi/vec4 39355827, 0, 32;
    %ix/load 4, 147, 0;
    %flag_set/imm 4, 0;
    %store/vec4a v0x5731f8d8ab90, 4, 0;
    %pushi/vec4 11863347, 0, 32;
    %ix/load 4, 148, 0;
    %flag_set/imm 4, 0;
    %store/vec4a v0x5731f8d8ab90, 4, 0;
    %pushi/vec4 473958931, 0, 32;
    %ix/load 4, 149, 0;
    %flag_set/imm 4, 0;
    %store/vec4a v0x5731f8d8ab90, 4, 0;
    %pushi/vec4 21300531, 0, 32;
    %ix/load 4, 150, 0;
    %flag_set/imm 4, 0;
    %store/vec4a v0x5731f8d8ab90, 4, 0;
    %pushi/vec4 339731, 0, 32;
    %ix/load 4, 151, 0;
    %flag_set/imm 4, 0;
    %store/vec4a v0x5731f8d8ab90, 4, 0;
    %pushi/vec4 988771, 0, 32;
    %ix/load 4, 152, 0;
    %flag_set/imm 4, 0;
    %store/vec4a v0x5731f8d8ab90, 4, 0;
    %pushi/vec4 1052563, 0, 32;
    %ix/load 4, 153, 0;
    %flag_set/imm 4, 0;
    %store/vec4a v0x5731f8d8ab90, 4, 0;
    %pushi/vec4 8388719, 0, 32;
    %ix/load 4, 154, 0;
    %flag_set/imm 4, 0;
    %store/vec4a v0x5731f8d8ab90, 4, 0;
    %pushi/vec4 3987, 0, 32;
    %ix/load 4, 155, 0;
    %flag_set/imm 4, 0;
    %store/vec4a v0x5731f8d8ab90, 4, 0;
    %pushi/vec4 4294967295, 0, 32;
    %ix/load 4, 156, 0;
    %flag_set/imm 4, 0;
    %store/vec4a v0x5731f8d8ab90, 4, 0;
    %fork TD_tb.tick, S_0x5731f8d8eca0;
    %join;
    %pushi/vec4 0, 0, 1;
    %store/vec4 v0x5731f8d8f3b0_0, 0, 1;
    %pushi/vec4 0, 0, 32;
    %store/vec4 v0x5731f8d8f050_0, 0, 32;
T_11.0 ;
    %load/vec4 v0x5731f8d8f110_0;
    %nor/r;
    %flag_set/vec4 9;
    %flag_get/vec4 9;
    %jmp/0 T_11.2, 9;
    %load/vec4 v0x5731f8d8f050_0;
    %cmpi/s 5000, 0, 32;
    %flag_get/vec4 5;
    %and;
T_11.2;
    %flag_set/vec4 8;
    %jmp/0xz T_11.1, 8;
    %fork TD_tb.tick, S_0x5731f8d8eca0;
    %join;
    %jmp T_11.0;
T_11.1 ;
    %vpi_call/w 5 177 "$display", "CPU_RESULT prediction=%0d expected=0 cycles=%0d halted=%0d pc=%0d", &A<v0x5731f8d8c1c0, 31>, v0x5731f8d8f050_0, v0x5731f8d8f110_0, v0x5731f8d8f2a0_0 {0 0 0};
    %load/vec4 v0x5731f8d8f110_0;
    %nor/r;
    %flag_set/vec4 8;
    %jmp/0xz  T_11.3, 8;
    %vpi_call/w 5 178 "$error", "TinyRISC program did not halt" {0 0 0};
T_11.3 ;
    %ix/load 4, 31, 0;
    %flag_set/imm 4, 0;
    %load/vec4a v0x5731f8d8c1c0, 4;
    %cmpi/ne 0, 0, 32;
    %jmp/0xz  T_11.5, 6;
    %vpi_call/w 5 179 "$error", "TinyRISC CPU prediction mismatch" {0 0 0};
T_11.5 ;
    %vpi_call/w 5 180 "$finish" {0 0 0};
    %end;
    .thread T_11;
# The file index is used to find the file name in the following table.
:file_names 12;
    "N/A";
    "<interactive>";
    "-";
    "/app/rtl/counter.sv";
    "/app/rtl/register.sv";
    "/app/generated/cpu_mlp_classifier_tb.sv";
    "/app/rtl/cpu.sv";
    "/app/rtl/ai_accelerator.sv";
    "/app/rtl/alu.sv";
    "/app/rtl/decoder.sv";
    "/app/rtl/instruction_memory.sv";
    "/app/rtl/register_file.sv";
