#! /usr/bin/vvp
:ivl_version "12.0 (stable)";
:ivl_delay_selection "TYPICAL";
:vpi_time_precision + 0;
:vpi_module "/usr/lib/x86_64-linux-gnu/ivl/system.vpi";
:vpi_module "/usr/lib/x86_64-linux-gnu/ivl/vhdl_sys.vpi";
:vpi_module "/usr/lib/x86_64-linux-gnu/ivl/vhdl_textio.vpi";
:vpi_module "/usr/lib/x86_64-linux-gnu/ivl/v2005_math.vpi";
:vpi_module "/usr/lib/x86_64-linux-gnu/ivl/va_math.vpi";
:vpi_module "/usr/lib/x86_64-linux-gnu/ivl/v2009.vpi";
S_0x587a94265560 .scope package, "$unit" "$unit" 2 1;
 .timescale 0 0;
S_0x587a94266b30 .scope module, "counter" "counter" 3 1;
 .timescale 0 0;
    .port_info 0 /INPUT 1 "clk";
    .port_info 1 /INPUT 1 "reset";
    .port_info 2 /OUTPUT 32 "count";
P_0x587a94266ed0 .param/l "STEP" 0 3 1, +C4<00000000000000000000000000000001>;
P_0x587a94266f10 .param/l "WIDTH" 0 3 1, +C4<00000000000000000000000000100000>;
o0x72f761051018 .functor BUFZ 1, C4<z>; HiZ drive
v0x587a94224d40_0 .net "clk", 0 0, o0x72f761051018;  0 drivers
v0x587a9424b290_0 .var "count", 31 0;
o0x72f761051078 .functor BUFZ 1, C4<z>; HiZ drive
v0x587a94289670_0 .net "reset", 0 0, o0x72f761051078;  0 drivers
E_0x587a94238360 .event posedge, v0x587a94224d40_0;
S_0x587a941e15e0 .scope module, "register" "register" 4 1;
 .timescale 0 0;
    .port_info 0 /INPUT 1 "clk";
    .port_info 1 /INPUT 1 "reset";
    .port_info 2 /INPUT 32 "d";
    .port_info 3 /OUTPUT 32 "q";
P_0x587a941e1770 .param/l "WIDTH" 0 4 1, +C4<00000000000000000000000000100000>;
o0x72f761051138 .functor BUFZ 1, C4<z>; HiZ drive
v0x587a942897e0_0 .net "clk", 0 0, o0x72f761051138;  0 drivers
o0x72f761051168 .functor BUFZ 32, C4<zzzzzzzzzzzzzzzzzzzzzzzzzzzzzzzz>; HiZ drive
v0x587a942898c0_0 .net "d", 31 0, o0x72f761051168;  0 drivers
v0x587a942899a0_0 .var "q", 31 0;
o0x72f7610511c8 .functor BUFZ 1, C4<z>; HiZ drive
v0x587a94289a90_0 .net "reset", 0 0, o0x72f7610511c8;  0 drivers
E_0x587a942384e0 .event posedge, v0x587a942897e0_0;
S_0x587a941e18a0 .scope module, "tb" "tb" 5 4;
 .timescale 0 0;
v0x587a94291b40_0 .var "clk", 0 0;
v0x587a94291c30_0 .net "current_instr", 31 0, L_0x587a9422a800;  1 drivers
v0x587a94291cf0_0 .var/i "cycles", 31 0;
v0x587a94291db0_0 .net "halted", 0 0, v0x587a94290750_0;  1 drivers
v0x587a94291e50_0 .net/s "last_result", 31 0, L_0x587a942a38a0;  1 drivers
v0x587a94291f40_0 .net "pc", 31 0, v0x587a94290b30_0;  1 drivers
v0x587a94292050_0 .var "reset", 0 0;
S_0x587a94289c00 .scope module, "dut" "cpu" 5 10, 6 1 0, S_0x587a941e18a0;
 .timescale 0 0;
    .port_info 0 /INPUT 1 "clk";
    .port_info 1 /INPUT 1 "reset";
    .port_info 2 /OUTPUT 32 "pc";
    .port_info 3 /OUTPUT 32 "current_instr";
    .port_info 4 /OUTPUT 32 "last_result";
    .port_info 5 /OUTPUT 1 "halted";
L_0x587a942a3660 .functor AND 1, v0x587a9428beb0_0, L_0x587a942a3a70, C4<1>, C4<1>;
L_0x587a942a3c90 .functor AND 1, v0x587a9428bf50_0, L_0x587a942a3bb0, C4<1>, C4<1>;
L_0x587a942a3da0 .functor OR 1, L_0x587a942a3660, L_0x587a942a3c90, C4<0>, C4<0>;
L_0x587a942a3fa0 .functor AND 1, v0x587a9428c880_0, L_0x587a942a3eb0, C4<1>, C4<1>;
L_0x587a942a41f0 .functor AND 1, L_0x587a942a3fa0, L_0x587a942a40b0, C4<1>, C4<1>;
L_0x587a942a43f0 .functor AND 1, L_0x587a942a41f0, L_0x587a942a4300, C4<1>, C4<1>;
v0x587a9428f4f0_0 .net *"_ivl_12", 0 0, L_0x587a942a3a70;  1 drivers
v0x587a9428f5d0_0 .net *"_ivl_15", 0 0, L_0x587a942a3660;  1 drivers
v0x587a9428f690_0 .net *"_ivl_16", 0 0, L_0x587a942a3bb0;  1 drivers
v0x587a9428f760_0 .net *"_ivl_19", 0 0, L_0x587a942a3c90;  1 drivers
v0x587a9428f820_0 .net *"_ivl_23", 0 0, L_0x587a942a3eb0;  1 drivers
v0x587a9428f8e0_0 .net *"_ivl_25", 0 0, L_0x587a942a3fa0;  1 drivers
v0x587a9428f9a0_0 .net *"_ivl_27", 0 0, L_0x587a942a40b0;  1 drivers
v0x587a9428fa60_0 .net *"_ivl_29", 0 0, L_0x587a942a41f0;  1 drivers
v0x587a9428fb20_0 .net *"_ivl_31", 0 0, L_0x587a942a4300;  1 drivers
L_0x72f761008330 .functor BUFT 1, C4<00000000000000000000000000000100>, C4<0>, C4<0>, C4<0>;
v0x587a9428fbe0_0 .net/2u *"_ivl_4", 31 0, L_0x72f761008330;  1 drivers
v0x587a9428fcc0_0 .net *"_ivl_6", 31 0, L_0x587a942a35c0;  1 drivers
v0x587a9428fda0_0 .net *"_ivl_8", 31 0, L_0x587a942a3760;  1 drivers
v0x587a9428fe80_0 .net/s "alu_b", 31 0, L_0x587a942a32a0;  1 drivers
v0x587a9428ff40_0 .net "alu_op", 3 0, v0x587a9428bda0_0;  1 drivers
v0x587a9428ffe0_0 .net/s "alu_result", 31 0, v0x587a9428b770_0;  1 drivers
v0x587a942900a0_0 .net "branch_eq", 0 0, v0x587a9428beb0_0;  1 drivers
v0x587a94290170_0 .net "branch_ne", 0 0, v0x587a9428bf50_0;  1 drivers
v0x587a94290350_0 .net "clk", 0 0, v0x587a94291b40_0;  1 drivers
v0x587a94290420_0 .net "current_instr", 31 0, L_0x587a9422a800;  alias, 1 drivers
v0x587a94290510_0 .net "dot_pred", 0 0, v0x587a9428a540_0;  1 drivers
v0x587a942905b0_0 .net/s "dot_result", 31 0, v0x587a9428a290_0;  1 drivers
v0x587a94290680_0 .net "halt_dec", 0 0, v0x587a9428c230_0;  1 drivers
v0x587a94290750_0 .var "halted", 0 0;
v0x587a942907f0_0 .net/s "imm", 31 0, v0x587a9428c2f0_0;  1 drivers
v0x587a942908c0_0 .net "is_dot", 0 0, v0x587a9428c4b0_0;  1 drivers
v0x587a94290990_0 .net "jump", 0 0, v0x587a9428c600_0;  1 drivers
v0x587a94290a60_0 .net/s "last_result", 31 0, L_0x587a942a38a0;  alias, 1 drivers
v0x587a94290b30_0 .var "pc", 31 0;
v0x587a94290c00_0 .net "rd", 4 0, v0x587a9428c7a0_0;  1 drivers
v0x587a94290cf0_0 .net "reg_write", 0 0, v0x587a9428c880_0;  1 drivers
v0x587a94290d90_0 .net "reset", 0 0, v0x587a94292050_0;  1 drivers
v0x587a94290e30_0 .net "rf_we", 0 0, L_0x587a942a43f0;  1 drivers
v0x587a94290f00_0 .net "rs1", 4 0, v0x587a9428c940_0;  1 drivers
v0x587a94291200_0 .net "rs2", 4 0, v0x587a9428ca20_0;  1 drivers
v0x587a942912f0_0 .net/s "rv1", 31 0, L_0x587a942a2a10;  1 drivers
v0x587a94291390_0 .net "rv1_u", 31 0, L_0x587a942a2a10;  alias, 1 drivers
v0x587a94291430_0 .net/s "rv2", 31 0, L_0x587a942a3110;  1 drivers
v0x587a942914d0_0 .net "rv2_u", 31 0, L_0x587a942a3110;  alias, 1 drivers
v0x587a94291570_0 .net "take_branch", 0 0, L_0x587a942a3da0;  1 drivers
v0x587a94291630_0 .net "use_imm", 0 0, v0x587a9428cb00_0;  1 drivers
v0x587a942916d0_0 .net "write_data", 31 0, L_0x587a942a38a0;  alias, 1 drivers
v0x587a942917c0_0 .net "zero", 0 0, L_0x587a942a3430;  1 drivers
L_0x587a942a32a0 .functor MUXZ 32, L_0x587a942a3110, v0x587a9428c2f0_0, v0x587a9428cb00_0, C4<>;
L_0x587a942a35c0 .arith/sum 32, v0x587a94290b30_0, L_0x72f761008330;
L_0x587a942a3760 .functor MUXZ 32, v0x587a9428b770_0, v0x587a9428a290_0, v0x587a9428c4b0_0, C4<>;
L_0x587a942a38a0 .functor MUXZ 32, L_0x587a942a3760, L_0x587a942a35c0, v0x587a9428c600_0, C4<>;
L_0x587a942a3a70 .cmp/eq 32, L_0x587a942a2a10, L_0x587a942a3110;
L_0x587a942a3bb0 .cmp/ne 32, L_0x587a942a2a10, L_0x587a942a3110;
L_0x587a942a3eb0 .reduce/nor v0x587a94292050_0;
L_0x587a942a40b0 .reduce/nor v0x587a94290750_0;
L_0x587a942a4300 .reduce/nor v0x587a9428c230_0;
S_0x587a94289ea0 .scope module, "acc" "ai_accelerator" 6 40, 7 1 0, S_0x587a94289c00;
 .timescale 0 0;
    .port_info 0 /INPUT 32 "packed_x";
    .port_info 1 /INPUT 32 "packed_w";
    .port_info 2 /INPUT 32 "bias";
    .port_info 3 /OUTPUT 32 "dot";
    .port_info 4 /OUTPUT 1 "prediction";
L_0x72f7610082e8 .functor BUFT 1, C4<00000000000000000000000000000000>, C4<0>, C4<0>, C4<0>;
v0x587a9428a190_0 .net/s "bias", 31 0, L_0x72f7610082e8;  1 drivers
v0x587a9428a290_0 .var/s "dot", 31 0;
v0x587a9428a370_0 .net "packed_w", 31 0, L_0x587a942a3110;  alias, 1 drivers
v0x587a9428a460_0 .net "packed_x", 31 0, L_0x587a942a2a10;  alias, 1 drivers
v0x587a9428a540_0 .var "prediction", 0 0;
v0x587a9428a650_0 .var/s "w0", 7 0;
v0x587a9428a730_0 .var/s "w1", 7 0;
v0x587a9428a810_0 .var/s "w2", 7 0;
v0x587a9428a8f0_0 .var/s "w3", 7 0;
v0x587a9428a9d0_0 .var/s "x0", 7 0;
v0x587a9428aab0_0 .var/s "x1", 7 0;
v0x587a9428ab90_0 .var/s "x2", 7 0;
v0x587a9428ac70_0 .var/s "x3", 7 0;
E_0x587a94205410/0 .event anyedge, v0x587a9428a460_0, v0x587a9428a460_0, v0x587a9428a460_0, v0x587a9428a460_0;
E_0x587a94205410/1 .event anyedge, v0x587a9428a370_0, v0x587a9428a370_0, v0x587a9428a370_0, v0x587a9428a370_0;
E_0x587a94205410/2 .event anyedge, v0x587a9428a190_0;
E_0x587a94205410 .event/or E_0x587a94205410/0, E_0x587a94205410/1, E_0x587a94205410/2;
S_0x587a9428adf0 .scope module, "alu0" "alu" 6 39, 8 1 0, S_0x587a94289c00;
 .timescale 0 0;
    .port_info 0 /INPUT 32 "a";
    .port_info 1 /INPUT 32 "b";
    .port_info 2 /INPUT 4 "op";
    .port_info 3 /OUTPUT 32 "result";
    .port_info 4 /OUTPUT 1 "zero";
P_0x587a94253690 .param/l "ALU_ADD" 1 8 8, C4<0000>;
P_0x587a942536d0 .param/l "ALU_AND" 1 8 10, C4<0010>;
P_0x587a94253710 .param/l "ALU_MUL" 1 8 13, C4<0101>;
P_0x587a94253750 .param/l "ALU_OR" 1 8 11, C4<0011>;
P_0x587a94253790 .param/l "ALU_SLT" 1 8 14, C4<0110>;
P_0x587a942537d0 .param/l "ALU_SRA" 1 8 15, C4<0111>;
P_0x587a94253810 .param/l "ALU_SUB" 1 8 9, C4<0001>;
P_0x587a94253850 .param/l "ALU_XOR" 1 8 12, C4<0100>;
L_0x72f7610082a0 .functor BUFT 1, C4<00000000000000000000000000000000>, C4<0>, C4<0>, C4<0>;
v0x587a9428b3d0_0 .net/2s *"_ivl_0", 31 0, L_0x72f7610082a0;  1 drivers
v0x587a9428b4d0_0 .net/s "a", 31 0, L_0x587a942a2a10;  alias, 1 drivers
v0x587a9428b5c0_0 .net/s "b", 31 0, L_0x587a942a32a0;  alias, 1 drivers
v0x587a9428b690_0 .net "op", 3 0, v0x587a9428bda0_0;  alias, 1 drivers
v0x587a9428b770_0 .var/s "result", 31 0;
v0x587a9428b8a0_0 .net "zero", 0 0, L_0x587a942a3430;  alias, 1 drivers
E_0x587a942052d0 .event anyedge, v0x587a9428b690_0, v0x587a9428a460_0, v0x587a9428b5c0_0, v0x587a9428b5c0_0;
L_0x587a942a3430 .cmp/eq 32, v0x587a9428b770_0, L_0x72f7610082a0;
S_0x587a9428ba00 .scope module, "dec" "decoder" 6 22, 9 1 0, S_0x587a94289c00;
 .timescale 0 0;
    .port_info 0 /INPUT 32 "instr";
    .port_info 1 /OUTPUT 5 "rs1";
    .port_info 2 /OUTPUT 5 "rs2";
    .port_info 3 /OUTPUT 5 "rd";
    .port_info 4 /OUTPUT 4 "alu_op";
    .port_info 5 /OUTPUT 1 "use_imm";
    .port_info 6 /OUTPUT 1 "reg_write";
    .port_info 7 /OUTPUT 1 "is_dot";
    .port_info 8 /OUTPUT 1 "branch_eq";
    .port_info 9 /OUTPUT 1 "branch_ne";
    .port_info 10 /OUTPUT 1 "jump";
    .port_info 11 /OUTPUT 1 "halt";
    .port_info 12 /OUTPUT 32 "imm";
v0x587a9428bda0_0 .var "alu_op", 3 0;
v0x587a9428beb0_0 .var "branch_eq", 0 0;
v0x587a9428bf50_0 .var "branch_ne", 0 0;
v0x587a9428c020_0 .var "funct3", 2 0;
v0x587a9428c100_0 .var "funct7", 6 0;
v0x587a9428c230_0 .var "halt", 0 0;
v0x587a9428c2f0_0 .var/s "imm", 31 0;
v0x587a9428c3d0_0 .net "instr", 31 0, L_0x587a9422a800;  alias, 1 drivers
v0x587a9428c4b0_0 .var "is_dot", 0 0;
v0x587a9428c600_0 .var "jump", 0 0;
v0x587a9428c6c0_0 .var "opcode", 6 0;
v0x587a9428c7a0_0 .var "rd", 4 0;
v0x587a9428c880_0 .var "reg_write", 0 0;
v0x587a9428c940_0 .var "rs1", 4 0;
v0x587a9428ca20_0 .var "rs2", 4 0;
v0x587a9428cb00_0 .var "use_imm", 0 0;
E_0x587a9426e3d0/0 .event anyedge, v0x587a9428c3d0_0, v0x587a9428c3d0_0, v0x587a9428c3d0_0, v0x587a9428c3d0_0;
E_0x587a9426e3d0/1 .event anyedge, v0x587a9428c3d0_0, v0x587a9428c3d0_0, v0x587a9428c3d0_0, v0x587a9428c3d0_0;
E_0x587a9426e3d0/2 .event anyedge, v0x587a9428c3d0_0, v0x587a9428c3d0_0, v0x587a9428c3d0_0, v0x587a9428c3d0_0;
E_0x587a9426e3d0/3 .event anyedge, v0x587a9428c3d0_0, v0x587a9428c3d0_0, v0x587a9428c3d0_0;
E_0x587a9426e3d0 .event/or E_0x587a9426e3d0/0, E_0x587a9426e3d0/1, E_0x587a9426e3d0/2, E_0x587a9426e3d0/3;
S_0x587a9428cdd0 .scope module, "imem" "instruction_memory" 6 20, 10 1 0, S_0x587a94289c00;
 .timescale 0 0;
    .port_info 0 /INPUT 32 "addr";
    .port_info 1 /OUTPUT 32 "instr";
P_0x587a9428cf60 .param/l "DEPTH" 0 10 2, +C4<00000000000000000000010000000000>;
P_0x587a9428cfa0 .param/l "INDEX_BITS" 1 10 7, +C4<00000000000000000000000000001010>;
L_0x587a9422a800 .functor BUFZ 32, L_0x587a942920f0, C4<00000000000000000000000000000000>, C4<00000000000000000000000000000000>, C4<00000000000000000000000000000000>;
v0x587a9428d1b0_0 .net *"_ivl_0", 31 0, L_0x587a942920f0;  1 drivers
v0x587a9428d2b0_0 .net *"_ivl_3", 9 0, L_0x587a94292190;  1 drivers
v0x587a9428d390_0 .net *"_ivl_4", 11 0, L_0x587a94292260;  1 drivers
L_0x72f761008018 .functor BUFT 1, C4<00>, C4<0>, C4<0>, C4<0>;
v0x587a9428d480_0 .net *"_ivl_7", 1 0, L_0x72f761008018;  1 drivers
v0x587a9428d560_0 .net "addr", 31 0, v0x587a94290b30_0;  alias, 1 drivers
v0x587a9428d690_0 .var/i "i", 31 0;
v0x587a9428d770_0 .net "instr", 31 0, L_0x587a9422a800;  alias, 1 drivers
v0x587a9428d830 .array "mem", 1023 0, 31 0;
L_0x587a942920f0 .array/port v0x587a9428d830, L_0x587a94292260;
L_0x587a94292190 .part v0x587a94290b30_0, 2, 10;
L_0x587a94292260 .concat [ 10 2 0 0], L_0x587a94292190, L_0x72f761008018;
S_0x587a9428d930 .scope module, "rf" "register_file" 6 30, 11 1 0, S_0x587a94289c00;
 .timescale 0 0;
    .port_info 0 /INPUT 1 "clk";
    .port_info 1 /INPUT 1 "we";
    .port_info 2 /INPUT 5 "rs1";
    .port_info 3 /INPUT 5 "rs2";
    .port_info 4 /INPUT 5 "rd";
    .port_info 5 /INPUT 32 "wd";
    .port_info 6 /OUTPUT 32 "rv1";
    .port_info 7 /OUTPUT 32 "rv2";
v0x587a9428dce0_0 .net *"_ivl_0", 31 0, L_0x587a94292480;  1 drivers
v0x587a9428dde0_0 .net *"_ivl_10", 31 0, L_0x587a942a2740;  1 drivers
v0x587a9428dec0_0 .net *"_ivl_12", 6 0, L_0x587a942a2810;  1 drivers
L_0x72f761008138 .functor BUFT 1, C4<00>, C4<0>, C4<0>, C4<0>;
v0x587a9428df80_0 .net *"_ivl_15", 1 0, L_0x72f761008138;  1 drivers
v0x587a9428e060_0 .net *"_ivl_18", 31 0, L_0x587a942a2ba0;  1 drivers
L_0x72f761008180 .functor BUFT 1, C4<000000000000000000000000000>, C4<0>, C4<0>, C4<0>;
v0x587a9428e190_0 .net *"_ivl_21", 26 0, L_0x72f761008180;  1 drivers
L_0x72f7610081c8 .functor BUFT 1, C4<00000000000000000000000000000000>, C4<0>, C4<0>, C4<0>;
v0x587a9428e270_0 .net/2u *"_ivl_22", 31 0, L_0x72f7610081c8;  1 drivers
v0x587a9428e350_0 .net *"_ivl_24", 0 0, L_0x587a942a2cd0;  1 drivers
L_0x72f761008210 .functor BUFT 1, C4<00000000000000000000000000000000>, C4<0>, C4<0>, C4<0>;
v0x587a9428e410_0 .net/2u *"_ivl_26", 31 0, L_0x72f761008210;  1 drivers
v0x587a9428e4f0_0 .net *"_ivl_28", 31 0, L_0x587a942a2e10;  1 drivers
L_0x72f761008060 .functor BUFT 1, C4<000000000000000000000000000>, C4<0>, C4<0>, C4<0>;
v0x587a9428e5d0_0 .net *"_ivl_3", 26 0, L_0x72f761008060;  1 drivers
v0x587a9428e6b0_0 .net *"_ivl_30", 6 0, L_0x587a942a2f00;  1 drivers
L_0x72f761008258 .functor BUFT 1, C4<00>, C4<0>, C4<0>, C4<0>;
v0x587a9428e790_0 .net *"_ivl_33", 1 0, L_0x72f761008258;  1 drivers
L_0x72f7610080a8 .functor BUFT 1, C4<00000000000000000000000000000000>, C4<0>, C4<0>, C4<0>;
v0x587a9428e870_0 .net/2u *"_ivl_4", 31 0, L_0x72f7610080a8;  1 drivers
v0x587a9428e950_0 .net *"_ivl_6", 0 0, L_0x587a942a25d0;  1 drivers
L_0x72f7610080f0 .functor BUFT 1, C4<00000000000000000000000000000000>, C4<0>, C4<0>, C4<0>;
v0x587a9428ea10_0 .net/2u *"_ivl_8", 31 0, L_0x72f7610080f0;  1 drivers
v0x587a9428eaf0_0 .net "clk", 0 0, v0x587a94291b40_0;  alias, 1 drivers
v0x587a9428ecc0_0 .var/i "i", 31 0;
v0x587a9428eda0_0 .net "rd", 4 0, v0x587a9428c7a0_0;  alias, 1 drivers
v0x587a9428ee60 .array "regs", 31 0, 31 0;
v0x587a9428ef00_0 .net "rs1", 4 0, v0x587a9428c940_0;  alias, 1 drivers
v0x587a9428eff0_0 .net "rs2", 4 0, v0x587a9428ca20_0;  alias, 1 drivers
v0x587a9428f0c0_0 .net "rv1", 31 0, L_0x587a942a2a10;  alias, 1 drivers
v0x587a9428f160_0 .net "rv2", 31 0, L_0x587a942a3110;  alias, 1 drivers
v0x587a9428f220_0 .net "wd", 31 0, L_0x587a942a38a0;  alias, 1 drivers
v0x587a9428f2e0_0 .net "we", 0 0, L_0x587a942a43f0;  alias, 1 drivers
E_0x587a9428dc80 .event posedge, v0x587a9428eaf0_0;
L_0x587a94292480 .concat [ 5 27 0 0], v0x587a9428c940_0, L_0x72f761008060;
L_0x587a942a25d0 .cmp/eq 32, L_0x587a94292480, L_0x72f7610080a8;
L_0x587a942a2740 .array/port v0x587a9428ee60, L_0x587a942a2810;
L_0x587a942a2810 .concat [ 5 2 0 0], v0x587a9428c940_0, L_0x72f761008138;
L_0x587a942a2a10 .functor MUXZ 32, L_0x587a942a2740, L_0x72f7610080f0, L_0x587a942a25d0, C4<>;
L_0x587a942a2ba0 .concat [ 5 27 0 0], v0x587a9428ca20_0, L_0x72f761008180;
L_0x587a942a2cd0 .cmp/eq 32, L_0x587a942a2ba0, L_0x72f7610081c8;
L_0x587a942a2e10 .array/port v0x587a9428ee60, L_0x587a942a2f00;
L_0x587a942a2f00 .concat [ 5 2 0 0], v0x587a9428ca20_0, L_0x72f761008258;
L_0x587a942a3110 .functor MUXZ 32, L_0x587a942a2e10, L_0x72f761008210, L_0x587a942a2cd0, C4<>;
S_0x587a94291940 .scope task, "tick" "tick" 5 12, 5 12 0, S_0x587a941e18a0;
 .timescale 0 0;
TD_tb.tick ;
    %delay 1, 0;
    %pushi/vec4 1, 0, 1;
    %store/vec4 v0x587a94291b40_0, 0, 1;
    %delay 1, 0;
    %pushi/vec4 0, 0, 1;
    %store/vec4 v0x587a94291b40_0, 0, 1;
    %delay 1, 0;
    %load/vec4 v0x587a94291cf0_0;
    %addi 1, 0, 32;
    %store/vec4 v0x587a94291cf0_0, 0, 32;
    %end;
    .scope S_0x587a94266b30;
T_1 ;
    %wait E_0x587a94238360;
    %load/vec4 v0x587a94289670_0;
    %flag_set/vec4 8;
    %jmp/0xz  T_1.0, 8;
    %pushi/vec4 0, 0, 32;
    %assign/vec4 v0x587a9424b290_0, 0;
    %jmp T_1.1;
T_1.0 ;
    %load/vec4 v0x587a9424b290_0;
    %addi 1, 0, 32;
    %assign/vec4 v0x587a9424b290_0, 0;
T_1.1 ;
    %jmp T_1;
    .thread T_1;
    .scope S_0x587a941e15e0;
T_2 ;
    %wait E_0x587a942384e0;
    %load/vec4 v0x587a94289a90_0;
    %flag_set/vec4 8;
    %jmp/0xz  T_2.0, 8;
    %pushi/vec4 0, 0, 32;
    %assign/vec4 v0x587a942899a0_0, 0;
    %jmp T_2.1;
T_2.0 ;
    %load/vec4 v0x587a942898c0_0;
    %assign/vec4 v0x587a942899a0_0, 0;
T_2.1 ;
    %jmp T_2;
    .thread T_2;
    .scope S_0x587a9428cdd0;
T_3 ;
    %pushi/vec4 0, 0, 32;
    %store/vec4 v0x587a9428d690_0, 0, 32;
T_3.0 ;
    %load/vec4 v0x587a9428d690_0;
    %cmpi/s 1024, 0, 32;
    %jmp/0xz T_3.1, 5;
    %pushi/vec4 19, 0, 32;
    %ix/getv/s 4, v0x587a9428d690_0;
    %store/vec4a v0x587a9428d830, 4, 0;
    %load/vec4 v0x587a9428d690_0;
    %addi 1, 0, 32;
    %store/vec4 v0x587a9428d690_0, 0, 32;
    %jmp T_3.0;
T_3.1 ;
    %end;
    .thread T_3;
    .scope S_0x587a9428ba00;
T_4 ;
Ewait_0 .event/or E_0x587a9426e3d0, E_0x0;
    %wait Ewait_0;
    %load/vec4 v0x587a9428c3d0_0;
    %parti/s 7, 0, 2;
    %store/vec4 v0x587a9428c6c0_0, 0, 7;
    %load/vec4 v0x587a9428c3d0_0;
    %parti/s 5, 7, 4;
    %store/vec4 v0x587a9428c7a0_0, 0, 5;
    %load/vec4 v0x587a9428c3d0_0;
    %parti/s 3, 12, 5;
    %store/vec4 v0x587a9428c020_0, 0, 3;
    %load/vec4 v0x587a9428c3d0_0;
    %parti/s 5, 15, 5;
    %store/vec4 v0x587a9428c940_0, 0, 5;
    %load/vec4 v0x587a9428c3d0_0;
    %parti/s 5, 20, 6;
    %store/vec4 v0x587a9428ca20_0, 0, 5;
    %load/vec4 v0x587a9428c3d0_0;
    %parti/s 7, 25, 6;
    %store/vec4 v0x587a9428c100_0, 0, 7;
    %pushi/vec4 0, 0, 4;
    %store/vec4 v0x587a9428bda0_0, 0, 4;
    %pushi/vec4 0, 0, 1;
    %store/vec4 v0x587a9428cb00_0, 0, 1;
    %pushi/vec4 0, 0, 1;
    %store/vec4 v0x587a9428c880_0, 0, 1;
    %pushi/vec4 0, 0, 1;
    %store/vec4 v0x587a9428c4b0_0, 0, 1;
    %pushi/vec4 0, 0, 1;
    %store/vec4 v0x587a9428beb0_0, 0, 1;
    %pushi/vec4 0, 0, 1;
    %store/vec4 v0x587a9428bf50_0, 0, 1;
    %pushi/vec4 0, 0, 1;
    %store/vec4 v0x587a9428c600_0, 0, 1;
    %pushi/vec4 0, 0, 1;
    %store/vec4 v0x587a9428c230_0, 0, 1;
    %pushi/vec4 0, 0, 32;
    %store/vec4 v0x587a9428c2f0_0, 0, 32;
    %load/vec4 v0x587a9428c3d0_0;
    %cmpi/e 4294967295, 0, 32;
    %jmp/0xz  T_4.0, 4;
    %pushi/vec4 1, 0, 1;
    %store/vec4 v0x587a9428c230_0, 0, 1;
    %jmp T_4.1;
T_4.0 ;
    %load/vec4 v0x587a9428c6c0_0;
    %dup/vec4;
    %pushi/vec4 51, 0, 7;
    %cmp/u;
    %jmp/1 T_4.2, 6;
    %dup/vec4;
    %pushi/vec4 19, 0, 7;
    %cmp/u;
    %jmp/1 T_4.3, 6;
    %dup/vec4;
    %pushi/vec4 99, 0, 7;
    %cmp/u;
    %jmp/1 T_4.4, 6;
    %dup/vec4;
    %pushi/vec4 111, 0, 7;
    %cmp/u;
    %jmp/1 T_4.5, 6;
    %dup/vec4;
    %pushi/vec4 11, 0, 7;
    %cmp/u;
    %jmp/1 T_4.6, 6;
    %jmp T_4.8;
T_4.2 ;
    %pushi/vec4 1, 0, 1;
    %store/vec4 v0x587a9428c880_0, 0, 1;
    %load/vec4 v0x587a9428c100_0;
    %load/vec4 v0x587a9428c020_0;
    %concat/vec4; draw_concat_vec4
    %dup/vec4;
    %pushi/vec4 0, 0, 10;
    %cmp/u;
    %jmp/1 T_4.9, 6;
    %dup/vec4;
    %pushi/vec4 256, 0, 10;
    %cmp/u;
    %jmp/1 T_4.10, 6;
    %dup/vec4;
    %pushi/vec4 7, 0, 10;
    %cmp/u;
    %jmp/1 T_4.11, 6;
    %dup/vec4;
    %pushi/vec4 6, 0, 10;
    %cmp/u;
    %jmp/1 T_4.12, 6;
    %dup/vec4;
    %pushi/vec4 4, 0, 10;
    %cmp/u;
    %jmp/1 T_4.13, 6;
    %dup/vec4;
    %pushi/vec4 8, 0, 10;
    %cmp/u;
    %jmp/1 T_4.14, 6;
    %pushi/vec4 0, 0, 4;
    %store/vec4 v0x587a9428bda0_0, 0, 4;
    %pushi/vec4 0, 0, 1;
    %store/vec4 v0x587a9428c880_0, 0, 1;
    %jmp T_4.16;
T_4.9 ;
    %pushi/vec4 0, 0, 4;
    %store/vec4 v0x587a9428bda0_0, 0, 4;
    %jmp T_4.16;
T_4.10 ;
    %pushi/vec4 1, 0, 4;
    %store/vec4 v0x587a9428bda0_0, 0, 4;
    %jmp T_4.16;
T_4.11 ;
    %pushi/vec4 2, 0, 4;
    %store/vec4 v0x587a9428bda0_0, 0, 4;
    %jmp T_4.16;
T_4.12 ;
    %pushi/vec4 3, 0, 4;
    %store/vec4 v0x587a9428bda0_0, 0, 4;
    %jmp T_4.16;
T_4.13 ;
    %pushi/vec4 4, 0, 4;
    %store/vec4 v0x587a9428bda0_0, 0, 4;
    %jmp T_4.16;
T_4.14 ;
    %pushi/vec4 5, 0, 4;
    %store/vec4 v0x587a9428bda0_0, 0, 4;
    %jmp T_4.16;
T_4.16 ;
    %pop/vec4 1;
    %jmp T_4.8;
T_4.3 ;
    %load/vec4 v0x587a9428c3d0_0;
    %parti/s 1, 31, 6;
    %replicate 20;
    %load/vec4 v0x587a9428c3d0_0;
    %parti/s 12, 20, 6;
    %concat/vec4; draw_concat_vec4
    %store/vec4 v0x587a9428c2f0_0, 0, 32;
    %load/vec4 v0x587a9428c020_0;
    %dup/vec4;
    %pushi/vec4 0, 0, 3;
    %cmp/u;
    %jmp/1 T_4.17, 6;
    %dup/vec4;
    %pushi/vec4 2, 0, 3;
    %cmp/u;
    %jmp/1 T_4.18, 6;
    %dup/vec4;
    %pushi/vec4 5, 0, 3;
    %cmp/u;
    %jmp/1 T_4.19, 6;
    %jmp T_4.21;
T_4.17 ;
    %pushi/vec4 0, 0, 4;
    %store/vec4 v0x587a9428bda0_0, 0, 4;
    %pushi/vec4 1, 0, 1;
    %store/vec4 v0x587a9428cb00_0, 0, 1;
    %pushi/vec4 1, 0, 1;
    %store/vec4 v0x587a9428c880_0, 0, 1;
    %jmp T_4.21;
T_4.18 ;
    %pushi/vec4 6, 0, 4;
    %store/vec4 v0x587a9428bda0_0, 0, 4;
    %pushi/vec4 1, 0, 1;
    %store/vec4 v0x587a9428cb00_0, 0, 1;
    %pushi/vec4 1, 0, 1;
    %store/vec4 v0x587a9428c880_0, 0, 1;
    %jmp T_4.21;
T_4.19 ;
    %pushi/vec4 7, 0, 4;
    %store/vec4 v0x587a9428bda0_0, 0, 4;
    %pushi/vec4 1, 0, 1;
    %store/vec4 v0x587a9428cb00_0, 0, 1;
    %pushi/vec4 1, 0, 1;
    %store/vec4 v0x587a9428c880_0, 0, 1;
    %pushi/vec4 0, 0, 27;
    %load/vec4 v0x587a9428c3d0_0;
    %parti/s 5, 20, 6;
    %concat/vec4; draw_concat_vec4
    %store/vec4 v0x587a9428c2f0_0, 0, 32;
    %jmp T_4.21;
T_4.21 ;
    %pop/vec4 1;
    %jmp T_4.8;
T_4.4 ;
    %load/vec4 v0x587a9428c3d0_0;
    %parti/s 1, 31, 6;
    %replicate 19;
    %load/vec4 v0x587a9428c3d0_0;
    %parti/s 1, 31, 6;
    %concat/vec4; draw_concat_vec4
    %load/vec4 v0x587a9428c3d0_0;
    %parti/s 1, 7, 4;
    %concat/vec4; draw_concat_vec4
    %load/vec4 v0x587a9428c3d0_0;
    %parti/s 6, 25, 6;
    %concat/vec4; draw_concat_vec4
    %load/vec4 v0x587a9428c3d0_0;
    %parti/s 4, 8, 5;
    %concat/vec4; draw_concat_vec4
    %concati/vec4 0, 0, 1;
    %store/vec4 v0x587a9428c2f0_0, 0, 32;
    %load/vec4 v0x587a9428c020_0;
    %dup/vec4;
    %pushi/vec4 0, 0, 3;
    %cmp/u;
    %jmp/1 T_4.22, 6;
    %dup/vec4;
    %pushi/vec4 1, 0, 3;
    %cmp/u;
    %jmp/1 T_4.23, 6;
    %jmp T_4.25;
T_4.22 ;
    %pushi/vec4 1, 0, 1;
    %store/vec4 v0x587a9428beb0_0, 0, 1;
    %jmp T_4.25;
T_4.23 ;
    %pushi/vec4 1, 0, 1;
    %store/vec4 v0x587a9428bf50_0, 0, 1;
    %jmp T_4.25;
T_4.25 ;
    %pop/vec4 1;
    %jmp T_4.8;
T_4.5 ;
    %load/vec4 v0x587a9428c3d0_0;
    %parti/s 1, 31, 6;
    %replicate 11;
    %load/vec4 v0x587a9428c3d0_0;
    %parti/s 1, 31, 6;
    %concat/vec4; draw_concat_vec4
    %load/vec4 v0x587a9428c3d0_0;
    %parti/s 8, 12, 5;
    %concat/vec4; draw_concat_vec4
    %load/vec4 v0x587a9428c3d0_0;
    %parti/s 1, 20, 6;
    %concat/vec4; draw_concat_vec4
    %load/vec4 v0x587a9428c3d0_0;
    %parti/s 10, 21, 6;
    %concat/vec4; draw_concat_vec4
    %concati/vec4 0, 0, 1;
    %store/vec4 v0x587a9428c2f0_0, 0, 32;
    %pushi/vec4 1, 0, 1;
    %store/vec4 v0x587a9428c600_0, 0, 1;
    %load/vec4 v0x587a9428c7a0_0;
    %pushi/vec4 0, 0, 5;
    %cmp/ne;
    %flag_get/vec4 4;
    %store/vec4 v0x587a9428c880_0, 0, 1;
    %jmp T_4.8;
T_4.6 ;
    %pushi/vec4 1, 0, 1;
    %store/vec4 v0x587a9428c4b0_0, 0, 1;
    %pushi/vec4 1, 0, 1;
    %store/vec4 v0x587a9428c880_0, 0, 1;
    %jmp T_4.8;
T_4.8 ;
    %pop/vec4 1;
T_4.1 ;
    %jmp T_4;
    .thread T_4, $push;
    .scope S_0x587a9428d930;
T_5 ;
    %pushi/vec4 0, 0, 32;
    %store/vec4 v0x587a9428ecc0_0, 0, 32;
T_5.0 ;
    %load/vec4 v0x587a9428ecc0_0;
    %cmpi/s 32, 0, 32;
    %jmp/0xz T_5.1, 5;
    %pushi/vec4 0, 0, 32;
    %ix/getv/s 4, v0x587a9428ecc0_0;
    %store/vec4a v0x587a9428ee60, 4, 0;
    %load/vec4 v0x587a9428ecc0_0;
    %addi 1, 0, 32;
    %store/vec4 v0x587a9428ecc0_0, 0, 32;
    %jmp T_5.0;
T_5.1 ;
    %end;
    .thread T_5;
    .scope S_0x587a9428d930;
T_6 ;
    %wait E_0x587a9428dc80;
    %load/vec4 v0x587a9428f2e0_0;
    %flag_set/vec4 9;
    %flag_get/vec4 9;
    %jmp/0 T_6.2, 9;
    %load/vec4 v0x587a9428eda0_0;
    %pad/u 32;
    %pushi/vec4 0, 0, 32;
    %cmp/ne;
    %flag_get/vec4 4;
    %and;
T_6.2;
    %flag_set/vec4 8;
    %jmp/0xz  T_6.0, 8;
    %load/vec4 v0x587a9428f220_0;
    %load/vec4 v0x587a9428eda0_0;
    %pad/u 7;
    %ix/vec4 3;
    %ix/load 4, 0, 0; Constant delay
    %assign/vec4/a/d v0x587a9428ee60, 0, 4;
T_6.0 ;
    %pushi/vec4 0, 0, 32;
    %ix/load 3, 0, 0;
    %flag_set/imm 4, 0;
    %ix/load 4, 0, 0; Constant delay
    %assign/vec4/a/d v0x587a9428ee60, 0, 4;
    %jmp T_6;
    .thread T_6;
    .scope S_0x587a9428adf0;
T_7 ;
Ewait_1 .event/or E_0x587a942052d0, E_0x0;
    %wait Ewait_1;
    %load/vec4 v0x587a9428b690_0;
    %dup/vec4;
    %pushi/vec4 0, 0, 4;
    %cmp/u;
    %jmp/1 T_7.0, 6;
    %dup/vec4;
    %pushi/vec4 1, 0, 4;
    %cmp/u;
    %jmp/1 T_7.1, 6;
    %dup/vec4;
    %pushi/vec4 2, 0, 4;
    %cmp/u;
    %jmp/1 T_7.2, 6;
    %dup/vec4;
    %pushi/vec4 3, 0, 4;
    %cmp/u;
    %jmp/1 T_7.3, 6;
    %dup/vec4;
    %pushi/vec4 4, 0, 4;
    %cmp/u;
    %jmp/1 T_7.4, 6;
    %dup/vec4;
    %pushi/vec4 5, 0, 4;
    %cmp/u;
    %jmp/1 T_7.5, 6;
    %dup/vec4;
    %pushi/vec4 6, 0, 4;
    %cmp/u;
    %jmp/1 T_7.6, 6;
    %dup/vec4;
    %pushi/vec4 7, 0, 4;
    %cmp/u;
    %jmp/1 T_7.7, 6;
    %pushi/vec4 0, 0, 32;
    %store/vec4 v0x587a9428b770_0, 0, 32;
    %jmp T_7.9;
T_7.0 ;
    %load/vec4 v0x587a9428b4d0_0;
    %load/vec4 v0x587a9428b5c0_0;
    %add;
    %store/vec4 v0x587a9428b770_0, 0, 32;
    %jmp T_7.9;
T_7.1 ;
    %load/vec4 v0x587a9428b4d0_0;
    %load/vec4 v0x587a9428b5c0_0;
    %sub;
    %store/vec4 v0x587a9428b770_0, 0, 32;
    %jmp T_7.9;
T_7.2 ;
    %load/vec4 v0x587a9428b4d0_0;
    %load/vec4 v0x587a9428b5c0_0;
    %and;
    %store/vec4 v0x587a9428b770_0, 0, 32;
    %jmp T_7.9;
T_7.3 ;
    %load/vec4 v0x587a9428b4d0_0;
    %load/vec4 v0x587a9428b5c0_0;
    %or;
    %store/vec4 v0x587a9428b770_0, 0, 32;
    %jmp T_7.9;
T_7.4 ;
    %load/vec4 v0x587a9428b4d0_0;
    %load/vec4 v0x587a9428b5c0_0;
    %xor;
    %store/vec4 v0x587a9428b770_0, 0, 32;
    %jmp T_7.9;
T_7.5 ;
    %load/vec4 v0x587a9428b4d0_0;
    %load/vec4 v0x587a9428b5c0_0;
    %mul;
    %store/vec4 v0x587a9428b770_0, 0, 32;
    %jmp T_7.9;
T_7.6 ;
    %load/vec4 v0x587a9428b4d0_0;
    %load/vec4 v0x587a9428b5c0_0;
    %cmp/s;
    %flag_mov 8, 5;
    %jmp/0 T_7.10, 8;
    %pushi/vec4 1, 0, 32;
    %jmp/1 T_7.11, 8;
T_7.10 ; End of true expr.
    %pushi/vec4 0, 0, 32;
    %jmp/0 T_7.11, 8;
 ; End of false expr.
    %blend;
T_7.11;
    %store/vec4 v0x587a9428b770_0, 0, 32;
    %jmp T_7.9;
T_7.7 ;
    %load/vec4 v0x587a9428b4d0_0;
    %load/vec4 v0x587a9428b5c0_0;
    %parti/s 5, 0, 2;
    %ix/vec4 4;
    %shiftr/s 4;
    %store/vec4 v0x587a9428b770_0, 0, 32;
    %jmp T_7.9;
T_7.9 ;
    %pop/vec4 1;
    %jmp T_7;
    .thread T_7, $push;
    .scope S_0x587a94289ea0;
T_8 ;
Ewait_2 .event/or E_0x587a94205410, E_0x0;
    %wait Ewait_2;
    %load/vec4 v0x587a9428a460_0;
    %parti/s 8, 0, 2;
    %store/vec4 v0x587a9428a9d0_0, 0, 8;
    %load/vec4 v0x587a9428a460_0;
    %parti/s 8, 8, 5;
    %store/vec4 v0x587a9428aab0_0, 0, 8;
    %load/vec4 v0x587a9428a460_0;
    %parti/s 8, 16, 6;
    %store/vec4 v0x587a9428ab90_0, 0, 8;
    %load/vec4 v0x587a9428a460_0;
    %parti/s 8, 24, 6;
    %store/vec4 v0x587a9428ac70_0, 0, 8;
    %load/vec4 v0x587a9428a370_0;
    %parti/s 8, 0, 2;
    %store/vec4 v0x587a9428a650_0, 0, 8;
    %load/vec4 v0x587a9428a370_0;
    %parti/s 8, 8, 5;
    %store/vec4 v0x587a9428a730_0, 0, 8;
    %load/vec4 v0x587a9428a370_0;
    %parti/s 8, 16, 6;
    %store/vec4 v0x587a9428a810_0, 0, 8;
    %load/vec4 v0x587a9428a370_0;
    %parti/s 8, 24, 6;
    %store/vec4 v0x587a9428a8f0_0, 0, 8;
    %load/vec4 v0x587a9428a9d0_0;
    %pad/s 32;
    %load/vec4 v0x587a9428a650_0;
    %pad/s 32;
    %mul;
    %load/vec4 v0x587a9428aab0_0;
    %pad/s 32;
    %load/vec4 v0x587a9428a730_0;
    %pad/s 32;
    %mul;
    %add;
    %load/vec4 v0x587a9428ab90_0;
    %pad/s 32;
    %load/vec4 v0x587a9428a810_0;
    %pad/s 32;
    %mul;
    %add;
    %load/vec4 v0x587a9428ac70_0;
    %pad/s 32;
    %load/vec4 v0x587a9428a8f0_0;
    %pad/s 32;
    %mul;
    %add;
    %load/vec4 v0x587a9428a190_0;
    %add;
    %store/vec4 v0x587a9428a290_0, 0, 32;
    %pushi/vec4 0, 0, 32;
    %load/vec4 v0x587a9428a290_0;
    %cmp/s;
    %flag_get/vec4 4;
    %flag_get/vec4 5;
    %or;
    %store/vec4 v0x587a9428a540_0, 0, 1;
    %jmp T_8;
    .thread T_8, $push;
    .scope S_0x587a94289c00;
T_9 ;
    %wait E_0x587a9428dc80;
    %load/vec4 v0x587a94290d90_0;
    %flag_set/vec4 8;
    %jmp/0xz  T_9.0, 8;
    %pushi/vec4 0, 0, 32;
    %assign/vec4 v0x587a94290b30_0, 0;
    %pushi/vec4 0, 0, 1;
    %assign/vec4 v0x587a94290750_0, 0;
    %jmp T_9.1;
T_9.0 ;
    %load/vec4 v0x587a94290750_0;
    %nor/r;
    %flag_set/vec4 8;
    %jmp/0xz  T_9.2, 8;
    %load/vec4 v0x587a94290680_0;
    %flag_set/vec4 8;
    %jmp/0xz  T_9.4, 8;
    %pushi/vec4 1, 0, 1;
    %assign/vec4 v0x587a94290750_0, 0;
    %load/vec4 v0x587a94290b30_0;
    %assign/vec4 v0x587a94290b30_0, 0;
    %jmp T_9.5;
T_9.4 ;
    %load/vec4 v0x587a94290990_0;
    %flag_set/vec4 8;
    %jmp/0xz  T_9.6, 8;
    %load/vec4 v0x587a94290b30_0;
    %load/vec4 v0x587a942907f0_0;
    %add;
    %assign/vec4 v0x587a94290b30_0, 0;
    %jmp T_9.7;
T_9.6 ;
    %load/vec4 v0x587a94291570_0;
    %flag_set/vec4 8;
    %jmp/0xz  T_9.8, 8;
    %load/vec4 v0x587a94290b30_0;
    %load/vec4 v0x587a942907f0_0;
    %add;
    %assign/vec4 v0x587a94290b30_0, 0;
    %jmp T_9.9;
T_9.8 ;
    %load/vec4 v0x587a94290b30_0;
    %addi 4, 0, 32;
    %assign/vec4 v0x587a94290b30_0, 0;
T_9.9 ;
T_9.7 ;
T_9.5 ;
T_9.2 ;
T_9.1 ;
    %jmp T_9;
    .thread T_9;
    .scope S_0x587a941e18a0;
T_10 ;
    %pushi/vec4 0, 0, 1;
    %store/vec4 v0x587a94291b40_0, 0, 1;
    %pushi/vec4 1, 0, 1;
    %store/vec4 v0x587a94292050_0, 0, 1;
    %pushi/vec4 0, 0, 32;
    %store/vec4 v0x587a94291cf0_0, 0, 32;
    %end;
    .thread T_10, $init;
    .scope S_0x587a941e18a0;
T_11 ;
    %pushi/vec4 9437331, 0, 32;
    %ix/load 4, 0, 0;
    %flag_set/imm 4, 0;
    %store/vec4a v0x587a9428d830, 4, 0;
    %pushi/vec4 4229955859, 0, 32;
    %ix/load 4, 1, 0;
    %flag_set/imm 4, 0;
    %store/vec4a v0x587a9428d830, 4, 0;
    %pushi/vec4 4276093331, 0, 32;
    %ix/load 4, 2, 0;
    %flag_set/imm 4, 0;
    %store/vec4a v0x587a9428d830, 4, 0;
    %pushi/vec4 59769363, 0, 32;
    %ix/load 4, 3, 0;
    %flag_set/imm 4, 0;
    %store/vec4a v0x587a9428d830, 4, 0;
    %pushi/vec4 4190110355, 0, 32;
    %ix/load 4, 4, 0;
    %flag_set/imm 4, 0;
    %store/vec4a v0x587a9428d830, 4, 0;
    %pushi/vec4 20972307, 0, 32;
    %ix/load 4, 5, 0;
    %flag_set/imm 4, 0;
    %store/vec4a v0x587a9428d830, 4, 0;
    %pushi/vec4 23069587, 0, 32;
    %ix/load 4, 6, 0;
    %flag_set/imm 4, 0;
    %store/vec4a v0x587a9428d830, 4, 0;
    %pushi/vec4 5243923, 0, 32;
    %ix/load 4, 7, 0;
    %flag_set/imm 4, 0;
    %store/vec4a v0x587a9428d830, 4, 0;
    %pushi/vec4 4037020179, 0, 32;
    %ix/load 4, 8, 0;
    %flag_set/imm 4, 0;
    %store/vec4a v0x587a9428d830, 4, 0;
    %pushi/vec4 1299, 0, 32;
    %ix/load 4, 9, 0;
    %flag_set/imm 4, 0;
    %store/vec4a v0x587a9428d830, 4, 0;
    %pushi/vec4 38831539, 0, 32;
    %ix/load 4, 10, 0;
    %flag_set/imm 4, 0;
    %store/vec4a v0x587a9428d830, 4, 0;
    %pushi/vec4 11863347, 0, 32;
    %ix/load 4, 11, 0;
    %flag_set/imm 4, 0;
    %store/vec4a v0x587a9428d830, 4, 0;
    %pushi/vec4 39912883, 0, 32;
    %ix/load 4, 12, 0;
    %flag_set/imm 4, 0;
    %store/vec4a v0x587a9428d830, 4, 0;
    %pushi/vec4 11863347, 0, 32;
    %ix/load 4, 13, 0;
    %flag_set/imm 4, 0;
    %store/vec4a v0x587a9428d830, 4, 0;
    %pushi/vec4 40994227, 0, 32;
    %ix/load 4, 14, 0;
    %flag_set/imm 4, 0;
    %store/vec4a v0x587a9428d830, 4, 0;
    %pushi/vec4 11863347, 0, 32;
    %ix/load 4, 15, 0;
    %flag_set/imm 4, 0;
    %store/vec4a v0x587a9428d830, 4, 0;
    %pushi/vec4 42075571, 0, 32;
    %ix/load 4, 16, 0;
    %flag_set/imm 4, 0;
    %store/vec4a v0x587a9428d830, 4, 0;
    %pushi/vec4 11863347, 0, 32;
    %ix/load 4, 17, 0;
    %flag_set/imm 4, 0;
    %store/vec4a v0x587a9428d830, 4, 0;
    %pushi/vec4 21300531, 0, 32;
    %ix/load 4, 18, 0;
    %flag_set/imm 4, 0;
    %store/vec4a v0x587a9428d830, 4, 0;
    %pushi/vec4 339731, 0, 32;
    %ix/load 4, 19, 0;
    %flag_set/imm 4, 0;
    %store/vec4a v0x587a9428d830, 4, 0;
    %pushi/vec4 988771, 0, 32;
    %ix/load 4, 20, 0;
    %flag_set/imm 4, 0;
    %store/vec4a v0x587a9428d830, 4, 0;
    %pushi/vec4 1052563, 0, 32;
    %ix/load 4, 21, 0;
    %flag_set/imm 4, 0;
    %store/vec4a v0x587a9428d830, 4, 0;
    %pushi/vec4 8388719, 0, 32;
    %ix/load 4, 22, 0;
    %flag_set/imm 4, 0;
    %store/vec4a v0x587a9428d830, 4, 0;
    %pushi/vec4 3987, 0, 32;
    %ix/load 4, 23, 0;
    %flag_set/imm 4, 0;
    %store/vec4a v0x587a9428d830, 4, 0;
    %pushi/vec4 4294967295, 0, 32;
    %ix/load 4, 24, 0;
    %flag_set/imm 4, 0;
    %store/vec4a v0x587a9428d830, 4, 0;
    %fork TD_tb.tick, S_0x587a94291940;
    %join;
    %pushi/vec4 0, 0, 1;
    %store/vec4 v0x587a94292050_0, 0, 1;
    %pushi/vec4 0, 0, 32;
    %store/vec4 v0x587a94291cf0_0, 0, 32;
T_11.0 ;
    %load/vec4 v0x587a94291db0_0;
    %nor/r;
    %flag_set/vec4 9;
    %flag_get/vec4 9;
    %jmp/0 T_11.2, 9;
    %load/vec4 v0x587a94291cf0_0;
    %cmpi/s 5000, 0, 32;
    %flag_get/vec4 5;
    %and;
T_11.2;
    %flag_set/vec4 8;
    %jmp/0xz T_11.1, 8;
    %fork TD_tb.tick, S_0x587a94291940;
    %join;
    %jmp T_11.0;
T_11.1 ;
    %vpi_call/w 5 45 "$display", "CPU_RESULT prediction=%0d expected=0 cycles=%0d halted=%0d pc=%0d", &A<v0x587a9428ee60, 31>, v0x587a94291cf0_0, v0x587a94291db0_0, v0x587a94291f40_0 {0 0 0};
    %load/vec4 v0x587a94291db0_0;
    %nor/r;
    %flag_set/vec4 8;
    %jmp/0xz  T_11.3, 8;
    %vpi_call/w 5 46 "$error", "TinyRISC program did not halt" {0 0 0};
T_11.3 ;
    %ix/load 4, 31, 0;
    %flag_set/imm 4, 0;
    %load/vec4a v0x587a9428ee60, 4;
    %cmpi/ne 0, 0, 32;
    %jmp/0xz  T_11.5, 6;
    %vpi_call/w 5 47 "$error", "TinyRISC CPU prediction mismatch" {0 0 0};
T_11.5 ;
    %vpi_call/w 5 48 "$finish" {0 0 0};
    %end;
    .thread T_11;
# The file index is used to find the file name in the following table.
:file_names 12;
    "N/A";
    "<interactive>";
    "-";
    "/app/rtl/counter.sv";
    "/app/rtl/register.sv";
    "/app/generated/cpu_logistic_regression_tb.sv";
    "/app/rtl/cpu.sv";
    "/app/rtl/ai_accelerator.sv";
    "/app/rtl/alu.sv";
    "/app/rtl/decoder.sv";
    "/app/rtl/instruction_memory.sv";
    "/app/rtl/register_file.sv";
