#! /usr/bin/vvp
:ivl_version "12.0 (stable)";
:ivl_delay_selection "TYPICAL";
:vpi_time_precision + 0;
:vpi_module "/usr/lib/x86_64-linux-gnu/ivl/system.vpi";
:vpi_module "/usr/lib/x86_64-linux-gnu/ivl/vhdl_sys.vpi";
:vpi_module "/usr/lib/x86_64-linux-gnu/ivl/vhdl_textio.vpi";
:vpi_module "/usr/lib/x86_64-linux-gnu/ivl/v2005_math.vpi";
:vpi_module "/usr/lib/x86_64-linux-gnu/ivl/va_math.vpi";
:vpi_module "/usr/lib/x86_64-linux-gnu/ivl/v2009.vpi";
S_0x58a3a24f96f0 .scope package, "$unit" "$unit" 2 1;
 .timescale 0 0;
S_0x58a3a24facc0 .scope module, "counter" "counter" 3 1;
 .timescale 0 0;
    .port_info 0 /INPUT 1 "clk";
    .port_info 1 /INPUT 1 "reset";
    .port_info 2 /OUTPUT 32 "count";
P_0x58a3a24fb060 .param/l "STEP" 0 3 1, +C4<00000000000000000000000000000001>;
P_0x58a3a24fb0a0 .param/l "WIDTH" 0 3 1, +C4<00000000000000000000000000100000>;
o0x76940ccfe018 .functor BUFZ 1, C4<z>; HiZ drive
v0x58a3a24b0d20_0 .net "clk", 0 0, o0x76940ccfe018;  0 drivers
v0x58a3a24d7270_0 .var "count", 31 0;
o0x76940ccfe078 .functor BUFZ 1, C4<z>; HiZ drive
v0x58a3a25236f0_0 .net "reset", 0 0, o0x76940ccfe078;  0 drivers
E_0x58a3a24c4340 .event posedge, v0x58a3a24b0d20_0;
S_0x58a3a246d5e0 .scope module, "register" "register" 4 1;
 .timescale 0 0;
    .port_info 0 /INPUT 1 "clk";
    .port_info 1 /INPUT 1 "reset";
    .port_info 2 /INPUT 32 "d";
    .port_info 3 /OUTPUT 32 "q";
P_0x58a3a246d770 .param/l "WIDTH" 0 4 1, +C4<00000000000000000000000000100000>;
o0x76940ccfe138 .functor BUFZ 1, C4<z>; HiZ drive
v0x58a3a2523860_0 .net "clk", 0 0, o0x76940ccfe138;  0 drivers
o0x76940ccfe168 .functor BUFZ 32, C4<zzzzzzzzzzzzzzzzzzzzzzzzzzzzzzzz>; HiZ drive
v0x58a3a2523940_0 .net "d", 31 0, o0x76940ccfe168;  0 drivers
v0x58a3a2523a20_0 .var "q", 31 0;
o0x76940ccfe1c8 .functor BUFZ 1, C4<z>; HiZ drive
v0x58a3a2523b10_0 .net "reset", 0 0, o0x76940ccfe1c8;  0 drivers
E_0x58a3a24c44c0 .event posedge, v0x58a3a2523860_0;
S_0x58a3a246d8a0 .scope module, "tb" "tb" 5 4;
 .timescale 0 0;
v0x58a3a252bbc0_0 .var "clk", 0 0;
v0x58a3a252bcb0_0 .net "current_instr", 31 0, L_0x58a3a24b67e0;  1 drivers
v0x58a3a252bd70_0 .var/i "cycles", 31 0;
v0x58a3a252be30_0 .net "halted", 0 0, v0x58a3a252a7d0_0;  1 drivers
v0x58a3a252bed0_0 .net/s "last_result", 31 0, L_0x58a3a253d920;  1 drivers
v0x58a3a252bfc0_0 .net "pc", 31 0, v0x58a3a252abb0_0;  1 drivers
v0x58a3a252c0d0_0 .var "reset", 0 0;
S_0x58a3a2523c80 .scope module, "dut" "cpu" 5 10, 6 1 0, S_0x58a3a246d8a0;
 .timescale 0 0;
    .port_info 0 /INPUT 1 "clk";
    .port_info 1 /INPUT 1 "reset";
    .port_info 2 /OUTPUT 32 "pc";
    .port_info 3 /OUTPUT 32 "current_instr";
    .port_info 4 /OUTPUT 32 "last_result";
    .port_info 5 /OUTPUT 1 "halted";
L_0x58a3a253d6e0 .functor AND 1, v0x58a3a2525f30_0, L_0x58a3a253daf0, C4<1>, C4<1>;
L_0x58a3a253dd10 .functor AND 1, v0x58a3a2525fd0_0, L_0x58a3a253dc30, C4<1>, C4<1>;
L_0x58a3a253de20 .functor OR 1, L_0x58a3a253d6e0, L_0x58a3a253dd10, C4<0>, C4<0>;
L_0x58a3a253e020 .functor AND 1, v0x58a3a2526900_0, L_0x58a3a253df30, C4<1>, C4<1>;
L_0x58a3a253e270 .functor AND 1, L_0x58a3a253e020, L_0x58a3a253e130, C4<1>, C4<1>;
L_0x58a3a253e470 .functor AND 1, L_0x58a3a253e270, L_0x58a3a253e380, C4<1>, C4<1>;
v0x58a3a2529570_0 .net *"_ivl_12", 0 0, L_0x58a3a253daf0;  1 drivers
v0x58a3a2529650_0 .net *"_ivl_15", 0 0, L_0x58a3a253d6e0;  1 drivers
v0x58a3a2529710_0 .net *"_ivl_16", 0 0, L_0x58a3a253dc30;  1 drivers
v0x58a3a25297e0_0 .net *"_ivl_19", 0 0, L_0x58a3a253dd10;  1 drivers
v0x58a3a25298a0_0 .net *"_ivl_23", 0 0, L_0x58a3a253df30;  1 drivers
v0x58a3a2529960_0 .net *"_ivl_25", 0 0, L_0x58a3a253e020;  1 drivers
v0x58a3a2529a20_0 .net *"_ivl_27", 0 0, L_0x58a3a253e130;  1 drivers
v0x58a3a2529ae0_0 .net *"_ivl_29", 0 0, L_0x58a3a253e270;  1 drivers
v0x58a3a2529ba0_0 .net *"_ivl_31", 0 0, L_0x58a3a253e380;  1 drivers
L_0x76940ccb5330 .functor BUFT 1, C4<00000000000000000000000000000100>, C4<0>, C4<0>, C4<0>;
v0x58a3a2529c60_0 .net/2u *"_ivl_4", 31 0, L_0x76940ccb5330;  1 drivers
v0x58a3a2529d40_0 .net *"_ivl_6", 31 0, L_0x58a3a253d640;  1 drivers
v0x58a3a2529e20_0 .net *"_ivl_8", 31 0, L_0x58a3a253d7e0;  1 drivers
v0x58a3a2529f00_0 .net/s "alu_b", 31 0, L_0x58a3a253d320;  1 drivers
v0x58a3a2529fc0_0 .net "alu_op", 3 0, v0x58a3a2525e20_0;  1 drivers
v0x58a3a252a060_0 .net/s "alu_result", 31 0, v0x58a3a25257f0_0;  1 drivers
v0x58a3a252a120_0 .net "branch_eq", 0 0, v0x58a3a2525f30_0;  1 drivers
v0x58a3a252a1f0_0 .net "branch_ne", 0 0, v0x58a3a2525fd0_0;  1 drivers
v0x58a3a252a3d0_0 .net "clk", 0 0, v0x58a3a252bbc0_0;  1 drivers
v0x58a3a252a4a0_0 .net "current_instr", 31 0, L_0x58a3a24b67e0;  alias, 1 drivers
v0x58a3a252a590_0 .net "dot_pred", 0 0, v0x58a3a25245c0_0;  1 drivers
v0x58a3a252a630_0 .net/s "dot_result", 31 0, v0x58a3a2524310_0;  1 drivers
v0x58a3a252a700_0 .net "halt_dec", 0 0, v0x58a3a25262b0_0;  1 drivers
v0x58a3a252a7d0_0 .var "halted", 0 0;
v0x58a3a252a870_0 .net/s "imm", 31 0, v0x58a3a2526370_0;  1 drivers
v0x58a3a252a940_0 .net "is_dot", 0 0, v0x58a3a2526530_0;  1 drivers
v0x58a3a252aa10_0 .net "jump", 0 0, v0x58a3a2526680_0;  1 drivers
v0x58a3a252aae0_0 .net/s "last_result", 31 0, L_0x58a3a253d920;  alias, 1 drivers
v0x58a3a252abb0_0 .var "pc", 31 0;
v0x58a3a252ac80_0 .net "rd", 4 0, v0x58a3a2526820_0;  1 drivers
v0x58a3a252ad70_0 .net "reg_write", 0 0, v0x58a3a2526900_0;  1 drivers
v0x58a3a252ae10_0 .net "reset", 0 0, v0x58a3a252c0d0_0;  1 drivers
v0x58a3a252aeb0_0 .net "rf_we", 0 0, L_0x58a3a253e470;  1 drivers
v0x58a3a252af80_0 .net "rs1", 4 0, v0x58a3a25269c0_0;  1 drivers
v0x58a3a252b280_0 .net "rs2", 4 0, v0x58a3a2526aa0_0;  1 drivers
v0x58a3a252b370_0 .net/s "rv1", 31 0, L_0x58a3a253ca90;  1 drivers
v0x58a3a252b410_0 .net "rv1_u", 31 0, L_0x58a3a253ca90;  alias, 1 drivers
v0x58a3a252b4b0_0 .net/s "rv2", 31 0, L_0x58a3a253d190;  1 drivers
v0x58a3a252b550_0 .net "rv2_u", 31 0, L_0x58a3a253d190;  alias, 1 drivers
v0x58a3a252b5f0_0 .net "take_branch", 0 0, L_0x58a3a253de20;  1 drivers
v0x58a3a252b6b0_0 .net "use_imm", 0 0, v0x58a3a2526b80_0;  1 drivers
v0x58a3a252b750_0 .net "write_data", 31 0, L_0x58a3a253d920;  alias, 1 drivers
v0x58a3a252b840_0 .net "zero", 0 0, L_0x58a3a253d4b0;  1 drivers
L_0x58a3a253d320 .functor MUXZ 32, L_0x58a3a253d190, v0x58a3a2526370_0, v0x58a3a2526b80_0, C4<>;
L_0x58a3a253d640 .arith/sum 32, v0x58a3a252abb0_0, L_0x76940ccb5330;
L_0x58a3a253d7e0 .functor MUXZ 32, v0x58a3a25257f0_0, v0x58a3a2524310_0, v0x58a3a2526530_0, C4<>;
L_0x58a3a253d920 .functor MUXZ 32, L_0x58a3a253d7e0, L_0x58a3a253d640, v0x58a3a2526680_0, C4<>;
L_0x58a3a253daf0 .cmp/eq 32, L_0x58a3a253ca90, L_0x58a3a253d190;
L_0x58a3a253dc30 .cmp/ne 32, L_0x58a3a253ca90, L_0x58a3a253d190;
L_0x58a3a253df30 .reduce/nor v0x58a3a252c0d0_0;
L_0x58a3a253e130 .reduce/nor v0x58a3a252a7d0_0;
L_0x58a3a253e380 .reduce/nor v0x58a3a25262b0_0;
S_0x58a3a2523f20 .scope module, "acc" "ai_accelerator" 6 40, 7 1 0, S_0x58a3a2523c80;
 .timescale 0 0;
    .port_info 0 /INPUT 32 "packed_x";
    .port_info 1 /INPUT 32 "packed_w";
    .port_info 2 /INPUT 32 "bias";
    .port_info 3 /OUTPUT 32 "dot";
    .port_info 4 /OUTPUT 1 "prediction";
L_0x76940ccb52e8 .functor BUFT 1, C4<00000000000000000000000000000000>, C4<0>, C4<0>, C4<0>;
v0x58a3a2524210_0 .net/s "bias", 31 0, L_0x76940ccb52e8;  1 drivers
v0x58a3a2524310_0 .var/s "dot", 31 0;
v0x58a3a25243f0_0 .net "packed_w", 31 0, L_0x58a3a253d190;  alias, 1 drivers
v0x58a3a25244e0_0 .net "packed_x", 31 0, L_0x58a3a253ca90;  alias, 1 drivers
v0x58a3a25245c0_0 .var "prediction", 0 0;
v0x58a3a25246d0_0 .var/s "w0", 7 0;
v0x58a3a25247b0_0 .var/s "w1", 7 0;
v0x58a3a2524890_0 .var/s "w2", 7 0;
v0x58a3a2524970_0 .var/s "w3", 7 0;
v0x58a3a2524a50_0 .var/s "x0", 7 0;
v0x58a3a2524b30_0 .var/s "x1", 7 0;
v0x58a3a2524c10_0 .var/s "x2", 7 0;
v0x58a3a2524cf0_0 .var/s "x3", 7 0;
E_0x58a3a2491410/0 .event anyedge, v0x58a3a25244e0_0, v0x58a3a25244e0_0, v0x58a3a25244e0_0, v0x58a3a25244e0_0;
E_0x58a3a2491410/1 .event anyedge, v0x58a3a25243f0_0, v0x58a3a25243f0_0, v0x58a3a25243f0_0, v0x58a3a25243f0_0;
E_0x58a3a2491410/2 .event anyedge, v0x58a3a2524210_0;
E_0x58a3a2491410 .event/or E_0x58a3a2491410/0, E_0x58a3a2491410/1, E_0x58a3a2491410/2;
S_0x58a3a2524e70 .scope module, "alu0" "alu" 6 39, 8 1 0, S_0x58a3a2523c80;
 .timescale 0 0;
    .port_info 0 /INPUT 32 "a";
    .port_info 1 /INPUT 32 "b";
    .port_info 2 /INPUT 4 "op";
    .port_info 3 /OUTPUT 32 "result";
    .port_info 4 /OUTPUT 1 "zero";
P_0x58a3a24dfc60 .param/l "ALU_ADD" 1 8 8, C4<0000>;
P_0x58a3a24dfca0 .param/l "ALU_AND" 1 8 10, C4<0010>;
P_0x58a3a24dfce0 .param/l "ALU_MUL" 1 8 13, C4<0101>;
P_0x58a3a24dfd20 .param/l "ALU_OR" 1 8 11, C4<0011>;
P_0x58a3a24dfd60 .param/l "ALU_SLT" 1 8 14, C4<0110>;
P_0x58a3a24dfda0 .param/l "ALU_SRA" 1 8 15, C4<0111>;
P_0x58a3a24dfde0 .param/l "ALU_SUB" 1 8 9, C4<0001>;
P_0x58a3a24dfe20 .param/l "ALU_XOR" 1 8 12, C4<0100>;
L_0x76940ccb52a0 .functor BUFT 1, C4<00000000000000000000000000000000>, C4<0>, C4<0>, C4<0>;
v0x58a3a2525450_0 .net/2s *"_ivl_0", 31 0, L_0x76940ccb52a0;  1 drivers
v0x58a3a2525550_0 .net/s "a", 31 0, L_0x58a3a253ca90;  alias, 1 drivers
v0x58a3a2525640_0 .net/s "b", 31 0, L_0x58a3a253d320;  alias, 1 drivers
v0x58a3a2525710_0 .net "op", 3 0, v0x58a3a2525e20_0;  alias, 1 drivers
v0x58a3a25257f0_0 .var/s "result", 31 0;
v0x58a3a2525920_0 .net "zero", 0 0, L_0x58a3a253d4b0;  alias, 1 drivers
E_0x58a3a24912d0 .event anyedge, v0x58a3a2525710_0, v0x58a3a25244e0_0, v0x58a3a2525640_0, v0x58a3a2525640_0;
L_0x58a3a253d4b0 .cmp/eq 32, v0x58a3a25257f0_0, L_0x76940ccb52a0;
S_0x58a3a2525a80 .scope module, "dec" "decoder" 6 22, 9 1 0, S_0x58a3a2523c80;
 .timescale 0 0;
    .port_info 0 /INPUT 32 "instr";
    .port_info 1 /OUTPUT 5 "rs1";
    .port_info 2 /OUTPUT 5 "rs2";
    .port_info 3 /OUTPUT 5 "rd";
    .port_info 4 /OUTPUT 4 "alu_op";
    .port_info 5 /OUTPUT 1 "use_imm";
    .port_info 6 /OUTPUT 1 "reg_write";
    .port_info 7 /OUTPUT 1 "is_dot";
    .port_info 8 /OUTPUT 1 "branch_eq";
    .port_info 9 /OUTPUT 1 "branch_ne";
    .port_info 10 /OUTPUT 1 "jump";
    .port_info 11 /OUTPUT 1 "halt";
    .port_info 12 /OUTPUT 32 "imm";
v0x58a3a2525e20_0 .var "alu_op", 3 0;
v0x58a3a2525f30_0 .var "branch_eq", 0 0;
v0x58a3a2525fd0_0 .var "branch_ne", 0 0;
v0x58a3a25260a0_0 .var "funct3", 2 0;
v0x58a3a2526180_0 .var "funct7", 6 0;
v0x58a3a25262b0_0 .var "halt", 0 0;
v0x58a3a2526370_0 .var/s "imm", 31 0;
v0x58a3a2526450_0 .net "instr", 31 0, L_0x58a3a24b67e0;  alias, 1 drivers
v0x58a3a2526530_0 .var "is_dot", 0 0;
v0x58a3a2526680_0 .var "jump", 0 0;
v0x58a3a2526740_0 .var "opcode", 6 0;
v0x58a3a2526820_0 .var "rd", 4 0;
v0x58a3a2526900_0 .var "reg_write", 0 0;
v0x58a3a25269c0_0 .var "rs1", 4 0;
v0x58a3a2526aa0_0 .var "rs2", 4 0;
v0x58a3a2526b80_0 .var "use_imm", 0 0;
E_0x58a3a2508860/0 .event anyedge, v0x58a3a2526450_0, v0x58a3a2526450_0, v0x58a3a2526450_0, v0x58a3a2526450_0;
E_0x58a3a2508860/1 .event anyedge, v0x58a3a2526450_0, v0x58a3a2526450_0, v0x58a3a2526450_0, v0x58a3a2526450_0;
E_0x58a3a2508860/2 .event anyedge, v0x58a3a2526450_0, v0x58a3a2526450_0, v0x58a3a2526450_0, v0x58a3a2526450_0;
E_0x58a3a2508860/3 .event anyedge, v0x58a3a2526450_0, v0x58a3a2526450_0, v0x58a3a2526450_0;
E_0x58a3a2508860 .event/or E_0x58a3a2508860/0, E_0x58a3a2508860/1, E_0x58a3a2508860/2, E_0x58a3a2508860/3;
S_0x58a3a2526e50 .scope module, "imem" "instruction_memory" 6 20, 10 1 0, S_0x58a3a2523c80;
 .timescale 0 0;
    .port_info 0 /INPUT 32 "addr";
    .port_info 1 /OUTPUT 32 "instr";
P_0x58a3a2526fe0 .param/l "DEPTH" 0 10 2, +C4<00000000000000000000010000000000>;
P_0x58a3a2527020 .param/l "INDEX_BITS" 1 10 7, +C4<00000000000000000000000000001010>;
L_0x58a3a24b67e0 .functor BUFZ 32, L_0x58a3a252c170, C4<00000000000000000000000000000000>, C4<00000000000000000000000000000000>, C4<00000000000000000000000000000000>;
v0x58a3a2527230_0 .net *"_ivl_0", 31 0, L_0x58a3a252c170;  1 drivers
v0x58a3a2527330_0 .net *"_ivl_3", 9 0, L_0x58a3a252c210;  1 drivers
v0x58a3a2527410_0 .net *"_ivl_4", 11 0, L_0x58a3a252c2e0;  1 drivers
L_0x76940ccb5018 .functor BUFT 1, C4<00>, C4<0>, C4<0>, C4<0>;
v0x58a3a2527500_0 .net *"_ivl_7", 1 0, L_0x76940ccb5018;  1 drivers
v0x58a3a25275e0_0 .net "addr", 31 0, v0x58a3a252abb0_0;  alias, 1 drivers
v0x58a3a2527710_0 .var/i "i", 31 0;
v0x58a3a25277f0_0 .net "instr", 31 0, L_0x58a3a24b67e0;  alias, 1 drivers
v0x58a3a25278b0 .array "mem", 1023 0, 31 0;
L_0x58a3a252c170 .array/port v0x58a3a25278b0, L_0x58a3a252c2e0;
L_0x58a3a252c210 .part v0x58a3a252abb0_0, 2, 10;
L_0x58a3a252c2e0 .concat [ 10 2 0 0], L_0x58a3a252c210, L_0x76940ccb5018;
S_0x58a3a25279b0 .scope module, "rf" "register_file" 6 30, 11 1 0, S_0x58a3a2523c80;
 .timescale 0 0;
    .port_info 0 /INPUT 1 "clk";
    .port_info 1 /INPUT 1 "we";
    .port_info 2 /INPUT 5 "rs1";
    .port_info 3 /INPUT 5 "rs2";
    .port_info 4 /INPUT 5 "rd";
    .port_info 5 /INPUT 32 "wd";
    .port_info 6 /OUTPUT 32 "rv1";
    .port_info 7 /OUTPUT 32 "rv2";
v0x58a3a2527d60_0 .net *"_ivl_0", 31 0, L_0x58a3a252c500;  1 drivers
v0x58a3a2527e60_0 .net *"_ivl_10", 31 0, L_0x58a3a253c7c0;  1 drivers
v0x58a3a2527f40_0 .net *"_ivl_12", 6 0, L_0x58a3a253c890;  1 drivers
L_0x76940ccb5138 .functor BUFT 1, C4<00>, C4<0>, C4<0>, C4<0>;
v0x58a3a2528000_0 .net *"_ivl_15", 1 0, L_0x76940ccb5138;  1 drivers
v0x58a3a25280e0_0 .net *"_ivl_18", 31 0, L_0x58a3a253cc20;  1 drivers
L_0x76940ccb5180 .functor BUFT 1, C4<000000000000000000000000000>, C4<0>, C4<0>, C4<0>;
v0x58a3a2528210_0 .net *"_ivl_21", 26 0, L_0x76940ccb5180;  1 drivers
L_0x76940ccb51c8 .functor BUFT 1, C4<00000000000000000000000000000000>, C4<0>, C4<0>, C4<0>;
v0x58a3a25282f0_0 .net/2u *"_ivl_22", 31 0, L_0x76940ccb51c8;  1 drivers
v0x58a3a25283d0_0 .net *"_ivl_24", 0 0, L_0x58a3a253cd50;  1 drivers
L_0x76940ccb5210 .functor BUFT 1, C4<00000000000000000000000000000000>, C4<0>, C4<0>, C4<0>;
v0x58a3a2528490_0 .net/2u *"_ivl_26", 31 0, L_0x76940ccb5210;  1 drivers
v0x58a3a2528570_0 .net *"_ivl_28", 31 0, L_0x58a3a253ce90;  1 drivers
L_0x76940ccb5060 .functor BUFT 1, C4<000000000000000000000000000>, C4<0>, C4<0>, C4<0>;
v0x58a3a2528650_0 .net *"_ivl_3", 26 0, L_0x76940ccb5060;  1 drivers
v0x58a3a2528730_0 .net *"_ivl_30", 6 0, L_0x58a3a253cf80;  1 drivers
L_0x76940ccb5258 .functor BUFT 1, C4<00>, C4<0>, C4<0>, C4<0>;
v0x58a3a2528810_0 .net *"_ivl_33", 1 0, L_0x76940ccb5258;  1 drivers
L_0x76940ccb50a8 .functor BUFT 1, C4<00000000000000000000000000000000>, C4<0>, C4<0>, C4<0>;
v0x58a3a25288f0_0 .net/2u *"_ivl_4", 31 0, L_0x76940ccb50a8;  1 drivers
v0x58a3a25289d0_0 .net *"_ivl_6", 0 0, L_0x58a3a253c650;  1 drivers
L_0x76940ccb50f0 .functor BUFT 1, C4<00000000000000000000000000000000>, C4<0>, C4<0>, C4<0>;
v0x58a3a2528a90_0 .net/2u *"_ivl_8", 31 0, L_0x76940ccb50f0;  1 drivers
v0x58a3a2528b70_0 .net "clk", 0 0, v0x58a3a252bbc0_0;  alias, 1 drivers
v0x58a3a2528d40_0 .var/i "i", 31 0;
v0x58a3a2528e20_0 .net "rd", 4 0, v0x58a3a2526820_0;  alias, 1 drivers
v0x58a3a2528ee0 .array "regs", 31 0, 31 0;
v0x58a3a2528f80_0 .net "rs1", 4 0, v0x58a3a25269c0_0;  alias, 1 drivers
v0x58a3a2529070_0 .net "rs2", 4 0, v0x58a3a2526aa0_0;  alias, 1 drivers
v0x58a3a2529140_0 .net "rv1", 31 0, L_0x58a3a253ca90;  alias, 1 drivers
v0x58a3a25291e0_0 .net "rv2", 31 0, L_0x58a3a253d190;  alias, 1 drivers
v0x58a3a25292a0_0 .net "wd", 31 0, L_0x58a3a253d920;  alias, 1 drivers
v0x58a3a2529360_0 .net "we", 0 0, L_0x58a3a253e470;  alias, 1 drivers
E_0x58a3a2527d00 .event posedge, v0x58a3a2528b70_0;
L_0x58a3a252c500 .concat [ 5 27 0 0], v0x58a3a25269c0_0, L_0x76940ccb5060;
L_0x58a3a253c650 .cmp/eq 32, L_0x58a3a252c500, L_0x76940ccb50a8;
L_0x58a3a253c7c0 .array/port v0x58a3a2528ee0, L_0x58a3a253c890;
L_0x58a3a253c890 .concat [ 5 2 0 0], v0x58a3a25269c0_0, L_0x76940ccb5138;
L_0x58a3a253ca90 .functor MUXZ 32, L_0x58a3a253c7c0, L_0x76940ccb50f0, L_0x58a3a253c650, C4<>;
L_0x58a3a253cc20 .concat [ 5 27 0 0], v0x58a3a2526aa0_0, L_0x76940ccb5180;
L_0x58a3a253cd50 .cmp/eq 32, L_0x58a3a253cc20, L_0x76940ccb51c8;
L_0x58a3a253ce90 .array/port v0x58a3a2528ee0, L_0x58a3a253cf80;
L_0x58a3a253cf80 .concat [ 5 2 0 0], v0x58a3a2526aa0_0, L_0x76940ccb5258;
L_0x58a3a253d190 .functor MUXZ 32, L_0x58a3a253ce90, L_0x76940ccb5210, L_0x58a3a253cd50, C4<>;
S_0x58a3a252b9c0 .scope task, "tick" "tick" 5 12, 5 12 0, S_0x58a3a246d8a0;
 .timescale 0 0;
TD_tb.tick ;
    %delay 1, 0;
    %pushi/vec4 1, 0, 1;
    %store/vec4 v0x58a3a252bbc0_0, 0, 1;
    %delay 1, 0;
    %pushi/vec4 0, 0, 1;
    %store/vec4 v0x58a3a252bbc0_0, 0, 1;
    %delay 1, 0;
    %load/vec4 v0x58a3a252bd70_0;
    %addi 1, 0, 32;
    %store/vec4 v0x58a3a252bd70_0, 0, 32;
    %end;
    .scope S_0x58a3a24facc0;
T_1 ;
    %wait E_0x58a3a24c4340;
    %load/vec4 v0x58a3a25236f0_0;
    %flag_set/vec4 8;
    %jmp/0xz  T_1.0, 8;
    %pushi/vec4 0, 0, 32;
    %assign/vec4 v0x58a3a24d7270_0, 0;
    %jmp T_1.1;
T_1.0 ;
    %load/vec4 v0x58a3a24d7270_0;
    %addi 1, 0, 32;
    %assign/vec4 v0x58a3a24d7270_0, 0;
T_1.1 ;
    %jmp T_1;
    .thread T_1;
    .scope S_0x58a3a246d5e0;
T_2 ;
    %wait E_0x58a3a24c44c0;
    %load/vec4 v0x58a3a2523b10_0;
    %flag_set/vec4 8;
    %jmp/0xz  T_2.0, 8;
    %pushi/vec4 0, 0, 32;
    %assign/vec4 v0x58a3a2523a20_0, 0;
    %jmp T_2.1;
T_2.0 ;
    %load/vec4 v0x58a3a2523940_0;
    %assign/vec4 v0x58a3a2523a20_0, 0;
T_2.1 ;
    %jmp T_2;
    .thread T_2;
    .scope S_0x58a3a2526e50;
T_3 ;
    %pushi/vec4 0, 0, 32;
    %store/vec4 v0x58a3a2527710_0, 0, 32;
T_3.0 ;
    %load/vec4 v0x58a3a2527710_0;
    %cmpi/s 1024, 0, 32;
    %jmp/0xz T_3.1, 5;
    %pushi/vec4 19, 0, 32;
    %ix/getv/s 4, v0x58a3a2527710_0;
    %store/vec4a v0x58a3a25278b0, 4, 0;
    %load/vec4 v0x58a3a2527710_0;
    %addi 1, 0, 32;
    %store/vec4 v0x58a3a2527710_0, 0, 32;
    %jmp T_3.0;
T_3.1 ;
    %end;
    .thread T_3;
    .scope S_0x58a3a2525a80;
T_4 ;
Ewait_0 .event/or E_0x58a3a2508860, E_0x0;
    %wait Ewait_0;
    %load/vec4 v0x58a3a2526450_0;
    %parti/s 7, 0, 2;
    %store/vec4 v0x58a3a2526740_0, 0, 7;
    %load/vec4 v0x58a3a2526450_0;
    %parti/s 5, 7, 4;
    %store/vec4 v0x58a3a2526820_0, 0, 5;
    %load/vec4 v0x58a3a2526450_0;
    %parti/s 3, 12, 5;
    %store/vec4 v0x58a3a25260a0_0, 0, 3;
    %load/vec4 v0x58a3a2526450_0;
    %parti/s 5, 15, 5;
    %store/vec4 v0x58a3a25269c0_0, 0, 5;
    %load/vec4 v0x58a3a2526450_0;
    %parti/s 5, 20, 6;
    %store/vec4 v0x58a3a2526aa0_0, 0, 5;
    %load/vec4 v0x58a3a2526450_0;
    %parti/s 7, 25, 6;
    %store/vec4 v0x58a3a2526180_0, 0, 7;
    %pushi/vec4 0, 0, 4;
    %store/vec4 v0x58a3a2525e20_0, 0, 4;
    %pushi/vec4 0, 0, 1;
    %store/vec4 v0x58a3a2526b80_0, 0, 1;
    %pushi/vec4 0, 0, 1;
    %store/vec4 v0x58a3a2526900_0, 0, 1;
    %pushi/vec4 0, 0, 1;
    %store/vec4 v0x58a3a2526530_0, 0, 1;
    %pushi/vec4 0, 0, 1;
    %store/vec4 v0x58a3a2525f30_0, 0, 1;
    %pushi/vec4 0, 0, 1;
    %store/vec4 v0x58a3a2525fd0_0, 0, 1;
    %pushi/vec4 0, 0, 1;
    %store/vec4 v0x58a3a2526680_0, 0, 1;
    %pushi/vec4 0, 0, 1;
    %store/vec4 v0x58a3a25262b0_0, 0, 1;
    %pushi/vec4 0, 0, 32;
    %store/vec4 v0x58a3a2526370_0, 0, 32;
    %load/vec4 v0x58a3a2526450_0;
    %cmpi/e 4294967295, 0, 32;
    %jmp/0xz  T_4.0, 4;
    %pushi/vec4 1, 0, 1;
    %store/vec4 v0x58a3a25262b0_0, 0, 1;
    %jmp T_4.1;
T_4.0 ;
    %load/vec4 v0x58a3a2526740_0;
    %dup/vec4;
    %pushi/vec4 51, 0, 7;
    %cmp/u;
    %jmp/1 T_4.2, 6;
    %dup/vec4;
    %pushi/vec4 19, 0, 7;
    %cmp/u;
    %jmp/1 T_4.3, 6;
    %dup/vec4;
    %pushi/vec4 99, 0, 7;
    %cmp/u;
    %jmp/1 T_4.4, 6;
    %dup/vec4;
    %pushi/vec4 111, 0, 7;
    %cmp/u;
    %jmp/1 T_4.5, 6;
    %dup/vec4;
    %pushi/vec4 11, 0, 7;
    %cmp/u;
    %jmp/1 T_4.6, 6;
    %jmp T_4.8;
T_4.2 ;
    %pushi/vec4 1, 0, 1;
    %store/vec4 v0x58a3a2526900_0, 0, 1;
    %load/vec4 v0x58a3a2526180_0;
    %load/vec4 v0x58a3a25260a0_0;
    %concat/vec4; draw_concat_vec4
    %dup/vec4;
    %pushi/vec4 0, 0, 10;
    %cmp/u;
    %jmp/1 T_4.9, 6;
    %dup/vec4;
    %pushi/vec4 256, 0, 10;
    %cmp/u;
    %jmp/1 T_4.10, 6;
    %dup/vec4;
    %pushi/vec4 7, 0, 10;
    %cmp/u;
    %jmp/1 T_4.11, 6;
    %dup/vec4;
    %pushi/vec4 6, 0, 10;
    %cmp/u;
    %jmp/1 T_4.12, 6;
    %dup/vec4;
    %pushi/vec4 4, 0, 10;
    %cmp/u;
    %jmp/1 T_4.13, 6;
    %dup/vec4;
    %pushi/vec4 8, 0, 10;
    %cmp/u;
    %jmp/1 T_4.14, 6;
    %pushi/vec4 0, 0, 4;
    %store/vec4 v0x58a3a2525e20_0, 0, 4;
    %pushi/vec4 0, 0, 1;
    %store/vec4 v0x58a3a2526900_0, 0, 1;
    %jmp T_4.16;
T_4.9 ;
    %pushi/vec4 0, 0, 4;
    %store/vec4 v0x58a3a2525e20_0, 0, 4;
    %jmp T_4.16;
T_4.10 ;
    %pushi/vec4 1, 0, 4;
    %store/vec4 v0x58a3a2525e20_0, 0, 4;
    %jmp T_4.16;
T_4.11 ;
    %pushi/vec4 2, 0, 4;
    %store/vec4 v0x58a3a2525e20_0, 0, 4;
    %jmp T_4.16;
T_4.12 ;
    %pushi/vec4 3, 0, 4;
    %store/vec4 v0x58a3a2525e20_0, 0, 4;
    %jmp T_4.16;
T_4.13 ;
    %pushi/vec4 4, 0, 4;
    %store/vec4 v0x58a3a2525e20_0, 0, 4;
    %jmp T_4.16;
T_4.14 ;
    %pushi/vec4 5, 0, 4;
    %store/vec4 v0x58a3a2525e20_0, 0, 4;
    %jmp T_4.16;
T_4.16 ;
    %pop/vec4 1;
    %jmp T_4.8;
T_4.3 ;
    %load/vec4 v0x58a3a2526450_0;
    %parti/s 1, 31, 6;
    %replicate 20;
    %load/vec4 v0x58a3a2526450_0;
    %parti/s 12, 20, 6;
    %concat/vec4; draw_concat_vec4
    %store/vec4 v0x58a3a2526370_0, 0, 32;
    %load/vec4 v0x58a3a25260a0_0;
    %dup/vec4;
    %pushi/vec4 0, 0, 3;
    %cmp/u;
    %jmp/1 T_4.17, 6;
    %dup/vec4;
    %pushi/vec4 2, 0, 3;
    %cmp/u;
    %jmp/1 T_4.18, 6;
    %dup/vec4;
    %pushi/vec4 5, 0, 3;
    %cmp/u;
    %jmp/1 T_4.19, 6;
    %jmp T_4.21;
T_4.17 ;
    %pushi/vec4 0, 0, 4;
    %store/vec4 v0x58a3a2525e20_0, 0, 4;
    %pushi/vec4 1, 0, 1;
    %store/vec4 v0x58a3a2526b80_0, 0, 1;
    %pushi/vec4 1, 0, 1;
    %store/vec4 v0x58a3a2526900_0, 0, 1;
    %jmp T_4.21;
T_4.18 ;
    %pushi/vec4 6, 0, 4;
    %store/vec4 v0x58a3a2525e20_0, 0, 4;
    %pushi/vec4 1, 0, 1;
    %store/vec4 v0x58a3a2526b80_0, 0, 1;
    %pushi/vec4 1, 0, 1;
    %store/vec4 v0x58a3a2526900_0, 0, 1;
    %jmp T_4.21;
T_4.19 ;
    %pushi/vec4 7, 0, 4;
    %store/vec4 v0x58a3a2525e20_0, 0, 4;
    %pushi/vec4 1, 0, 1;
    %store/vec4 v0x58a3a2526b80_0, 0, 1;
    %pushi/vec4 1, 0, 1;
    %store/vec4 v0x58a3a2526900_0, 0, 1;
    %pushi/vec4 0, 0, 27;
    %load/vec4 v0x58a3a2526450_0;
    %parti/s 5, 20, 6;
    %concat/vec4; draw_concat_vec4
    %store/vec4 v0x58a3a2526370_0, 0, 32;
    %jmp T_4.21;
T_4.21 ;
    %pop/vec4 1;
    %jmp T_4.8;
T_4.4 ;
    %load/vec4 v0x58a3a2526450_0;
    %parti/s 1, 31, 6;
    %replicate 19;
    %load/vec4 v0x58a3a2526450_0;
    %parti/s 1, 31, 6;
    %concat/vec4; draw_concat_vec4
    %load/vec4 v0x58a3a2526450_0;
    %parti/s 1, 7, 4;
    %concat/vec4; draw_concat_vec4
    %load/vec4 v0x58a3a2526450_0;
    %parti/s 6, 25, 6;
    %concat/vec4; draw_concat_vec4
    %load/vec4 v0x58a3a2526450_0;
    %parti/s 4, 8, 5;
    %concat/vec4; draw_concat_vec4
    %concati/vec4 0, 0, 1;
    %store/vec4 v0x58a3a2526370_0, 0, 32;
    %load/vec4 v0x58a3a25260a0_0;
    %dup/vec4;
    %pushi/vec4 0, 0, 3;
    %cmp/u;
    %jmp/1 T_4.22, 6;
    %dup/vec4;
    %pushi/vec4 1, 0, 3;
    %cmp/u;
    %jmp/1 T_4.23, 6;
    %jmp T_4.25;
T_4.22 ;
    %pushi/vec4 1, 0, 1;
    %store/vec4 v0x58a3a2525f30_0, 0, 1;
    %jmp T_4.25;
T_4.23 ;
    %pushi/vec4 1, 0, 1;
    %store/vec4 v0x58a3a2525fd0_0, 0, 1;
    %jmp T_4.25;
T_4.25 ;
    %pop/vec4 1;
    %jmp T_4.8;
T_4.5 ;
    %load/vec4 v0x58a3a2526450_0;
    %parti/s 1, 31, 6;
    %replicate 11;
    %load/vec4 v0x58a3a2526450_0;
    %parti/s 1, 31, 6;
    %concat/vec4; draw_concat_vec4
    %load/vec4 v0x58a3a2526450_0;
    %parti/s 8, 12, 5;
    %concat/vec4; draw_concat_vec4
    %load/vec4 v0x58a3a2526450_0;
    %parti/s 1, 20, 6;
    %concat/vec4; draw_concat_vec4
    %load/vec4 v0x58a3a2526450_0;
    %parti/s 10, 21, 6;
    %concat/vec4; draw_concat_vec4
    %concati/vec4 0, 0, 1;
    %store/vec4 v0x58a3a2526370_0, 0, 32;
    %pushi/vec4 1, 0, 1;
    %store/vec4 v0x58a3a2526680_0, 0, 1;
    %load/vec4 v0x58a3a2526820_0;
    %pushi/vec4 0, 0, 5;
    %cmp/ne;
    %flag_get/vec4 4;
    %store/vec4 v0x58a3a2526900_0, 0, 1;
    %jmp T_4.8;
T_4.6 ;
    %pushi/vec4 1, 0, 1;
    %store/vec4 v0x58a3a2526530_0, 0, 1;
    %pushi/vec4 1, 0, 1;
    %store/vec4 v0x58a3a2526900_0, 0, 1;
    %jmp T_4.8;
T_4.8 ;
    %pop/vec4 1;
T_4.1 ;
    %jmp T_4;
    .thread T_4, $push;
    .scope S_0x58a3a25279b0;
T_5 ;
    %pushi/vec4 0, 0, 32;
    %store/vec4 v0x58a3a2528d40_0, 0, 32;
T_5.0 ;
    %load/vec4 v0x58a3a2528d40_0;
    %cmpi/s 32, 0, 32;
    %jmp/0xz T_5.1, 5;
    %pushi/vec4 0, 0, 32;
    %ix/getv/s 4, v0x58a3a2528d40_0;
    %store/vec4a v0x58a3a2528ee0, 4, 0;
    %load/vec4 v0x58a3a2528d40_0;
    %addi 1, 0, 32;
    %store/vec4 v0x58a3a2528d40_0, 0, 32;
    %jmp T_5.0;
T_5.1 ;
    %end;
    .thread T_5;
    .scope S_0x58a3a25279b0;
T_6 ;
    %wait E_0x58a3a2527d00;
    %load/vec4 v0x58a3a2529360_0;
    %flag_set/vec4 9;
    %flag_get/vec4 9;
    %jmp/0 T_6.2, 9;
    %load/vec4 v0x58a3a2528e20_0;
    %pad/u 32;
    %pushi/vec4 0, 0, 32;
    %cmp/ne;
    %flag_get/vec4 4;
    %and;
T_6.2;
    %flag_set/vec4 8;
    %jmp/0xz  T_6.0, 8;
    %load/vec4 v0x58a3a25292a0_0;
    %load/vec4 v0x58a3a2528e20_0;
    %pad/u 7;
    %ix/vec4 3;
    %ix/load 4, 0, 0; Constant delay
    %assign/vec4/a/d v0x58a3a2528ee0, 0, 4;
T_6.0 ;
    %pushi/vec4 0, 0, 32;
    %ix/load 3, 0, 0;
    %flag_set/imm 4, 0;
    %ix/load 4, 0, 0; Constant delay
    %assign/vec4/a/d v0x58a3a2528ee0, 0, 4;
    %jmp T_6;
    .thread T_6;
    .scope S_0x58a3a2524e70;
T_7 ;
Ewait_1 .event/or E_0x58a3a24912d0, E_0x0;
    %wait Ewait_1;
    %load/vec4 v0x58a3a2525710_0;
    %dup/vec4;
    %pushi/vec4 0, 0, 4;
    %cmp/u;
    %jmp/1 T_7.0, 6;
    %dup/vec4;
    %pushi/vec4 1, 0, 4;
    %cmp/u;
    %jmp/1 T_7.1, 6;
    %dup/vec4;
    %pushi/vec4 2, 0, 4;
    %cmp/u;
    %jmp/1 T_7.2, 6;
    %dup/vec4;
    %pushi/vec4 3, 0, 4;
    %cmp/u;
    %jmp/1 T_7.3, 6;
    %dup/vec4;
    %pushi/vec4 4, 0, 4;
    %cmp/u;
    %jmp/1 T_7.4, 6;
    %dup/vec4;
    %pushi/vec4 5, 0, 4;
    %cmp/u;
    %jmp/1 T_7.5, 6;
    %dup/vec4;
    %pushi/vec4 6, 0, 4;
    %cmp/u;
    %jmp/1 T_7.6, 6;
    %dup/vec4;
    %pushi/vec4 7, 0, 4;
    %cmp/u;
    %jmp/1 T_7.7, 6;
    %pushi/vec4 0, 0, 32;
    %store/vec4 v0x58a3a25257f0_0, 0, 32;
    %jmp T_7.9;
T_7.0 ;
    %load/vec4 v0x58a3a2525550_0;
    %load/vec4 v0x58a3a2525640_0;
    %add;
    %store/vec4 v0x58a3a25257f0_0, 0, 32;
    %jmp T_7.9;
T_7.1 ;
    %load/vec4 v0x58a3a2525550_0;
    %load/vec4 v0x58a3a2525640_0;
    %sub;
    %store/vec4 v0x58a3a25257f0_0, 0, 32;
    %jmp T_7.9;
T_7.2 ;
    %load/vec4 v0x58a3a2525550_0;
    %load/vec4 v0x58a3a2525640_0;
    %and;
    %store/vec4 v0x58a3a25257f0_0, 0, 32;
    %jmp T_7.9;
T_7.3 ;
    %load/vec4 v0x58a3a2525550_0;
    %load/vec4 v0x58a3a2525640_0;
    %or;
    %store/vec4 v0x58a3a25257f0_0, 0, 32;
    %jmp T_7.9;
T_7.4 ;
    %load/vec4 v0x58a3a2525550_0;
    %load/vec4 v0x58a3a2525640_0;
    %xor;
    %store/vec4 v0x58a3a25257f0_0, 0, 32;
    %jmp T_7.9;
T_7.5 ;
    %load/vec4 v0x58a3a2525550_0;
    %load/vec4 v0x58a3a2525640_0;
    %mul;
    %store/vec4 v0x58a3a25257f0_0, 0, 32;
    %jmp T_7.9;
T_7.6 ;
    %load/vec4 v0x58a3a2525550_0;
    %load/vec4 v0x58a3a2525640_0;
    %cmp/s;
    %flag_mov 8, 5;
    %jmp/0 T_7.10, 8;
    %pushi/vec4 1, 0, 32;
    %jmp/1 T_7.11, 8;
T_7.10 ; End of true expr.
    %pushi/vec4 0, 0, 32;
    %jmp/0 T_7.11, 8;
 ; End of false expr.
    %blend;
T_7.11;
    %store/vec4 v0x58a3a25257f0_0, 0, 32;
    %jmp T_7.9;
T_7.7 ;
    %load/vec4 v0x58a3a2525550_0;
    %load/vec4 v0x58a3a2525640_0;
    %parti/s 5, 0, 2;
    %ix/vec4 4;
    %shiftr/s 4;
    %store/vec4 v0x58a3a25257f0_0, 0, 32;
    %jmp T_7.9;
T_7.9 ;
    %pop/vec4 1;
    %jmp T_7;
    .thread T_7, $push;
    .scope S_0x58a3a2523f20;
T_8 ;
Ewait_2 .event/or E_0x58a3a2491410, E_0x0;
    %wait Ewait_2;
    %load/vec4 v0x58a3a25244e0_0;
    %parti/s 8, 0, 2;
    %store/vec4 v0x58a3a2524a50_0, 0, 8;
    %load/vec4 v0x58a3a25244e0_0;
    %parti/s 8, 8, 5;
    %store/vec4 v0x58a3a2524b30_0, 0, 8;
    %load/vec4 v0x58a3a25244e0_0;
    %parti/s 8, 16, 6;
    %store/vec4 v0x58a3a2524c10_0, 0, 8;
    %load/vec4 v0x58a3a25244e0_0;
    %parti/s 8, 24, 6;
    %store/vec4 v0x58a3a2524cf0_0, 0, 8;
    %load/vec4 v0x58a3a25243f0_0;
    %parti/s 8, 0, 2;
    %store/vec4 v0x58a3a25246d0_0, 0, 8;
    %load/vec4 v0x58a3a25243f0_0;
    %parti/s 8, 8, 5;
    %store/vec4 v0x58a3a25247b0_0, 0, 8;
    %load/vec4 v0x58a3a25243f0_0;
    %parti/s 8, 16, 6;
    %store/vec4 v0x58a3a2524890_0, 0, 8;
    %load/vec4 v0x58a3a25243f0_0;
    %parti/s 8, 24, 6;
    %store/vec4 v0x58a3a2524970_0, 0, 8;
    %load/vec4 v0x58a3a2524a50_0;
    %pad/s 32;
    %load/vec4 v0x58a3a25246d0_0;
    %pad/s 32;
    %mul;
    %load/vec4 v0x58a3a2524b30_0;
    %pad/s 32;
    %load/vec4 v0x58a3a25247b0_0;
    %pad/s 32;
    %mul;
    %add;
    %load/vec4 v0x58a3a2524c10_0;
    %pad/s 32;
    %load/vec4 v0x58a3a2524890_0;
    %pad/s 32;
    %mul;
    %add;
    %load/vec4 v0x58a3a2524cf0_0;
    %pad/s 32;
    %load/vec4 v0x58a3a2524970_0;
    %pad/s 32;
    %mul;
    %add;
    %load/vec4 v0x58a3a2524210_0;
    %add;
    %store/vec4 v0x58a3a2524310_0, 0, 32;
    %pushi/vec4 0, 0, 32;
    %load/vec4 v0x58a3a2524310_0;
    %cmp/s;
    %flag_get/vec4 4;
    %flag_get/vec4 5;
    %or;
    %store/vec4 v0x58a3a25245c0_0, 0, 1;
    %jmp T_8;
    .thread T_8, $push;
    .scope S_0x58a3a2523c80;
T_9 ;
    %wait E_0x58a3a2527d00;
    %load/vec4 v0x58a3a252ae10_0;
    %flag_set/vec4 8;
    %jmp/0xz  T_9.0, 8;
    %pushi/vec4 0, 0, 32;
    %assign/vec4 v0x58a3a252abb0_0, 0;
    %pushi/vec4 0, 0, 1;
    %assign/vec4 v0x58a3a252a7d0_0, 0;
    %jmp T_9.1;
T_9.0 ;
    %load/vec4 v0x58a3a252a7d0_0;
    %nor/r;
    %flag_set/vec4 8;
    %jmp/0xz  T_9.2, 8;
    %load/vec4 v0x58a3a252a700_0;
    %flag_set/vec4 8;
    %jmp/0xz  T_9.4, 8;
    %pushi/vec4 1, 0, 1;
    %assign/vec4 v0x58a3a252a7d0_0, 0;
    %load/vec4 v0x58a3a252abb0_0;
    %assign/vec4 v0x58a3a252abb0_0, 0;
    %jmp T_9.5;
T_9.4 ;
    %load/vec4 v0x58a3a252aa10_0;
    %flag_set/vec4 8;
    %jmp/0xz  T_9.6, 8;
    %load/vec4 v0x58a3a252abb0_0;
    %load/vec4 v0x58a3a252a870_0;
    %add;
    %assign/vec4 v0x58a3a252abb0_0, 0;
    %jmp T_9.7;
T_9.6 ;
    %load/vec4 v0x58a3a252b5f0_0;
    %flag_set/vec4 8;
    %jmp/0xz  T_9.8, 8;
    %load/vec4 v0x58a3a252abb0_0;
    %load/vec4 v0x58a3a252a870_0;
    %add;
    %assign/vec4 v0x58a3a252abb0_0, 0;
    %jmp T_9.9;
T_9.8 ;
    %load/vec4 v0x58a3a252abb0_0;
    %addi 4, 0, 32;
    %assign/vec4 v0x58a3a252abb0_0, 0;
T_9.9 ;
T_9.7 ;
T_9.5 ;
T_9.2 ;
T_9.1 ;
    %jmp T_9;
    .thread T_9;
    .scope S_0x58a3a246d8a0;
T_10 ;
    %pushi/vec4 0, 0, 1;
    %store/vec4 v0x58a3a252bbc0_0, 0, 1;
    %pushi/vec4 1, 0, 1;
    %store/vec4 v0x58a3a252c0d0_0, 0, 1;
    %pushi/vec4 0, 0, 32;
    %store/vec4 v0x58a3a252bd70_0, 0, 32;
    %end;
    .thread T_10, $init;
    .scope S_0x58a3a246d8a0;
T_11 ;
    %pushi/vec4 9437331, 0, 32;
    %ix/load 4, 0, 0;
    %flag_set/imm 4, 0;
    %store/vec4a v0x58a3a25278b0, 4, 0;
    %pushi/vec4 4229955859, 0, 32;
    %ix/load 4, 1, 0;
    %flag_set/imm 4, 0;
    %store/vec4a v0x58a3a25278b0, 4, 0;
    %pushi/vec4 4276093331, 0, 32;
    %ix/load 4, 2, 0;
    %flag_set/imm 4, 0;
    %store/vec4a v0x58a3a25278b0, 4, 0;
    %pushi/vec4 59769363, 0, 32;
    %ix/load 4, 3, 0;
    %flag_set/imm 4, 0;
    %store/vec4a v0x58a3a25278b0, 4, 0;
    %pushi/vec4 4293963539, 0, 32;
    %ix/load 4, 4, 0;
    %flag_set/imm 4, 0;
    %store/vec4a v0x58a3a25278b0, 4, 0;
    %pushi/vec4 988259, 0, 32;
    %ix/load 4, 5, 0;
    %flag_set/imm 4, 0;
    %store/vec4a v0x58a3a25278b0, 4, 0;
    %pushi/vec4 117440623, 0, 32;
    %ix/load 4, 6, 0;
    %flag_set/imm 4, 0;
    %store/vec4a v0x58a3a25278b0, 4, 0;
    %pushi/vec4 4284526355, 0, 32;
    %ix/load 4, 7, 0;
    %flag_set/imm 4, 0;
    %store/vec4a v0x58a3a25278b0, 4, 0;
    %pushi/vec4 988259, 0, 32;
    %ix/load 4, 8, 0;
    %flag_set/imm 4, 0;
    %store/vec4a v0x58a3a25278b0, 4, 0;
    %pushi/vec4 54526063, 0, 32;
    %ix/load 4, 9, 0;
    %flag_set/imm 4, 0;
    %store/vec4a v0x58a3a25278b0, 4, 0;
    %pushi/vec4 4290916115, 0, 32;
    %ix/load 4, 10, 0;
    %flag_set/imm 4, 0;
    %store/vec4a v0x58a3a25278b0, 4, 0;
    %pushi/vec4 988259, 0, 32;
    %ix/load 4, 11, 0;
    %flag_set/imm 4, 0;
    %store/vec4a v0x58a3a25278b0, 4, 0;
    %pushi/vec4 12583023, 0, 32;
    %ix/load 4, 12, 0;
    %flag_set/imm 4, 0;
    %store/vec4a v0x58a3a25278b0, 4, 0;
    %pushi/vec4 1052563, 0, 32;
    %ix/load 4, 13, 0;
    %flag_set/imm 4, 0;
    %store/vec4a v0x58a3a25278b0, 4, 0;
    %pushi/vec4 197132399, 0, 32;
    %ix/load 4, 14, 0;
    %flag_set/imm 4, 0;
    %store/vec4a v0x58a3a25278b0, 4, 0;
    %pushi/vec4 1126163, 0, 32;
    %ix/load 4, 15, 0;
    %flag_set/imm 4, 0;
    %store/vec4a v0x58a3a25278b0, 4, 0;
    %pushi/vec4 988259, 0, 32;
    %ix/load 4, 16, 0;
    %flag_set/imm 4, 0;
    %store/vec4a v0x58a3a25278b0, 4, 0;
    %pushi/vec4 12583023, 0, 32;
    %ix/load 4, 17, 0;
    %flag_set/imm 4, 0;
    %store/vec4a v0x58a3a25278b0, 4, 0;
    %pushi/vec4 1052563, 0, 32;
    %ix/load 4, 18, 0;
    %flag_set/imm 4, 0;
    %store/vec4a v0x58a3a25278b0, 4, 0;
    %pushi/vec4 176160879, 0, 32;
    %ix/load 4, 19, 0;
    %flag_set/imm 4, 0;
    %store/vec4a v0x58a3a25278b0, 4, 0;
    %pushi/vec4 1052563, 0, 32;
    %ix/load 4, 20, 0;
    %flag_set/imm 4, 0;
    %store/vec4a v0x58a3a25278b0, 4, 0;
    %pushi/vec4 167772271, 0, 32;
    %ix/load 4, 21, 0;
    %flag_set/imm 4, 0;
    %store/vec4a v0x58a3a25278b0, 4, 0;
    %pushi/vec4 1126163, 0, 32;
    %ix/load 4, 22, 0;
    %flag_set/imm 4, 0;
    %store/vec4a v0x58a3a25278b0, 4, 0;
    %pushi/vec4 988259, 0, 32;
    %ix/load 4, 23, 0;
    %flag_set/imm 4, 0;
    %store/vec4a v0x58a3a25278b0, 4, 0;
    %pushi/vec4 12583023, 0, 32;
    %ix/load 4, 24, 0;
    %flag_set/imm 4, 0;
    %store/vec4a v0x58a3a25278b0, 4, 0;
    %pushi/vec4 3987, 0, 32;
    %ix/load 4, 25, 0;
    %flag_set/imm 4, 0;
    %store/vec4a v0x58a3a25278b0, 4, 0;
    %pushi/vec4 146800751, 0, 32;
    %ix/load 4, 26, 0;
    %flag_set/imm 4, 0;
    %store/vec4a v0x58a3a25278b0, 4, 0;
    %pushi/vec4 4281478931, 0, 32;
    %ix/load 4, 27, 0;
    %flag_set/imm 4, 0;
    %store/vec4a v0x58a3a25278b0, 4, 0;
    %pushi/vec4 988259, 0, 32;
    %ix/load 4, 28, 0;
    %flag_set/imm 4, 0;
    %store/vec4a v0x58a3a25278b0, 4, 0;
    %pushi/vec4 12583023, 0, 32;
    %ix/load 4, 29, 0;
    %flag_set/imm 4, 0;
    %store/vec4a v0x58a3a25278b0, 4, 0;
    %pushi/vec4 1052563, 0, 32;
    %ix/load 4, 30, 0;
    %flag_set/imm 4, 0;
    %store/vec4a v0x58a3a25278b0, 4, 0;
    %pushi/vec4 125829231, 0, 32;
    %ix/load 4, 31, 0;
    %flag_set/imm 4, 0;
    %store/vec4a v0x58a3a25278b0, 4, 0;
    %pushi/vec4 1052563, 0, 32;
    %ix/load 4, 32, 0;
    %flag_set/imm 4, 0;
    %store/vec4a v0x58a3a25278b0, 4, 0;
    %pushi/vec4 117440623, 0, 32;
    %ix/load 4, 33, 0;
    %flag_set/imm 4, 0;
    %store/vec4a v0x58a3a25278b0, 4, 0;
    %pushi/vec4 23179027, 0, 32;
    %ix/load 4, 34, 0;
    %flag_set/imm 4, 0;
    %store/vec4a v0x58a3a25278b0, 4, 0;
    %pushi/vec4 988259, 0, 32;
    %ix/load 4, 35, 0;
    %flag_set/imm 4, 0;
    %store/vec4a v0x58a3a25278b0, 4, 0;
    %pushi/vec4 75497583, 0, 32;
    %ix/load 4, 36, 0;
    %flag_set/imm 4, 0;
    %store/vec4a v0x58a3a25278b0, 4, 0;
    %pushi/vec4 2141971, 0, 32;
    %ix/load 4, 37, 0;
    %flag_set/imm 4, 0;
    %store/vec4a v0x58a3a25278b0, 4, 0;
    %pushi/vec4 988259, 0, 32;
    %ix/load 4, 38, 0;
    %flag_set/imm 4, 0;
    %store/vec4a v0x58a3a25278b0, 4, 0;
    %pushi/vec4 33554543, 0, 32;
    %ix/load 4, 39, 0;
    %flag_set/imm 4, 0;
    %store/vec4a v0x58a3a25278b0, 4, 0;
    %pushi/vec4 4265717523, 0, 32;
    %ix/load 4, 40, 0;
    %flag_set/imm 4, 0;
    %store/vec4a v0x58a3a25278b0, 4, 0;
    %pushi/vec4 988259, 0, 32;
    %ix/load 4, 41, 0;
    %flag_set/imm 4, 0;
    %store/vec4a v0x58a3a25278b0, 4, 0;
    %pushi/vec4 12583023, 0, 32;
    %ix/load 4, 42, 0;
    %flag_set/imm 4, 0;
    %store/vec4a v0x58a3a25278b0, 4, 0;
    %pushi/vec4 3987, 0, 32;
    %ix/load 4, 43, 0;
    %flag_set/imm 4, 0;
    %store/vec4a v0x58a3a25278b0, 4, 0;
    %pushi/vec4 71303279, 0, 32;
    %ix/load 4, 44, 0;
    %flag_set/imm 4, 0;
    %store/vec4a v0x58a3a25278b0, 4, 0;
    %pushi/vec4 3987, 0, 32;
    %ix/load 4, 45, 0;
    %flag_set/imm 4, 0;
    %store/vec4a v0x58a3a25278b0, 4, 0;
    %pushi/vec4 62914671, 0, 32;
    %ix/load 4, 46, 0;
    %flag_set/imm 4, 0;
    %store/vec4a v0x58a3a25278b0, 4, 0;
    %pushi/vec4 4291931923, 0, 32;
    %ix/load 4, 47, 0;
    %flag_set/imm 4, 0;
    %store/vec4a v0x58a3a25278b0, 4, 0;
    %pushi/vec4 988259, 0, 32;
    %ix/load 4, 48, 0;
    %flag_set/imm 4, 0;
    %store/vec4a v0x58a3a25278b0, 4, 0;
    %pushi/vec4 12583023, 0, 32;
    %ix/load 4, 49, 0;
    %flag_set/imm 4, 0;
    %store/vec4a v0x58a3a25278b0, 4, 0;
    %pushi/vec4 3987, 0, 32;
    %ix/load 4, 50, 0;
    %flag_set/imm 4, 0;
    %store/vec4a v0x58a3a25278b0, 4, 0;
    %pushi/vec4 41943151, 0, 32;
    %ix/load 4, 51, 0;
    %flag_set/imm 4, 0;
    %store/vec4a v0x58a3a25278b0, 4, 0;
    %pushi/vec4 3987, 0, 32;
    %ix/load 4, 52, 0;
    %flag_set/imm 4, 0;
    %store/vec4a v0x58a3a25278b0, 4, 0;
    %pushi/vec4 33554543, 0, 32;
    %ix/load 4, 53, 0;
    %flag_set/imm 4, 0;
    %store/vec4a v0x58a3a25278b0, 4, 0;
    %pushi/vec4 4262604563, 0, 32;
    %ix/load 4, 54, 0;
    %flag_set/imm 4, 0;
    %store/vec4a v0x58a3a25278b0, 4, 0;
    %pushi/vec4 988259, 0, 32;
    %ix/load 4, 55, 0;
    %flag_set/imm 4, 0;
    %store/vec4a v0x58a3a25278b0, 4, 0;
    %pushi/vec4 12583023, 0, 32;
    %ix/load 4, 56, 0;
    %flag_set/imm 4, 0;
    %store/vec4a v0x58a3a25278b0, 4, 0;
    %pushi/vec4 1052563, 0, 32;
    %ix/load 4, 57, 0;
    %flag_set/imm 4, 0;
    %store/vec4a v0x58a3a25278b0, 4, 0;
    %pushi/vec4 12583023, 0, 32;
    %ix/load 4, 58, 0;
    %flag_set/imm 4, 0;
    %store/vec4a v0x58a3a25278b0, 4, 0;
    %pushi/vec4 1052563, 0, 32;
    %ix/load 4, 59, 0;
    %flag_set/imm 4, 0;
    %store/vec4a v0x58a3a25278b0, 4, 0;
    %pushi/vec4 4194415, 0, 32;
    %ix/load 4, 60, 0;
    %flag_set/imm 4, 0;
    %store/vec4a v0x58a3a25278b0, 4, 0;
    %pushi/vec4 4294967295, 0, 32;
    %ix/load 4, 61, 0;
    %flag_set/imm 4, 0;
    %store/vec4a v0x58a3a25278b0, 4, 0;
    %fork TD_tb.tick, S_0x58a3a252b9c0;
    %join;
    %pushi/vec4 0, 0, 1;
    %store/vec4 v0x58a3a252c0d0_0, 0, 1;
    %pushi/vec4 0, 0, 32;
    %store/vec4 v0x58a3a252bd70_0, 0, 32;
T_11.0 ;
    %load/vec4 v0x58a3a252be30_0;
    %nor/r;
    %flag_set/vec4 9;
    %flag_get/vec4 9;
    %jmp/0 T_11.2, 9;
    %load/vec4 v0x58a3a252bd70_0;
    %cmpi/s 5000, 0, 32;
    %flag_get/vec4 5;
    %and;
T_11.2;
    %flag_set/vec4 8;
    %jmp/0xz T_11.1, 8;
    %fork TD_tb.tick, S_0x58a3a252b9c0;
    %join;
    %jmp T_11.0;
T_11.1 ;
    %vpi_call/w 5 82 "$display", "CPU_RESULT prediction=%0d expected=0 cycles=%0d halted=%0d pc=%0d", &A<v0x58a3a2528ee0, 31>, v0x58a3a252bd70_0, v0x58a3a252be30_0, v0x58a3a252bfc0_0 {0 0 0};
    %load/vec4 v0x58a3a252be30_0;
    %nor/r;
    %flag_set/vec4 8;
    %jmp/0xz  T_11.3, 8;
    %vpi_call/w 5 83 "$error", "TinyRISC program did not halt" {0 0 0};
T_11.3 ;
    %ix/load 4, 31, 0;
    %flag_set/imm 4, 0;
    %load/vec4a v0x58a3a2528ee0, 4;
    %cmpi/ne 0, 0, 32;
    %jmp/0xz  T_11.5, 6;
    %vpi_call/w 5 84 "$error", "TinyRISC CPU prediction mismatch" {0 0 0};
T_11.5 ;
    %vpi_call/w 5 85 "$finish" {0 0 0};
    %end;
    .thread T_11;
# The file index is used to find the file name in the following table.
:file_names 12;
    "N/A";
    "<interactive>";
    "-";
    "/app/rtl/counter.sv";
    "/app/rtl/register.sv";
    "/app/generated/cpu_decision_tree_tb.sv";
    "/app/rtl/cpu.sv";
    "/app/rtl/ai_accelerator.sv";
    "/app/rtl/alu.sv";
    "/app/rtl/decoder.sv";
    "/app/rtl/instruction_memory.sv";
    "/app/rtl/register_file.sv";
