#! /usr/bin/vvp
:ivl_version "12.0 (stable)";
:ivl_delay_selection "TYPICAL";
:vpi_time_precision + 0;
:vpi_module "/usr/lib/x86_64-linux-gnu/ivl/system.vpi";
:vpi_module "/usr/lib/x86_64-linux-gnu/ivl/vhdl_sys.vpi";
:vpi_module "/usr/lib/x86_64-linux-gnu/ivl/vhdl_textio.vpi";
:vpi_module "/usr/lib/x86_64-linux-gnu/ivl/v2005_math.vpi";
:vpi_module "/usr/lib/x86_64-linux-gnu/ivl/va_math.vpi";
:vpi_module "/usr/lib/x86_64-linux-gnu/ivl/v2009.vpi";
S_0x57b5f3baf260 .scope package, "$unit" "$unit" 2 1;
 .timescale 0 0;
S_0x57b5f3baf3f0 .scope module, "tb" "tb" 3 1;
 .timescale 0 0;
v0x57b5f3bc35f0_0 .net "prediction", 0 0, v0x57b5f3b737a0_0;  1 drivers
v0x57b5f3bc36b0_0 .var/s "x0", 7 0;
v0x57b5f3bc3780_0 .var/s "x1", 7 0;
v0x57b5f3bc3880_0 .var/s "x2", 7 0;
v0x57b5f3bc3950_0 .var/s "x3", 7 0;
S_0x57b5f3b735e0 .scope module, "dut" "decision_tree_inference" 3 4, 4 3 0, S_0x57b5f3baf3f0;
 .timescale 0 0;
    .port_info 0 /INPUT 8 "x0";
    .port_info 1 /INPUT 8 "x1";
    .port_info 2 /INPUT 8 "x2";
    .port_info 3 /INPUT 8 "x3";
    .port_info 4 /OUTPUT 1 "prediction";
v0x57b5f3b737a0_0 .var "prediction", 0 0;
v0x57b5f3bc3170_0 .net/s "x0", 7 0, v0x57b5f3bc36b0_0;  1 drivers
v0x57b5f3bc3250_0 .net/s "x1", 7 0, v0x57b5f3bc3780_0;  1 drivers
v0x57b5f3bc3340_0 .net/s "x2", 7 0, v0x57b5f3bc3880_0;  1 drivers
v0x57b5f3bc3420_0 .net/s "x3", 7 0, v0x57b5f3bc3950_0;  1 drivers
E_0x57b5f3bac7b0 .event anyedge, v0x57b5f3bc3170_0, v0x57b5f3bc3420_0, v0x57b5f3bc3250_0, v0x57b5f3bc3340_0;
    .scope S_0x57b5f3b735e0;
T_0 ;
Ewait_0 .event/or E_0x57b5f3bac7b0, E_0x0;
    %wait Ewait_0;
    %load/vec4 v0x57b5f3bc3170_0;
    %cmpi/s 254, 0, 8;
    %flag_or 5, 4;
    %flag_mov 8, 5;
    %jmp/0 T_0.0, 8;
    %load/vec4 v0x57b5f3bc3170_0;
    %cmpi/s 245, 0, 8;
    %flag_or 5, 4;
    %flag_mov 9, 5;
    %jmp/0 T_0.2, 9;
    %load/vec4 v0x57b5f3bc3420_0;
    %cmpi/s 251, 0, 8;
    %flag_or 5, 4;
    %flag_mov 10, 5;
    %jmp/0 T_0.4, 10;
    %pushi/vec4 1, 0, 1;
    %jmp/1 T_0.5, 10;
T_0.4 ; End of true expr.
    %load/vec4 v0x57b5f3bc3250_0;
    %cmpi/s 0, 0, 8;
    %flag_or 5, 4;
    %flag_mov 11, 5;
    %jmp/0 T_0.6, 11;
    %pushi/vec4 1, 0, 1;
    %jmp/1 T_0.7, 11;
T_0.6 ; End of true expr.
    %pushi/vec4 1, 0, 1;
    %jmp/0 T_0.7, 11;
 ; End of false expr.
    %blend;
T_0.7;
    %jmp/0 T_0.5, 10;
 ; End of false expr.
    %blend;
T_0.5;
    %jmp/1 T_0.3, 9;
T_0.2 ; End of true expr.
    %load/vec4 v0x57b5f3bc3250_0;
    %cmpi/s 0, 0, 8;
    %flag_or 5, 4;
    %flag_mov 10, 5;
    %jmp/0 T_0.8, 10;
    %pushi/vec4 0, 0, 1;
    %jmp/1 T_0.9, 10;
T_0.8 ; End of true expr.
    %load/vec4 v0x57b5f3bc3420_0;
    %cmpi/s 242, 0, 8;
    %flag_or 5, 4;
    %flag_mov 11, 5;
    %jmp/0 T_0.10, 11;
    %pushi/vec4 1, 0, 1;
    %jmp/1 T_0.11, 11;
T_0.10 ; End of true expr.
    %pushi/vec4 1, 0, 1;
    %jmp/0 T_0.11, 11;
 ; End of false expr.
    %blend;
T_0.11;
    %jmp/0 T_0.9, 10;
 ; End of false expr.
    %blend;
T_0.9;
    %jmp/0 T_0.3, 9;
 ; End of false expr.
    %blend;
T_0.3;
    %jmp/1 T_0.1, 8;
T_0.0 ; End of true expr.
    %load/vec4 v0x57b5f3bc3340_0;
    %cmpi/s 21, 0, 8;
    %flag_or 5, 4;
    %flag_mov 9, 5;
    %jmp/0 T_0.12, 9;
    %load/vec4 v0x57b5f3bc3170_0;
    %cmpi/s 1, 0, 8;
    %flag_or 5, 4;
    %flag_mov 10, 5;
    %jmp/0 T_0.14, 10;
    %load/vec4 v0x57b5f3bc3340_0;
    %cmpi/s 227, 0, 8;
    %flag_or 5, 4;
    %flag_mov 11, 5;
    %jmp/0 T_0.16, 11;
    %pushi/vec4 0, 0, 1;
    %jmp/1 T_0.17, 11;
T_0.16 ; End of true expr.
    %pushi/vec4 0, 0, 1;
    %jmp/0 T_0.17, 11;
 ; End of false expr.
    %blend;
T_0.17;
    %jmp/1 T_0.15, 10;
T_0.14 ; End of true expr.
    %load/vec4 v0x57b5f3bc3340_0;
    %cmpi/s 252, 0, 8;
    %flag_or 5, 4;
    %flag_mov 11, 5;
    %jmp/0 T_0.18, 11;
    %pushi/vec4 0, 0, 1;
    %jmp/1 T_0.19, 11;
T_0.18 ; End of true expr.
    %pushi/vec4 0, 0, 1;
    %jmp/0 T_0.19, 11;
 ; End of false expr.
    %blend;
T_0.19;
    %jmp/0 T_0.15, 10;
 ; End of false expr.
    %blend;
T_0.15;
    %jmp/1 T_0.13, 9;
T_0.12 ; End of true expr.
    %load/vec4 v0x57b5f3bc3420_0;
    %cmpi/s 224, 0, 8;
    %flag_or 5, 4;
    %flag_mov 10, 5;
    %jmp/0 T_0.20, 10;
    %pushi/vec4 1, 0, 1;
    %jmp/1 T_0.21, 10;
T_0.20 ; End of true expr.
    %pushi/vec4 1, 0, 1;
    %jmp/0 T_0.21, 10;
 ; End of false expr.
    %blend;
T_0.21;
    %jmp/0 T_0.13, 9;
 ; End of false expr.
    %blend;
T_0.13;
    %jmp/0 T_0.1, 8;
 ; End of false expr.
    %blend;
T_0.1;
    %store/vec4 v0x57b5f3b737a0_0, 0, 1;
    %jmp T_0;
    .thread T_0, $push;
    .scope S_0x57b5f3baf3f0;
T_1 ;
    %pushi/vec4 9, 0, 8;
    %store/vec4 v0x57b5f3bc36b0_0, 0, 8;
    %pushi/vec4 194, 0, 8;
    %store/vec4 v0x57b5f3bc3780_0, 0, 8;
    %pushi/vec4 238, 0, 8;
    %store/vec4 v0x57b5f3bc3880_0, 0, 8;
    %pushi/vec4 57, 0, 8;
    %store/vec4 v0x57b5f3bc3950_0, 0, 8;
    %delay 1, 0;
    %vpi_call/w 3 11 "$display", "RESULT prediction=%0d expected=0", v0x57b5f3bc35f0_0 {0 0 0};
    %load/vec4 v0x57b5f3bc35f0_0;
    %cmpi/ne 0, 0, 1;
    %jmp/0xz  T_1.0, 6;
    %vpi_call/w 3 12 "$error", "Prediction mismatch" {0 0 0};
T_1.0 ;
    %vpi_call/w 3 13 "$finish" {0 0 0};
    %end;
    .thread T_1;
# The file index is used to find the file name in the following table.
:file_names 5;
    "N/A";
    "<interactive>";
    "-";
    "/app/generated/decision_tree_tb.sv";
    "/app/generated/decision_tree_inference.sv";
