#! /usr/bin/vvp
:ivl_version "12.0 (stable)";
:ivl_delay_selection "TYPICAL";
:vpi_time_precision + 0;
:vpi_module "/usr/lib/x86_64-linux-gnu/ivl/system.vpi";
:vpi_module "/usr/lib/x86_64-linux-gnu/ivl/vhdl_sys.vpi";
:vpi_module "/usr/lib/x86_64-linux-gnu/ivl/vhdl_textio.vpi";
:vpi_module "/usr/lib/x86_64-linux-gnu/ivl/v2005_math.vpi";
:vpi_module "/usr/lib/x86_64-linux-gnu/ivl/va_math.vpi";
:vpi_module "/usr/lib/x86_64-linux-gnu/ivl/v2009.vpi";
S_0x621f82fb3310 .scope package, "$unit" "$unit" 2 1;
 .timescale 0 0;
S_0x621f82fb34a0 .scope module, "tb" "tb" 3 1;
 .timescale 0 0;
v0x621f82fc6e80_0 .net "prediction", 0 0, v0x621f82f787d0_0;  1 drivers
v0x621f82fc6f40_0 .var/s "x0", 7 0;
v0x621f82fc7010_0 .var/s "x1", 7 0;
v0x621f82fc7110_0 .var/s "x2", 7 0;
v0x621f82fc71e0_0 .var/s "x3", 7 0;
S_0x621f82f78610 .scope module, "dut" "logistic_inference" 3 4, 4 3 0, S_0x621f82fb34a0;
 .timescale 0 0;
    .port_info 0 /INPUT 8 "x0";
    .port_info 1 /INPUT 8 "x1";
    .port_info 2 /INPUT 8 "x2";
    .port_info 3 /INPUT 8 "x3";
    .port_info 4 /OUTPUT 1 "prediction";
v0x621f82f787d0_0 .var "prediction", 0 0;
v0x621f82fc6920_0 .var/s "score", 31 0;
v0x621f82fc6a00_0 .net/s "x0", 7 0, v0x621f82fc6f40_0;  1 drivers
v0x621f82fc6af0_0 .net/s "x1", 7 0, v0x621f82fc7010_0;  1 drivers
v0x621f82fc6bd0_0 .net/s "x2", 7 0, v0x621f82fc7110_0;  1 drivers
v0x621f82fc6d00_0 .net/s "x3", 7 0, v0x621f82fc71e0_0;  1 drivers
E_0x621f82fb1b10 .event anyedge, v0x621f82fc6a00_0, v0x621f82fc6af0_0, v0x621f82fc6bd0_0, v0x621f82fc6d00_0;
    .scope S_0x621f82f78610;
T_0 ;
Ewait_0 .event/or E_0x621f82fb1b10, E_0x0;
    %wait Ewait_0;
    %load/vec4 v0x621f82fc6a00_0;
    %pad/s 32;
    %muli 4294967196, 0, 32;
    %load/vec4 v0x621f82fc6af0_0;
    %pad/s 32;
    %muli 20, 0, 32;
    %add;
    %load/vec4 v0x621f82fc6bd0_0;
    %pad/s 32;
    %muli 22, 0, 32;
    %add;
    %load/vec4 v0x621f82fc6d00_0;
    %pad/s 32;
    %muli 5, 0, 32;
    %add;
    %addi 4294967050, 0, 32;
    %store/vec4 v0x621f82fc6920_0, 0, 32;
    %pushi/vec4 0, 0, 32;
    %load/vec4 v0x621f82fc6920_0;
    %cmp/s;
    %flag_get/vec4 4;
    %flag_get/vec4 5;
    %or;
    %store/vec4 v0x621f82f787d0_0, 0, 1;
    %jmp T_0;
    .thread T_0, $push;
    .scope S_0x621f82fb34a0;
T_1 ;
    %pushi/vec4 9, 0, 8;
    %store/vec4 v0x621f82fc6f40_0, 0, 8;
    %pushi/vec4 194, 0, 8;
    %store/vec4 v0x621f82fc7010_0, 0, 8;
    %pushi/vec4 238, 0, 8;
    %store/vec4 v0x621f82fc7110_0, 0, 8;
    %pushi/vec4 57, 0, 8;
    %store/vec4 v0x621f82fc71e0_0, 0, 8;
    %delay 1, 0;
    %vpi_call/w 3 11 "$display", "RESULT prediction=%0d expected=0", v0x621f82fc6e80_0 {0 0 0};
    %load/vec4 v0x621f82fc6e80_0;
    %cmpi/ne 0, 0, 1;
    %jmp/0xz  T_1.0, 6;
    %vpi_call/w 3 12 "$error", "Prediction mismatch" {0 0 0};
T_1.0 ;
    %vpi_call/w 3 13 "$finish" {0 0 0};
    %end;
    .thread T_1;
# The file index is used to find the file name in the following table.
:file_names 5;
    "N/A";
    "<interactive>";
    "-";
    "/app/generated/logistic_tb.sv";
    "/app/generated/logistic_inference.sv";
