#! /usr/bin/vvp
:ivl_version "12.0 (stable)";
:ivl_delay_selection "TYPICAL";
:vpi_time_precision + 0;
:vpi_module "/usr/lib/x86_64-linux-gnu/ivl/system.vpi";
:vpi_module "/usr/lib/x86_64-linux-gnu/ivl/vhdl_sys.vpi";
:vpi_module "/usr/lib/x86_64-linux-gnu/ivl/vhdl_textio.vpi";
:vpi_module "/usr/lib/x86_64-linux-gnu/ivl/v2005_math.vpi";
:vpi_module "/usr/lib/x86_64-linux-gnu/ivl/va_math.vpi";
:vpi_module "/usr/lib/x86_64-linux-gnu/ivl/v2009.vpi";
S_0x64f98ae34170 .scope package, "$unit" "$unit" 2 1;
 .timescale 0 0;
S_0x64f98ae34300 .scope module, "tb" "tb" 3 1;
 .timescale 0 0;
v0x64f98ae4f330_0 .net "prediction", 0 0, v0x64f98ae4ee50_0;  1 drivers
v0x64f98ae4f3f0_0 .var/s "x0", 7 0;
v0x64f98ae4f4c0_0 .var/s "x1", 7 0;
v0x64f98ae4f5c0_0 .var/s "x2", 7 0;
v0x64f98ae4f690_0 .var/s "x3", 7 0;
S_0x64f98adef610 .scope module, "dut" "mlp_inference" 3 4, 4 3 0, S_0x64f98ae34300;
 .timescale 0 0;
    .port_info 0 /INPUT 8 "x0";
    .port_info 1 /INPUT 8 "x1";
    .port_info 2 /INPUT 8 "x2";
    .port_info 3 /INPUT 8 "x3";
    .port_info 4 /OUTPUT 1 "prediction";
v0x64f98adef7a0_0 .var/s "h0", 31 0;
v0x64f98ae4e3a0_0 .var/s "h0_acc", 31 0;
v0x64f98ae4e480_0 .var/s "h1", 31 0;
v0x64f98ae4e540_0 .var/s "h1_acc", 31 0;
v0x64f98ae4e620_0 .var/s "h2", 31 0;
v0x64f98ae4e750_0 .var/s "h2_acc", 31 0;
v0x64f98ae4e830_0 .var/s "h3", 31 0;
v0x64f98ae4e910_0 .var/s "h3_acc", 31 0;
v0x64f98ae4e9f0_0 .var/s "h4", 31 0;
v0x64f98ae4ead0_0 .var/s "h4_acc", 31 0;
v0x64f98ae4ebb0_0 .var/s "h5", 31 0;
v0x64f98ae4ec90_0 .var/s "h5_acc", 31 0;
v0x64f98ae4ed70_0 .var/s "out_score", 31 0;
v0x64f98ae4ee50_0 .var "prediction", 0 0;
v0x64f98ae4ef10_0 .net/s "x0", 7 0, v0x64f98ae4f3f0_0;  1 drivers
v0x64f98ae4eff0_0 .net/s "x1", 7 0, v0x64f98ae4f4c0_0;  1 drivers
v0x64f98ae4f0d0_0 .net/s "x2", 7 0, v0x64f98ae4f5c0_0;  1 drivers
v0x64f98ae4f1b0_0 .net/s "x3", 7 0, v0x64f98ae4f690_0;  1 drivers
E_0x64f98ae2b810 .event anyedge, v0x64f98ae4ef10_0, v0x64f98ae4eff0_0, v0x64f98ae4f0d0_0, v0x64f98ae4f1b0_0;
    .scope S_0x64f98adef610;
T_0 ;
Ewait_0 .event/or E_0x64f98ae2b810, E_0x0;
    %wait Ewait_0;
    %load/vec4 v0x64f98ae4ef10_0;
    %pad/s 32;
    %muli 4294967275, 0, 32;
    %load/vec4 v0x64f98ae4eff0_0;
    %pad/s 32;
    %muli 38, 0, 32;
    %add;
    %load/vec4 v0x64f98ae4f0d0_0;
    %pad/s 32;
    %muli 21, 0, 32;
    %add;
    %load/vec4 v0x64f98ae4f1b0_0;
    %pad/s 32;
    %muli 20, 0, 32;
    %add;
    %addi 255, 0, 32;
    %store/vec4 v0x64f98ae4e3a0_0, 0, 32;
    %load/vec4 v0x64f98ae4e3a0_0;
    %cmpi/s 0, 0, 32;
    %flag_or 5, 4; GT is !LE
    %flag_inv 5;
    %flag_mov 8, 5;
    %jmp/0 T_0.0, 8;
    %load/vec4 v0x64f98ae4e3a0_0;
    %ix/load 4, 8, 0;
    %flag_set/imm 4, 0;
    %shiftr/s 4;
    %jmp/1 T_0.1, 8;
T_0.0 ; End of true expr.
    %pushi/vec4 0, 0, 32;
    %jmp/0 T_0.1, 8;
 ; End of false expr.
    %blend;
T_0.1;
    %store/vec4 v0x64f98adef7a0_0, 0, 32;
    %load/vec4 v0x64f98ae4ef10_0;
    %pad/s 32;
    %muli 90, 0, 32;
    %load/vec4 v0x64f98ae4eff0_0;
    %pad/s 32;
    %muli 4294967240, 0, 32;
    %add;
    %load/vec4 v0x64f98ae4f0d0_0;
    %pad/s 32;
    %muli 4294967247, 0, 32;
    %add;
    %load/vec4 v0x64f98ae4f1b0_0;
    %pad/s 32;
    %muli 4294967255, 0, 32;
    %add;
    %addi 483, 0, 32;
    %store/vec4 v0x64f98ae4e540_0, 0, 32;
    %load/vec4 v0x64f98ae4e540_0;
    %cmpi/s 0, 0, 32;
    %flag_or 5, 4; GT is !LE
    %flag_inv 5;
    %flag_mov 8, 5;
    %jmp/0 T_0.2, 8;
    %load/vec4 v0x64f98ae4e540_0;
    %ix/load 4, 8, 0;
    %flag_set/imm 4, 0;
    %shiftr/s 4;
    %jmp/1 T_0.3, 8;
T_0.2 ; End of true expr.
    %pushi/vec4 0, 0, 32;
    %jmp/0 T_0.3, 8;
 ; End of false expr.
    %blend;
T_0.3;
    %store/vec4 v0x64f98ae4e480_0, 0, 32;
    %load/vec4 v0x64f98ae4ef10_0;
    %pad/s 32;
    %muli 16, 0, 32;
    %load/vec4 v0x64f98ae4eff0_0;
    %pad/s 32;
    %muli 4294967290, 0, 32;
    %add;
    %load/vec4 v0x64f98ae4f0d0_0;
    %pad/s 32;
    %muli 4294967292, 0, 32;
    %add;
    %load/vec4 v0x64f98ae4f1b0_0;
    %pad/s 32;
    %muli 4294967292, 0, 32;
    %add;
    %addi 243, 0, 32;
    %store/vec4 v0x64f98ae4e750_0, 0, 32;
    %load/vec4 v0x64f98ae4e750_0;
    %cmpi/s 0, 0, 32;
    %flag_or 5, 4; GT is !LE
    %flag_inv 5;
    %flag_mov 8, 5;
    %jmp/0 T_0.4, 8;
    %load/vec4 v0x64f98ae4e750_0;
    %ix/load 4, 8, 0;
    %flag_set/imm 4, 0;
    %shiftr/s 4;
    %jmp/1 T_0.5, 8;
T_0.4 ; End of true expr.
    %pushi/vec4 0, 0, 32;
    %jmp/0 T_0.5, 8;
 ; End of false expr.
    %blend;
T_0.5;
    %store/vec4 v0x64f98ae4e620_0, 0, 32;
    %load/vec4 v0x64f98ae4ef10_0;
    %pad/s 32;
    %muli 88, 0, 32;
    %load/vec4 v0x64f98ae4eff0_0;
    %pad/s 32;
    %muli 4294967274, 0, 32;
    %add;
    %load/vec4 v0x64f98ae4f0d0_0;
    %pad/s 32;
    %muli 4294967293, 0, 32;
    %add;
    %load/vec4 v0x64f98ae4f1b0_0;
    %pad/s 32;
    %muli 4294967290, 0, 32;
    %add;
    %addi 1500, 0, 32;
    %store/vec4 v0x64f98ae4e910_0, 0, 32;
    %load/vec4 v0x64f98ae4e910_0;
    %cmpi/s 0, 0, 32;
    %flag_or 5, 4; GT is !LE
    %flag_inv 5;
    %flag_mov 8, 5;
    %jmp/0 T_0.6, 8;
    %load/vec4 v0x64f98ae4e910_0;
    %ix/load 4, 8, 0;
    %flag_set/imm 4, 0;
    %shiftr/s 4;
    %jmp/1 T_0.7, 8;
T_0.6 ; End of true expr.
    %pushi/vec4 0, 0, 32;
    %jmp/0 T_0.7, 8;
 ; End of false expr.
    %blend;
T_0.7;
    %store/vec4 v0x64f98ae4e830_0, 0, 32;
    %load/vec4 v0x64f98ae4ef10_0;
    %pad/s 32;
    %muli 88, 0, 32;
    %load/vec4 v0x64f98ae4eff0_0;
    %pad/s 32;
    %muli 4294967279, 0, 32;
    %add;
    %load/vec4 v0x64f98ae4f0d0_0;
    %pad/s 32;
    %muli 4294967260, 0, 32;
    %add;
    %load/vec4 v0x64f98ae4f1b0_0;
    %pad/s 32;
    %muli 4294967274, 0, 32;
    %add;
    %addi 1026, 0, 32;
    %store/vec4 v0x64f98ae4ead0_0, 0, 32;
    %load/vec4 v0x64f98ae4ead0_0;
    %cmpi/s 0, 0, 32;
    %flag_or 5, 4; GT is !LE
    %flag_inv 5;
    %flag_mov 8, 5;
    %jmp/0 T_0.8, 8;
    %load/vec4 v0x64f98ae4ead0_0;
    %ix/load 4, 8, 0;
    %flag_set/imm 4, 0;
    %shiftr/s 4;
    %jmp/1 T_0.9, 8;
T_0.8 ; End of true expr.
    %pushi/vec4 0, 0, 32;
    %jmp/0 T_0.9, 8;
 ; End of false expr.
    %blend;
T_0.9;
    %store/vec4 v0x64f98ae4e9f0_0, 0, 32;
    %load/vec4 v0x64f98ae4ef10_0;
    %pad/s 32;
    %muli 4294967270, 0, 32;
    %load/vec4 v0x64f98ae4eff0_0;
    %pad/s 32;
    %muli 16, 0, 32;
    %add;
    %load/vec4 v0x64f98ae4f0d0_0;
    %pad/s 32;
    %muli 40, 0, 32;
    %add;
    %load/vec4 v0x64f98ae4f1b0_0;
    %pad/s 32;
    %muli 4294967251, 0, 32;
    %add;
    %addi 503, 0, 32;
    %store/vec4 v0x64f98ae4ec90_0, 0, 32;
    %load/vec4 v0x64f98ae4ec90_0;
    %cmpi/s 0, 0, 32;
    %flag_or 5, 4; GT is !LE
    %flag_inv 5;
    %flag_mov 8, 5;
    %jmp/0 T_0.10, 8;
    %load/vec4 v0x64f98ae4ec90_0;
    %ix/load 4, 8, 0;
    %flag_set/imm 4, 0;
    %shiftr/s 4;
    %jmp/1 T_0.11, 8;
T_0.10 ; End of true expr.
    %pushi/vec4 0, 0, 32;
    %jmp/0 T_0.11, 8;
 ; End of false expr.
    %blend;
T_0.11;
    %store/vec4 v0x64f98ae4ebb0_0, 0, 32;
    %load/vec4 v0x64f98adef7a0_0;
    %muli 4294967277, 0, 32;
    %load/vec4 v0x64f98ae4e480_0;
    %muli 4294967265, 0, 32;
    %add;
    %load/vec4 v0x64f98ae4e620_0;
    %muli 4294967279, 0, 32;
    %add;
    %load/vec4 v0x64f98ae4e830_0;
    %muli 4294967228, 0, 32;
    %add;
    %load/vec4 v0x64f98ae4e9f0_0;
    %muli 4294967248, 0, 32;
    %add;
    %load/vec4 v0x64f98ae4ebb0_0;
    %muli 90, 0, 32;
    %add;
    %addi 452, 0, 32;
    %store/vec4 v0x64f98ae4ed70_0, 0, 32;
    %pushi/vec4 0, 0, 32;
    %load/vec4 v0x64f98ae4ed70_0;
    %cmp/s;
    %flag_get/vec4 4;
    %flag_get/vec4 5;
    %or;
    %store/vec4 v0x64f98ae4ee50_0, 0, 1;
    %jmp T_0;
    .thread T_0, $push;
    .scope S_0x64f98ae34300;
T_1 ;
    %pushi/vec4 9, 0, 8;
    %store/vec4 v0x64f98ae4f3f0_0, 0, 8;
    %pushi/vec4 194, 0, 8;
    %store/vec4 v0x64f98ae4f4c0_0, 0, 8;
    %pushi/vec4 238, 0, 8;
    %store/vec4 v0x64f98ae4f5c0_0, 0, 8;
    %pushi/vec4 57, 0, 8;
    %store/vec4 v0x64f98ae4f690_0, 0, 8;
    %delay 1, 0;
    %vpi_call/w 3 11 "$display", "RESULT prediction=%0d expected=0", v0x64f98ae4f330_0 {0 0 0};
    %load/vec4 v0x64f98ae4f330_0;
    %cmpi/ne 0, 0, 1;
    %jmp/0xz  T_1.0, 6;
    %vpi_call/w 3 12 "$error", "Prediction mismatch" {0 0 0};
T_1.0 ;
    %vpi_call/w 3 13 "$finish" {0 0 0};
    %end;
    .thread T_1;
# The file index is used to find the file name in the following table.
:file_names 5;
    "N/A";
    "<interactive>";
    "-";
    "/app/generated/mlp_tb.sv";
    "/app/generated/mlp_inference.sv";
