#! /usr/bin/vvp
:ivl_version "12.0 (stable)";
:ivl_delay_selection "TYPICAL";
:vpi_time_precision + 0;
:vpi_module "/usr/lib/x86_64-linux-gnu/ivl/system.vpi";
:vpi_module "/usr/lib/x86_64-linux-gnu/ivl/vhdl_sys.vpi";
:vpi_module "/usr/lib/x86_64-linux-gnu/ivl/vhdl_textio.vpi";
:vpi_module "/usr/lib/x86_64-linux-gnu/ivl/v2005_math.vpi";
:vpi_module "/usr/lib/x86_64-linux-gnu/ivl/va_math.vpi";
:vpi_module "/usr/lib/x86_64-linux-gnu/ivl/v2009.vpi";
S_0x5d9f7e6a0230 .scope package, "$unit" "$unit" 2 1;
 .timescale 0 0;
S_0x5d9f7e6a03c0 .scope module, "tb" "tb" 3 1;
 .timescale 0 0;
v0x5d9f7e6bbf90_0 .net "prediction", 0 0, v0x5d9f7e65a860_0;  1 drivers
v0x5d9f7e6bc050_0 .var/s "x0", 7 0;
v0x5d9f7e6bc120_0 .var/s "x1", 7 0;
v0x5d9f7e6bc220_0 .var/s "x2", 7 0;
v0x5d9f7e6bc2f0_0 .var/s "x3", 7 0;
S_0x5d9f7e65a5e0 .scope module, "dut" "random_forest_inference" 3 4, 4 3 0, S_0x5d9f7e6a03c0;
 .timescale 0 0;
    .port_info 0 /INPUT 8 "x0";
    .port_info 1 /INPUT 8 "x1";
    .port_info 2 /INPUT 8 "x2";
    .port_info 3 /INPUT 8 "x3";
    .port_info 4 /OUTPUT 1 "prediction";
v0x5d9f7e65a860_0 .var "prediction", 0 0;
v0x5d9f7e6bb670_0 .var "vote0", 0 0;
v0x5d9f7e6bb730_0 .var "vote1", 0 0;
v0x5d9f7e6bb800_0 .var "vote2", 0 0;
v0x5d9f7e6bb8c0_0 .var "vote3", 0 0;
v0x5d9f7e6bb9d0_0 .var "vote4", 0 0;
v0x5d9f7e6bba90_0 .var/i "votes_for_1", 31 0;
v0x5d9f7e6bbb70_0 .net/s "x0", 7 0, v0x5d9f7e6bc050_0;  1 drivers
v0x5d9f7e6bbc50_0 .net/s "x1", 7 0, v0x5d9f7e6bc120_0;  1 drivers
v0x5d9f7e6bbd30_0 .net/s "x2", 7 0, v0x5d9f7e6bc220_0;  1 drivers
v0x5d9f7e6bbe10_0 .net/s "x3", 7 0, v0x5d9f7e6bc2f0_0;  1 drivers
E_0x5d9f7e6944b0/0 .event anyedge, v0x5d9f7e6bb670_0, v0x5d9f7e6bb730_0, v0x5d9f7e6bb800_0, v0x5d9f7e6bb8c0_0;
E_0x5d9f7e6944b0/1 .event anyedge, v0x5d9f7e6bb9d0_0;
E_0x5d9f7e6944b0 .event/or E_0x5d9f7e6944b0/0, E_0x5d9f7e6944b0/1;
E_0x5d9f7e69f5b0 .event anyedge, v0x5d9f7e6bbd30_0, v0x5d9f7e6bbe10_0, v0x5d9f7e6bbc50_0, v0x5d9f7e6bbb70_0;
E_0x5d9f7e65ae70 .event anyedge, v0x5d9f7e6bbc50_0, v0x5d9f7e6bbe10_0, v0x5d9f7e6bbd30_0;
E_0x5d9f7e693560 .event anyedge, v0x5d9f7e6bbb70_0, v0x5d9f7e6bbe10_0, v0x5d9f7e6bbc50_0, v0x5d9f7e6bbd30_0;
E_0x5d9f7e6937f0 .event anyedge, v0x5d9f7e6bbb70_0, v0x5d9f7e6bbd30_0, v0x5d9f7e6bbc50_0, v0x5d9f7e6bbe10_0;
E_0x5d9f7e67e210 .event anyedge, v0x5d9f7e6bbb70_0, v0x5d9f7e6bbc50_0, v0x5d9f7e6bbe10_0, v0x5d9f7e6bbd30_0;
    .scope S_0x5d9f7e65a5e0;
T_0 ;
Ewait_0 .event/or E_0x5d9f7e67e210, E_0x0;
    %wait Ewait_0;
    %load/vec4 v0x5d9f7e6bbb70_0;
    %cmpi/s 254, 0, 8;
    %flag_or 5, 4;
    %flag_mov 8, 5;
    %jmp/0 T_0.0, 8;
    %load/vec4 v0x5d9f7e6bbb70_0;
    %cmpi/s 245, 0, 8;
    %flag_or 5, 4;
    %flag_mov 9, 5;
    %jmp/0 T_0.2, 9;
    %load/vec4 v0x5d9f7e6bbc50_0;
    %cmpi/s 45, 0, 8;
    %flag_or 5, 4;
    %flag_mov 10, 5;
    %jmp/0 T_0.4, 10;
    %load/vec4 v0x5d9f7e6bbb70_0;
    %cmpi/s 236, 0, 8;
    %flag_or 5, 4;
    %flag_mov 11, 5;
    %jmp/0 T_0.6, 11;
    %pushi/vec4 1, 0, 1;
    %jmp/1 T_0.7, 11;
T_0.6 ; End of true expr.
    %pushi/vec4 1, 0, 1;
    %jmp/0 T_0.7, 11;
 ; End of false expr.
    %blend;
T_0.7;
    %jmp/1 T_0.5, 10;
T_0.4 ; End of true expr.
    %pushi/vec4 1, 0, 1;
    %jmp/0 T_0.5, 10;
 ; End of false expr.
    %blend;
T_0.5;
    %jmp/1 T_0.3, 9;
T_0.2 ; End of true expr.
    %load/vec4 v0x5d9f7e6bbe10_0;
    %cmpi/s 242, 0, 8;
    %flag_or 5, 4;
    %flag_mov 10, 5;
    %jmp/0 T_0.8, 10;
    %load/vec4 v0x5d9f7e6bbd30_0;
    %cmpi/s 38, 0, 8;
    %flag_or 5, 4;
    %flag_mov 11, 5;
    %jmp/0 T_0.10, 11;
    %pushi/vec4 1, 0, 1;
    %jmp/1 T_0.11, 11;
T_0.10 ; End of true expr.
    %pushi/vec4 1, 0, 1;
    %jmp/0 T_0.11, 11;
 ; End of false expr.
    %blend;
T_0.11;
    %jmp/1 T_0.9, 10;
T_0.8 ; End of true expr.
    %load/vec4 v0x5d9f7e6bbc50_0;
    %cmpi/s 245, 0, 8;
    %flag_or 5, 4;
    %flag_mov 11, 5;
    %jmp/0 T_0.12, 11;
    %pushi/vec4 0, 0, 1;
    %jmp/1 T_0.13, 11;
T_0.12 ; End of true expr.
    %pushi/vec4 0, 0, 1;
    %jmp/0 T_0.13, 11;
 ; End of false expr.
    %blend;
T_0.13;
    %jmp/0 T_0.9, 10;
 ; End of false expr.
    %blend;
T_0.9;
    %jmp/0 T_0.3, 9;
 ; End of false expr.
    %blend;
T_0.3;
    %jmp/1 T_0.1, 8;
T_0.0 ; End of true expr.
    %load/vec4 v0x5d9f7e6bbd30_0;
    %cmpi/s 17, 0, 8;
    %flag_or 5, 4;
    %flag_mov 9, 5;
    %jmp/0 T_0.14, 9;
    %load/vec4 v0x5d9f7e6bbc50_0;
    %cmpi/s 218, 0, 8;
    %flag_or 5, 4;
    %flag_mov 10, 5;
    %jmp/0 T_0.16, 10;
    %load/vec4 v0x5d9f7e6bbc50_0;
    %cmpi/s 216, 0, 8;
    %flag_or 5, 4;
    %flag_mov 11, 5;
    %jmp/0 T_0.18, 11;
    %pushi/vec4 0, 0, 1;
    %jmp/1 T_0.19, 11;
T_0.18 ; End of true expr.
    %pushi/vec4 0, 0, 1;
    %jmp/0 T_0.19, 11;
 ; End of false expr.
    %blend;
T_0.19;
    %jmp/1 T_0.17, 10;
T_0.16 ; End of true expr.
    %pushi/vec4 0, 0, 1;
    %jmp/0 T_0.17, 10;
 ; End of false expr.
    %blend;
T_0.17;
    %jmp/1 T_0.15, 9;
T_0.14 ; End of true expr.
    %pushi/vec4 1, 0, 1;
    %jmp/0 T_0.15, 9;
 ; End of false expr.
    %blend;
T_0.15;
    %jmp/0 T_0.1, 8;
 ; End of false expr.
    %blend;
T_0.1;
    %store/vec4 v0x5d9f7e6bb670_0, 0, 1;
    %jmp T_0;
    .thread T_0, $push;
    .scope S_0x5d9f7e65a5e0;
T_1 ;
Ewait_1 .event/or E_0x5d9f7e6937f0, E_0x0;
    %wait Ewait_1;
    %load/vec4 v0x5d9f7e6bbb70_0;
    %cmpi/s 254, 0, 8;
    %flag_or 5, 4;
    %flag_mov 8, 5;
    %jmp/0 T_1.0, 8;
    %load/vec4 v0x5d9f7e6bbd30_0;
    %cmpi/s 251, 0, 8;
    %flag_or 5, 4;
    %flag_mov 9, 5;
    %jmp/0 T_1.2, 9;
    %load/vec4 v0x5d9f7e6bbc50_0;
    %cmpi/s 241, 0, 8;
    %flag_or 5, 4;
    %flag_mov 10, 5;
    %jmp/0 T_1.4, 10;
    %load/vec4 v0x5d9f7e6bbe10_0;
    %cmpi/s 11, 0, 8;
    %flag_or 5, 4;
    %flag_mov 11, 5;
    %jmp/0 T_1.6, 11;
    %pushi/vec4 1, 0, 1;
    %jmp/1 T_1.7, 11;
T_1.6 ; End of true expr.
    %pushi/vec4 1, 0, 1;
    %jmp/0 T_1.7, 11;
 ; End of false expr.
    %blend;
T_1.7;
    %jmp/1 T_1.5, 10;
T_1.4 ; End of true expr.
    %load/vec4 v0x5d9f7e6bbb70_0;
    %cmpi/s 243, 0, 8;
    %flag_or 5, 4;
    %flag_mov 11, 5;
    %jmp/0 T_1.8, 11;
    %pushi/vec4 1, 0, 1;
    %jmp/1 T_1.9, 11;
T_1.8 ; End of true expr.
    %pushi/vec4 0, 0, 1;
    %jmp/0 T_1.9, 11;
 ; End of false expr.
    %blend;
T_1.9;
    %jmp/0 T_1.5, 10;
 ; End of false expr.
    %blend;
T_1.5;
    %jmp/1 T_1.3, 9;
T_1.2 ; End of true expr.
    %load/vec4 v0x5d9f7e6bbc50_0;
    %cmpi/s 212, 0, 8;
    %flag_or 5, 4;
    %flag_mov 10, 5;
    %jmp/0 T_1.10, 10;
    %pushi/vec4 1, 0, 1;
    %jmp/1 T_1.11, 10;
T_1.10 ; End of true expr.
    %pushi/vec4 1, 0, 1;
    %jmp/0 T_1.11, 10;
 ; End of false expr.
    %blend;
T_1.11;
    %jmp/0 T_1.3, 9;
 ; End of false expr.
    %blend;
T_1.3;
    %jmp/1 T_1.1, 8;
T_1.0 ; End of true expr.
    %load/vec4 v0x5d9f7e6bbc50_0;
    %cmpi/s 29, 0, 8;
    %flag_or 5, 4;
    %flag_mov 9, 5;
    %jmp/0 T_1.12, 9;
    %load/vec4 v0x5d9f7e6bbd30_0;
    %cmpi/s 252, 0, 8;
    %flag_or 5, 4;
    %flag_mov 10, 5;
    %jmp/0 T_1.14, 10;
    %load/vec4 v0x5d9f7e6bbc50_0;
    %cmpi/s 219, 0, 8;
    %flag_or 5, 4;
    %flag_mov 11, 5;
    %jmp/0 T_1.16, 11;
    %pushi/vec4 0, 0, 1;
    %jmp/1 T_1.17, 11;
T_1.16 ; End of true expr.
    %pushi/vec4 0, 0, 1;
    %jmp/0 T_1.17, 11;
 ; End of false expr.
    %blend;
T_1.17;
    %jmp/1 T_1.15, 10;
T_1.14 ; End of true expr.
    %load/vec4 v0x5d9f7e6bbd30_0;
    %cmpi/s 3, 0, 8;
    %flag_or 5, 4;
    %flag_mov 11, 5;
    %jmp/0 T_1.18, 11;
    %pushi/vec4 0, 0, 1;
    %jmp/1 T_1.19, 11;
T_1.18 ; End of true expr.
    %pushi/vec4 0, 0, 1;
    %jmp/0 T_1.19, 11;
 ; End of false expr.
    %blend;
T_1.19;
    %jmp/0 T_1.15, 10;
 ; End of false expr.
    %blend;
T_1.15;
    %jmp/1 T_1.13, 9;
T_1.12 ; End of true expr.
    %pushi/vec4 1, 0, 1;
    %jmp/0 T_1.13, 9;
 ; End of false expr.
    %blend;
T_1.13;
    %jmp/0 T_1.1, 8;
 ; End of false expr.
    %blend;
T_1.1;
    %store/vec4 v0x5d9f7e6bb730_0, 0, 1;
    %jmp T_1;
    .thread T_1, $push;
    .scope S_0x5d9f7e65a5e0;
T_2 ;
Ewait_2 .event/or E_0x5d9f7e693560, E_0x0;
    %wait Ewait_2;
    %load/vec4 v0x5d9f7e6bbb70_0;
    %cmpi/s 255, 0, 8;
    %flag_or 5, 4;
    %flag_mov 8, 5;
    %jmp/0 T_2.0, 8;
    %load/vec4 v0x5d9f7e6bbe10_0;
    %cmpi/s 242, 0, 8;
    %flag_or 5, 4;
    %flag_mov 9, 5;
    %jmp/0 T_2.2, 9;
    %load/vec4 v0x5d9f7e6bbc50_0;
    %cmpi/s 1, 0, 8;
    %flag_or 5, 4;
    %flag_mov 10, 5;
    %jmp/0 T_2.4, 10;
    %pushi/vec4 1, 0, 1;
    %jmp/1 T_2.5, 10;
T_2.4 ; End of true expr.
    %pushi/vec4 1, 0, 1;
    %jmp/0 T_2.5, 10;
 ; End of false expr.
    %blend;
T_2.5;
    %jmp/1 T_2.3, 9;
T_2.2 ; End of true expr.
    %load/vec4 v0x5d9f7e6bbc50_0;
    %cmpi/s 241, 0, 8;
    %flag_or 5, 4;
    %flag_mov 10, 5;
    %jmp/0 T_2.6, 10;
    %load/vec4 v0x5d9f7e6bbc50_0;
    %cmpi/s 232, 0, 8;
    %flag_or 5, 4;
    %flag_mov 11, 5;
    %jmp/0 T_2.8, 11;
    %pushi/vec4 1, 0, 1;
    %jmp/1 T_2.9, 11;
T_2.8 ; End of true expr.
    %pushi/vec4 1, 0, 1;
    %jmp/0 T_2.9, 11;
 ; End of false expr.
    %blend;
T_2.9;
    %jmp/1 T_2.7, 10;
T_2.6 ; End of true expr.
    %load/vec4 v0x5d9f7e6bbb70_0;
    %cmpi/s 244, 0, 8;
    %flag_or 5, 4;
    %flag_mov 11, 5;
    %jmp/0 T_2.10, 11;
    %pushi/vec4 1, 0, 1;
    %jmp/1 T_2.11, 11;
T_2.10 ; End of true expr.
    %pushi/vec4 0, 0, 1;
    %jmp/0 T_2.11, 11;
 ; End of false expr.
    %blend;
T_2.11;
    %jmp/0 T_2.7, 10;
 ; End of false expr.
    %blend;
T_2.7;
    %jmp/0 T_2.3, 9;
 ; End of false expr.
    %blend;
T_2.3;
    %jmp/1 T_2.1, 8;
T_2.0 ; End of true expr.
    %load/vec4 v0x5d9f7e6bbd30_0;
    %cmpi/s 19, 0, 8;
    %flag_or 5, 4;
    %flag_mov 9, 5;
    %jmp/0 T_2.12, 9;
    %load/vec4 v0x5d9f7e6bbb70_0;
    %cmpi/s 1, 0, 8;
    %flag_or 5, 4;
    %flag_mov 10, 5;
    %jmp/0 T_2.14, 10;
    %pushi/vec4 0, 0, 1;
    %jmp/1 T_2.15, 10;
T_2.14 ; End of true expr.
    %load/vec4 v0x5d9f7e6bbd30_0;
    %cmpi/s 252, 0, 8;
    %flag_or 5, 4;
    %flag_mov 11, 5;
    %jmp/0 T_2.16, 11;
    %pushi/vec4 0, 0, 1;
    %jmp/1 T_2.17, 11;
T_2.16 ; End of true expr.
    %pushi/vec4 0, 0, 1;
    %jmp/0 T_2.17, 11;
 ; End of false expr.
    %blend;
T_2.17;
    %jmp/0 T_2.15, 10;
 ; End of false expr.
    %blend;
T_2.15;
    %jmp/1 T_2.13, 9;
T_2.12 ; End of true expr.
    %pushi/vec4 1, 0, 1;
    %jmp/0 T_2.13, 9;
 ; End of false expr.
    %blend;
T_2.13;
    %jmp/0 T_2.1, 8;
 ; End of false expr.
    %blend;
T_2.1;
    %store/vec4 v0x5d9f7e6bb800_0, 0, 1;
    %jmp T_2;
    .thread T_2, $push;
    .scope S_0x5d9f7e65a5e0;
T_3 ;
Ewait_3 .event/or E_0x5d9f7e65ae70, E_0x0;
    %wait Ewait_3;
    %load/vec4 v0x5d9f7e6bbc50_0;
    %cmpi/s 4, 0, 8;
    %flag_or 5, 4;
    %flag_mov 8, 5;
    %jmp/0 T_3.0, 8;
    %load/vec4 v0x5d9f7e6bbe10_0;
    %cmpi/s 5, 0, 8;
    %flag_or 5, 4;
    %flag_mov 9, 5;
    %jmp/0 T_3.2, 9;
    %load/vec4 v0x5d9f7e6bbd30_0;
    %cmpi/s 252, 0, 8;
    %flag_or 5, 4;
    %flag_mov 10, 5;
    %jmp/0 T_3.4, 10;
    %load/vec4 v0x5d9f7e6bbc50_0;
    %cmpi/s 255, 0, 8;
    %flag_or 5, 4;
    %flag_mov 11, 5;
    %jmp/0 T_3.6, 11;
    %pushi/vec4 0, 0, 1;
    %jmp/1 T_3.7, 11;
T_3.6 ; End of true expr.
    %pushi/vec4 0, 0, 1;
    %jmp/0 T_3.7, 11;
 ; End of false expr.
    %blend;
T_3.7;
    %jmp/1 T_3.5, 10;
T_3.4 ; End of true expr.
    %load/vec4 v0x5d9f7e6bbc50_0;
    %cmpi/s 233, 0, 8;
    %flag_or 5, 4;
    %flag_mov 11, 5;
    %jmp/0 T_3.8, 11;
    %pushi/vec4 0, 0, 1;
    %jmp/1 T_3.9, 11;
T_3.8 ; End of true expr.
    %pushi/vec4 1, 0, 1;
    %jmp/0 T_3.9, 11;
 ; End of false expr.
    %blend;
T_3.9;
    %jmp/0 T_3.5, 10;
 ; End of false expr.
    %blend;
T_3.5;
    %jmp/1 T_3.3, 9;
T_3.2 ; End of true expr.
    %load/vec4 v0x5d9f7e6bbc50_0;
    %cmpi/s 196, 0, 8;
    %flag_or 5, 4;
    %flag_mov 10, 5;
    %jmp/0 T_3.10, 10;
    %load/vec4 v0x5d9f7e6bbe10_0;
    %cmpi/s 41, 0, 8;
    %flag_or 5, 4;
    %flag_mov 11, 5;
    %jmp/0 T_3.12, 11;
    %pushi/vec4 0, 0, 1;
    %jmp/1 T_3.13, 11;
T_3.12 ; End of true expr.
    %pushi/vec4 0, 0, 1;
    %jmp/0 T_3.13, 11;
 ; End of false expr.
    %blend;
T_3.13;
    %jmp/1 T_3.11, 10;
T_3.10 ; End of true expr.
    %load/vec4 v0x5d9f7e6bbe10_0;
    %cmpi/s 46, 0, 8;
    %flag_or 5, 4;
    %flag_mov 11, 5;
    %jmp/0 T_3.14, 11;
    %pushi/vec4 1, 0, 1;
    %jmp/1 T_3.15, 11;
T_3.14 ; End of true expr.
    %pushi/vec4 1, 0, 1;
    %jmp/0 T_3.15, 11;
 ; End of false expr.
    %blend;
T_3.15;
    %jmp/0 T_3.11, 10;
 ; End of false expr.
    %blend;
T_3.11;
    %jmp/0 T_3.3, 9;
 ; End of false expr.
    %blend;
T_3.3;
    %jmp/1 T_3.1, 8;
T_3.0 ; End of true expr.
    %load/vec4 v0x5d9f7e6bbd30_0;
    %cmpi/s 221, 0, 8;
    %flag_or 5, 4;
    %flag_mov 9, 5;
    %jmp/0 T_3.16, 9;
    %load/vec4 v0x5d9f7e6bbe10_0;
    %cmpi/s 19, 0, 8;
    %flag_or 5, 4;
    %flag_mov 10, 5;
    %jmp/0 T_3.18, 10;
    %pushi/vec4 0, 0, 1;
    %jmp/1 T_3.19, 10;
T_3.18 ; End of true expr.
    %pushi/vec4 0, 0, 1;
    %jmp/0 T_3.19, 10;
 ; End of false expr.
    %blend;
T_3.19;
    %jmp/1 T_3.17, 9;
T_3.16 ; End of true expr.
    %load/vec4 v0x5d9f7e6bbe10_0;
    %cmpi/s 255, 0, 8;
    %flag_or 5, 4;
    %flag_mov 10, 5;
    %jmp/0 T_3.20, 10;
    %pushi/vec4 1, 0, 1;
    %jmp/1 T_3.21, 10;
T_3.20 ; End of true expr.
    %pushi/vec4 1, 0, 1;
    %jmp/0 T_3.21, 10;
 ; End of false expr.
    %blend;
T_3.21;
    %jmp/0 T_3.17, 9;
 ; End of false expr.
    %blend;
T_3.17;
    %jmp/0 T_3.1, 8;
 ; End of false expr.
    %blend;
T_3.1;
    %store/vec4 v0x5d9f7e6bb8c0_0, 0, 1;
    %jmp T_3;
    .thread T_3, $push;
    .scope S_0x5d9f7e65a5e0;
T_4 ;
Ewait_4 .event/or E_0x5d9f7e69f5b0, E_0x0;
    %wait Ewait_4;
    %load/vec4 v0x5d9f7e6bbd30_0;
    %cmpi/s 5, 0, 8;
    %flag_or 5, 4;
    %flag_mov 8, 5;
    %jmp/0 T_4.0, 8;
    %load/vec4 v0x5d9f7e6bbe10_0;
    %cmpi/s 255, 0, 8;
    %flag_or 5, 4;
    %flag_mov 9, 5;
    %jmp/0 T_4.2, 9;
    %load/vec4 v0x5d9f7e6bbc50_0;
    %cmpi/s 1, 0, 8;
    %flag_or 5, 4;
    %flag_mov 10, 5;
    %jmp/0 T_4.4, 10;
    %load/vec4 v0x5d9f7e6bbe10_0;
    %cmpi/s 246, 0, 8;
    %flag_or 5, 4;
    %flag_mov 11, 5;
    %jmp/0 T_4.6, 11;
    %pushi/vec4 0, 0, 1;
    %jmp/1 T_4.7, 11;
T_4.6 ; End of true expr.
    %pushi/vec4 0, 0, 1;
    %jmp/0 T_4.7, 11;
 ; End of false expr.
    %blend;
T_4.7;
    %jmp/1 T_4.5, 10;
T_4.4 ; End of true expr.
    %load/vec4 v0x5d9f7e6bbd30_0;
    %cmpi/s 223, 0, 8;
    %flag_or 5, 4;
    %flag_mov 11, 5;
    %jmp/0 T_4.8, 11;
    %pushi/vec4 0, 0, 1;
    %jmp/1 T_4.9, 11;
T_4.8 ; End of true expr.
    %pushi/vec4 1, 0, 1;
    %jmp/0 T_4.9, 11;
 ; End of false expr.
    %blend;
T_4.9;
    %jmp/0 T_4.5, 10;
 ; End of false expr.
    %blend;
T_4.5;
    %jmp/1 T_4.3, 9;
T_4.2 ; End of true expr.
    %load/vec4 v0x5d9f7e6bbb70_0;
    %cmpi/s 243, 0, 8;
    %flag_or 5, 4;
    %flag_mov 10, 5;
    %jmp/0 T_4.10, 10;
    %load/vec4 v0x5d9f7e6bbd30_0;
    %cmpi/s 233, 0, 8;
    %flag_or 5, 4;
    %flag_mov 11, 5;
    %jmp/0 T_4.12, 11;
    %pushi/vec4 1, 0, 1;
    %jmp/1 T_4.13, 11;
T_4.12 ; End of true expr.
    %pushi/vec4 1, 0, 1;
    %jmp/0 T_4.13, 11;
 ; End of false expr.
    %blend;
T_4.13;
    %jmp/1 T_4.11, 10;
T_4.10 ; End of true expr.
    %load/vec4 v0x5d9f7e6bbb70_0;
    %cmpi/s 250, 0, 8;
    %flag_or 5, 4;
    %flag_mov 11, 5;
    %jmp/0 T_4.14, 11;
    %pushi/vec4 0, 0, 1;
    %jmp/1 T_4.15, 11;
T_4.14 ; End of true expr.
    %pushi/vec4 0, 0, 1;
    %jmp/0 T_4.15, 11;
 ; End of false expr.
    %blend;
T_4.15;
    %jmp/0 T_4.11, 10;
 ; End of false expr.
    %blend;
T_4.11;
    %jmp/0 T_4.3, 9;
 ; End of false expr.
    %blend;
T_4.3;
    %jmp/1 T_4.1, 8;
T_4.0 ; End of true expr.
    %load/vec4 v0x5d9f7e6bbe10_0;
    %cmpi/s 255, 0, 8;
    %flag_or 5, 4;
    %flag_mov 9, 5;
    %jmp/0 T_4.16, 9;
    %load/vec4 v0x5d9f7e6bbb70_0;
    %cmpi/s 255, 0, 8;
    %flag_or 5, 4;
    %flag_mov 10, 5;
    %jmp/0 T_4.18, 10;
    %pushi/vec4 1, 0, 1;
    %jmp/1 T_4.19, 10;
T_4.18 ; End of true expr.
    %pushi/vec4 1, 0, 1;
    %jmp/0 T_4.19, 10;
 ; End of false expr.
    %blend;
T_4.19;
    %jmp/1 T_4.17, 9;
T_4.16 ; End of true expr.
    %pushi/vec4 0, 0, 1;
    %jmp/0 T_4.17, 9;
 ; End of false expr.
    %blend;
T_4.17;
    %jmp/0 T_4.1, 8;
 ; End of false expr.
    %blend;
T_4.1;
    %store/vec4 v0x5d9f7e6bb9d0_0, 0, 1;
    %jmp T_4;
    .thread T_4, $push;
    .scope S_0x5d9f7e65a5e0;
T_5 ;
Ewait_5 .event/or E_0x5d9f7e6944b0, E_0x0;
    %wait Ewait_5;
    %load/vec4 v0x5d9f7e6bb670_0;
    %pad/u 32;
    %load/vec4 v0x5d9f7e6bb730_0;
    %pad/u 32;
    %add;
    %load/vec4 v0x5d9f7e6bb800_0;
    %pad/u 32;
    %add;
    %load/vec4 v0x5d9f7e6bb8c0_0;
    %pad/u 32;
    %add;
    %load/vec4 v0x5d9f7e6bb9d0_0;
    %pad/u 32;
    %add;
    %store/vec4 v0x5d9f7e6bba90_0, 0, 32;
    %pushi/vec4 3, 0, 32;
    %load/vec4 v0x5d9f7e6bba90_0;
    %cmp/s;
    %flag_get/vec4 4;
    %flag_get/vec4 5;
    %or;
    %store/vec4 v0x5d9f7e65a860_0, 0, 1;
    %jmp T_5;
    .thread T_5, $push;
    .scope S_0x5d9f7e6a03c0;
T_6 ;
    %pushi/vec4 9, 0, 8;
    %store/vec4 v0x5d9f7e6bc050_0, 0, 8;
    %pushi/vec4 194, 0, 8;
    %store/vec4 v0x5d9f7e6bc120_0, 0, 8;
    %pushi/vec4 238, 0, 8;
    %store/vec4 v0x5d9f7e6bc220_0, 0, 8;
    %pushi/vec4 57, 0, 8;
    %store/vec4 v0x5d9f7e6bc2f0_0, 0, 8;
    %delay 1, 0;
    %vpi_call/w 3 11 "$display", "RESULT prediction=%0d expected=0", v0x5d9f7e6bbf90_0 {0 0 0};
    %load/vec4 v0x5d9f7e6bbf90_0;
    %cmpi/ne 0, 0, 1;
    %jmp/0xz  T_6.0, 6;
    %vpi_call/w 3 12 "$error", "Prediction mismatch" {0 0 0};
T_6.0 ;
    %vpi_call/w 3 13 "$finish" {0 0 0};
    %end;
    .thread T_6;
# The file index is used to find the file name in the following table.
:file_names 5;
    "N/A";
    "<interactive>";
    "-";
    "/app/generated/random_forest_tb.sv";
    "/app/generated/random_forest_inference.sv";
